05/21/2026 12:49:34 INFO : Thread ID = 140030747933888:  mantas:   File = mantas.cc:  Line = 180:  
mantas: ============================================================
mantas: Starting job 102341 at Thu May 21 12:49:34 IST 2026
mantas: ============================================================
05/21/2026 12:49:34 INFO : Thread ID = 140030747933888:  mantas:   File = mantas.cc:  Line = 182:  mantas initialized
05/21/2026 12:49:34 DEBUG : Thread ID = 140030747933888:  mantas:   File = DBAccess.cc:  Line = 140:  Connecting to infodom: FCCMINFO
05/21/2026 12:49:35 DEBUG : Thread ID = 140030747933888:  mantas:   File = DBAccessAAI.cc:  Line = 140:  Connecting to infodom: FCCMINFO
05/21/2026 12:49:35 DEBUG : Thread ID = 140030747933888:  mantas:   File = DBAccessAAI.cc:  Line = 150:  Obtained config schema details for: fccmconfigon: demofsaa.jmrinfotechble.com
05/21/2026 12:49:35 DEBUG : Thread ID = 140030747933888:  mantas:   File = job.cc:  Line = 87:  SELECT a.ALGORITHM_NM, a.EXECUTABLE_NM, b.PARAM_SET_ID, b.CREAT_ID, b.THREAD_CT, b.CLONED_JOB_ID, b.DMN_CD, c.DESC_TX FROM fccmatomic.KDD_ALGORITHM a, fccmatomic.KDD_JOB b, fccmatomic.KDD_PARAM_SET c WHERE b.JOB_ID = 102341 AND b.STATUS_CD != 'IGN' AND b.PARAM_SET_ID = c.PARAM_SET_ID AND a.ALGORITHM_NM = c.ALGORITHM_NM
05/21/2026 12:49:35 DEBUG : Thread ID = 140030747933888:  mantas:   File = job.cc:  Line = 134:  SELECT a.PARAM_VALUE_TX FROM fccmatomic.KDD_PARAM_BINDING a WHERE a.PARAM_SET_ID = 123401 AND a.ALGORITHM_NM = 'Rule Matcher' AND a.PARAM_NM = 'np'
05/21/2026 12:49:35 INFO : Thread ID = 140030747933888:  mantas:   File = mantas.cc:  Line = 981:  Job description: ML-EarlyPOCreditProducts_(ML-EarlyPOCreditProducts)_AIIN
05/21/2026 12:49:35 DEBUG : Thread ID = 140030747933888:  mantas:   File = jobupdater.cc:  Line = 57:  UPDATE fccmatomic.KDD_JOB SET STATUS_CD = 'RUN' WHERE JOB_ID = 102341
05/21/2026 12:49:35 DEBUG : Thread ID = 140030747933888:  mantas:   File = jobupdater.cc:  Line = 95:  UPDATE fccmatomic.KDD_JOB SET START_TS = TO_DATE('21/05/2026 12:49:35 PM', 'DD/MM/YYYY HH:MI:SS AM') WHERE JOB_ID = 102341
05/21/2026 12:49:35 DEBUG : Thread ID = 140030747933888:  mantas:   File = TableBatchControl.cc:  Line = 38:  SELECT a.PRCSNG_BATCH_ID, a.PRCSNG_BATCH_NM, a.DATA_DUMP_DT FROM fccmatomic.KDD_PRCSNG_BATCH_CONTROL a
05/21/2026 12:49:35 DEBUG : Thread ID = 140030747933888:  mantas:   File = TableJob.cc:  Line = 53:  UPDATE fccmatomic.KDD_JOB SET PRCSNG_BATCH_ID = 17 WHERE JOB_ID = 102341
05/21/2026 12:49:35 INFO : Thread ID = 140030747933888:  mantas:   File = mantas.cc:  Line = 1004:  Current business date: 31/01/2016
05/21/2026 12:49:35 DEBUG : Thread ID = 140030747933888:  mantas:   File = job.cc:  Line = 189:  SELECT a.DATASET_ID FROM fccmatomic.KDD_JOB_DATASET a WHERE a.JOB_ID = 102341 ORDER BY a.ORDER_NB
05/21/2026 12:49:35 DEBUG : Thread ID = 140030747933888:  mantas:   File = job.cc:  Line = 239:  SELECT a.BINDING_NM, a.ATTR_NM, a.LOOP_FL, a.IGNORE_FL, a.MULTIPLE_RUN_FL, a.MULTIPLE_RUN_VALUE_TX FROM fccmatomic.KDD_JOB_DATASET_BINDING a WHERE a.JOB_ID = 102341 AND a.DATASET_ID = 115402710 ORDER BY a.ORDER_NB
05/21/2026 12:49:35 DEBUG : Thread ID = 140030747933888:  mantas:   File = job.cc:  Line = 239:  SELECT a.BINDING_NM, a.ATTR_NM, a.LOOP_FL, a.IGNORE_FL, a.MULTIPLE_RUN_FL, a.MULTIPLE_RUN_VALUE_TX FROM fccmatomic.KDD_JOB_DATASET_BINDING a WHERE a.JOB_ID = 102341 AND a.DATASET_ID = 114691404 ORDER BY a.ORDER_NB
05/21/2026 12:49:35 DEBUG : Thread ID = 140030747933888:  mantas:   File = job.cc:  Line = 559:  INSERT INTO fccmatomic.KDD_RUN (RUN_ID, JOB_ID, RUN_STATUS_CD) VALUES (23301, 102341 , 'NEW')
05/21/2026 12:49:35 INFO : Thread ID = 140030747933888:  mantas:   File = mantas.cc:  Line = 549:  Loading librule_matcher.so
05/21/2026 12:49:35 DEBUG : Thread ID = 140028871157504:  mantas:   File = runupdater.cc:  Line = 59:  UPDATE fccmatomic.KDD_RUN SET RUN_STATUS_CD = 'RUN' WHERE RUN_ID = 23301
05/21/2026 12:49:35 DEBUG : Thread ID = 140028871157504:  mantas:   File = runupdater.cc:  Line = 104:  UPDATE fccmatomic.KDD_RUN SET RUN_MSG_TX = :Msg WHERE RUN_ID = 23301
05/21/2026 12:49:35 DEBUG : Thread ID = 140028871157504:  mantas:   File = runupdater.cc:  Line = 142:  UPDATE fccmatomic.KDD_RUN SET RUN_MSG_TX = :Msg WHERE RUN_ID = 23301
05/21/2026 12:49:35 DEBUG : Thread ID = 140028871157504:  mantas:   File = runupdater.cc:  Line = 163:  UPDATE fccmatomic.KDD_RUN SET START_TS = TO_DATE('21/05/2026 12:49:35 PM', 'DD/MM/YYYY HH:MI:SS AM') WHERE RUN_ID = 23301
05/21/2026 12:49:35 DEBUG : Thread ID = 140028871157504:  mantas:   File = run.cc:  Line = 147:  SELECT a.JOB_ID FROM fccmatomic.KDD_RUN a WHERE a.RUN_ID = 23301
05/21/2026 12:49:35 DEBUG : Thread ID = 140028871157504:  mantas:   File = job.cc:  Line = 87:  SELECT a.ALGORITHM_NM, a.EXECUTABLE_NM, b.PARAM_SET_ID, b.CREAT_ID, b.THREAD_CT, b.CLONED_JOB_ID, b.DMN_CD, c.DESC_TX FROM fccmatomic.KDD_ALGORITHM a, fccmatomic.KDD_JOB b, fccmatomic.KDD_PARAM_SET c WHERE b.JOB_ID = 102341 AND b.STATUS_CD != 'IGN' AND b.PARAM_SET_ID = c.PARAM_SET_ID AND a.ALGORITHM_NM = c.ALGORITHM_NM
05/21/2026 12:49:35 DEBUG : Thread ID = 140028871157504:  mantas:   File = job.cc:  Line = 134:  SELECT a.PARAM_VALUE_TX FROM fccmatomic.KDD_PARAM_BINDING a WHERE a.PARAM_SET_ID = 123401 AND a.ALGORITHM_NM = 'Rule Matcher' AND a.PARAM_NM = 'np'
05/21/2026 12:49:35 DEBUG : Thread ID = 140028871157504:  mantas:   File = job.cc:  Line = 189:  SELECT a.DATASET_ID FROM fccmatomic.KDD_JOB_DATASET a WHERE a.JOB_ID = 102341 ORDER BY a.ORDER_NB
05/21/2026 12:49:35 DEBUG : Thread ID = 140028871157504:  mantas:   File = job.cc:  Line = 239:  SELECT a.BINDING_NM, a.ATTR_NM, a.LOOP_FL, a.IGNORE_FL, a.MULTIPLE_RUN_FL, a.MULTIPLE_RUN_VALUE_TX FROM fccmatomic.KDD_JOB_DATASET_BINDING a WHERE a.JOB_ID = 102341 AND a.DATASET_ID = 115402710 ORDER BY a.ORDER_NB
05/21/2026 12:49:35 DEBUG : Thread ID = 140028871157504:  mantas:   File = job.cc:  Line = 239:  SELECT a.BINDING_NM, a.ATTR_NM, a.LOOP_FL, a.IGNORE_FL, a.MULTIPLE_RUN_FL, a.MULTIPLE_RUN_VALUE_TX FROM fccmatomic.KDD_JOB_DATASET_BINDING a WHERE a.JOB_ID = 102341 AND a.DATASET_ID = 114691404 ORDER BY a.ORDER_NB
05/21/2026 12:49:35 DEBUG : Thread ID = 140028871157504:  mantas:   File = job.cc:  Line = 356:  SELECT a.BINDING_NM, a.BINDING_VALUE_TX, a.LOWER_BOUND, a.UPPER_BOUND FROM fccmatomic.KDD_RUN_DATASET_BINDING a WHERE a.RUN_ID = 23301 AND a.DATASET_ID = 115402710
05/21/2026 12:49:35 DEBUG : Thread ID = 140028871157504:  mantas:   File = job.cc:  Line = 356:  SELECT a.BINDING_NM, a.BINDING_VALUE_TX, a.LOWER_BOUND, a.UPPER_BOUND FROM fccmatomic.KDD_RUN_DATASET_BINDING a WHERE a.RUN_ID = 23301 AND a.DATASET_ID = 114691404
05/21/2026 12:49:35 DEBUG : Thread ID = 140028871157504:  mantas:   File = dbparameter.cc:  Line = 51:  SELECT ALGORITHM_NM FROM fccmatomic.KDD_PARAM_SET a WHERE PARAM_SET_ID = 123401
05/21/2026 12:49:35 DEBUG : Thread ID = 140028871157504:  mantas:   File = dbparameter.cc:  Line = 134:  SELECT a.PARAM_NM, a.PARAM_TYPE_CD, b.DEFAULT_VALUE_TX FROM fccmatomic.KDD_ALGORITHM_PARAM a, fccmatomic.KDD_PARAM_DEFAULT b WHERE a.ALGORITHM_NM = 'Rule Matcher' AND a.ALGORITHM_NM = b.ALGORITHM_NM AND a.PARAM_NM = b.PARAM_NM
05/21/2026 12:49:35 DEBUG : Thread ID = 140028871157504:  mantas:   File = dbparameter.cc:  Line = 134:  SELECT a.PARAM_NM, a.PARAM_TYPE_CD, b.PARAM_VALUE_TX FROM fccmatomic.KDD_ALGORITHM_PARAM a, fccmatomic.KDD_PARAM_BINDING b WHERE b.PARAM_SET_ID = 123401 AND a.PARAM_NM = b.PARAM_NM AND a.ALGORITHM_NM = b.ALGORITHM_NM
05/21/2026 12:49:35 DEBUG : Thread ID = 140028871157504:  Rule Matcher:   File = TablePattern.cc:  Line = 94:  SELECT a.DEACT_TS, a.PTTRN_TYPE_CD FROM fccmatomic.KDD_PTTRN a WHERE a.PTTRN_ID = 115400027
05/21/2026 12:49:35 DEBUG : Thread ID = 140028871157504:  Rule Matcher:   File = TablePattern.cc:  Line = 63:  SELECT a.SCNRO_ID FROM fccmatomic.KDD_PTTRN a WHERE a.PTTRN_ID = 115400027
05/21/2026 12:49:35 DEBUG : Thread ID = 140028871157504:  Rule Matcher:   File = runupdater.cc:  Line = 104:  UPDATE fccmatomic.KDD_RUN SET RUN_MSG_TX = :Msg WHERE RUN_ID = 23301
05/21/2026 12:49:35 DEBUG : Thread ID = 140028871157504:  Rule Matcher:   File = runupdater.cc:  Line = 142:  UPDATE fccmatomic.KDD_RUN SET RUN_MSG_TX = :Msg WHERE RUN_ID = 23301
05/21/2026 12:49:35 DEBUG : Thread ID = 140028871157504:  Rule Matcher:   File = TablePatternDataset.cc:  Line = 35:  SELECT a.DATASET_ID FROM fccmatomic.KDD_PTTRN_DATASET a WHERE a.PTTRN_ID = 115400027 ORDER BY a.ORDER_NB
05/21/2026 12:49:35 DEBUG : Thread ID = 140028871157504:  Rule Matcher:   File = dsbuilder.cc:  Line = 66:  SELECT a.REALIZED_NM, a.DATASET_NM, a.PRNT_DATASET_ID FROM fccmatomic.KDD_DATASET a WHERE a.DATASET_ID = 115402710
05/21/2026 12:49:35 DEBUG : Thread ID = 140028871157504:  Rule Matcher:   File = dsbuilder.cc:  Line = 151:  SELECT a.ATTR_ID, UPPER(a.ATTR_NM) , a.TYPE_CD, a.ORDER_FL, a.DISCRETE_FL, b.KEY_FL, b.NAME_FL FROM fccmatomic.KDD_ATTR a, fccmatomic.KDD_DATASET_ATTR b WHERE b.DATASET_ID = 115402710 AND a.ATTR_ID = b.ATTR_ID
05/21/2026 12:49:35 DEBUG : Thread ID = 140028871157504:  Rule Matcher:   File = dsbuilder.cc:  Line = 248:  SELECT a.TAG_NM, a.TAG_VALUE_TX FROM fccmatomic.KDD_ATTR_TAG a WHERE a.ATTR_ID = 113001001
05/21/2026 12:49:35 DEBUG : Thread ID = 140028871157504:  Rule Matcher:   File = dsbuilder.cc:  Line = 248:  SELECT a.TAG_NM, a.TAG_VALUE_TX FROM fccmatomic.KDD_ATTR_TAG a WHERE a.ATTR_ID = 113001003
05/21/2026 12:49:35 DEBUG : Thread ID = 140028871157504:  Rule Matcher:   File = dsbuilder.cc:  Line = 248:  SELECT a.TAG_NM, a.TAG_VALUE_TX FROM fccmatomic.KDD_ATTR_TAG a WHERE a.ATTR_ID = 114697874
05/21/2026 12:49:35 DEBUG : Thread ID = 140028871157504:  Rule Matcher:   File = dsbuilder.cc:  Line = 248:  SELECT a.TAG_NM, a.TAG_VALUE_TX FROM fccmatomic.KDD_ATTR_TAG a WHERE a.ATTR_ID = 114697875
05/21/2026 12:49:35 DEBUG : Thread ID = 140028871157504:  Rule Matcher:   File = dsbuilder.cc:  Line = 248:  SELECT a.TAG_NM, a.TAG_VALUE_TX FROM fccmatomic.KDD_ATTR_TAG a WHERE a.ATTR_ID = 114697876
05/21/2026 12:49:35 DEBUG : Thread ID = 140028871157504:  Rule Matcher:   File = dsbuilder.cc:  Line = 248:  SELECT a.TAG_NM, a.TAG_VALUE_TX FROM fccmatomic.KDD_ATTR_TAG a WHERE a.ATTR_ID = 114697877
05/21/2026 12:49:35 DEBUG : Thread ID = 140028871157504:  Rule Matcher:   File = dsbuilder.cc:  Line = 248:  SELECT a.TAG_NM, a.TAG_VALUE_TX FROM fccmatomic.KDD_ATTR_TAG a WHERE a.ATTR_ID = 114697878
05/21/2026 12:49:35 DEBUG : Thread ID = 140028871157504:  Rule Matcher:   File = dsbuilder.cc:  Line = 248:  SELECT a.TAG_NM, a.TAG_VALUE_TX FROM fccmatomic.KDD_ATTR_TAG a WHERE a.ATTR_ID = 114697879
05/21/2026 12:49:35 DEBUG : Thread ID = 140028871157504:  Rule Matcher:   File = dsbuilder.cc:  Line = 248:  SELECT a.TAG_NM, a.TAG_VALUE_TX FROM fccmatomic.KDD_ATTR_TAG a WHERE a.ATTR_ID = 114697883
05/21/2026 12:49:35 DEBUG : Thread ID = 140028871157504:  Rule Matcher:   File = dsbuilder.cc:  Line = 248:  SELECT a.TAG_NM, a.TAG_VALUE_TX FROM fccmatomic.KDD_ATTR_TAG a WHERE a.ATTR_ID = 114697884
05/21/2026 12:49:35 DEBUG : Thread ID = 140028871157504:  Rule Matcher:   File = dsbuilder.cc:  Line = 248:  SELECT a.TAG_NM, a.TAG_VALUE_TX FROM fccmatomic.KDD_ATTR_TAG a WHERE a.ATTR_ID = 118860488
05/21/2026 12:49:35 DEBUG : Thread ID = 140028871157504:  Rule Matcher:   File = dsbuilder.cc:  Line = 290:  SELECT a.TRANSFORM_TX, a.REALIZED_FL FROM fccmatomic.KDD_TRANSFORM a WHERE a.DATASET_ID = 115402710 ORDER BY a.TRANSFORM_NB
05/21/2026 12:49:35 DEBUG : Thread ID = 140028871157504:  Rule Matcher:   File = dsbuilder.cc:  Line = 66:  SELECT a.REALIZED_NM, a.DATASET_NM, a.PRNT_DATASET_ID FROM fccmatomic.KDD_DATASET a WHERE a.DATASET_ID = 114691404
05/21/2026 12:49:35 DEBUG : Thread ID = 140028871157504:  Rule Matcher:   File = dsbuilder.cc:  Line = 151:  SELECT a.ATTR_ID, UPPER(a.ATTR_NM) , a.TYPE_CD, a.ORDER_FL, a.DISCRETE_FL, b.KEY_FL, b.NAME_FL FROM fccmatomic.KDD_ATTR a, fccmatomic.KDD_DATASET_ATTR b WHERE b.DATASET_ID = 114691404 AND a.ATTR_ID = b.ATTR_ID
05/21/2026 12:49:35 DEBUG : Thread ID = 140028871157504:  Rule Matcher:   File = dsbuilder.cc:  Line = 248:  SELECT a.TAG_NM, a.TAG_VALUE_TX FROM fccmatomic.KDD_ATTR_TAG a WHERE a.ATTR_ID = 113001001
05/21/2026 12:49:35 DEBUG : Thread ID = 140028871157504:  Rule Matcher:   File = dsbuilder.cc:  Line = 248:  SELECT a.TAG_NM, a.TAG_VALUE_TX FROM fccmatomic.KDD_ATTR_TAG a WHERE a.ATTR_ID = 113001117
05/21/2026 12:49:35 DEBUG : Thread ID = 140028871157504:  Rule Matcher:   File = dsbuilder.cc:  Line = 290:  SELECT a.TRANSFORM_TX, a.REALIZED_FL FROM fccmatomic.KDD_TRANSFORM a WHERE a.DATASET_ID = 114691404 ORDER BY a.TRANSFORM_NB
05/21/2026 12:49:35 DEBUG : Thread ID = 140028871157504:  Rule Matcher:   File = OracleSchema.cc:  Line = 126:  SELECT a.DATA_TYPE, a.DATA_PRECISION, a.DATA_SCALE, UPPER(a.COLUMN_NAME) FROM ALL_TAB_COLS a WHERE a.TABLE_NAME = 'DSVIEW115402710' AND a.OWNER = UPPER('fccmatomic')
05/21/2026 12:49:35 DEBUG : Thread ID = 140028871157504:  Rule Matcher:   File = TableDataset.cc:  Line = 169:  SELECT a.DATASET_ID, a.PRNT_DATASET_ID, a.DATASET_NM, a.USER_ID, a.CREATE_DT, a.REALIZED_NM, a.SQL_FL, a.SQL_CMMNT, a.SCNRO_ID, a.SQL_TX FROM fccmatomic.KDD_DATASET a WHERE a.SCNRO_ID = 115400010 ORDER BY a.DATASET_ID
05/21/2026 12:49:35 DEBUG : Thread ID = 140028871157504:  Rule Matcher:   File = TableThreshold.cc:  Line = 96:  SELECT a.TSHLD_NM, a.CURR_VALUE_TX, a.VALUE_TYPE_CD, a.DPLY_NM, a.DSPLY_SORT_ORDR_NB, a.DSPLY_FL, b.TSHLD_SET_NM FROM fccmatomic.KDD_TSHLD a, fccmatomic.KDD_TSHLD_SET b WHERE a.SCNRO_ID = 115400010 AND a.TSHLD_SET_ID = 29 AND b.TSHLD_SET_ID = 29 AND a.DEACT_TS IS NULL
05/21/2026 12:49:35 DEBUG : Thread ID = 140028871157504:  Rule Matcher:   File = OracleSchema.cc:  Line = 126:  SELECT a.DATA_TYPE, a.DATA_PRECISION, a.DATA_SCALE, UPPER(a.COLUMN_NAME) FROM ALL_TAB_COLS a WHERE a.TABLE_NAME = 'DSVIEW114691404' AND a.OWNER = UPPER('fccmatomic')
05/21/2026 12:49:35 DEBUG : Thread ID = 140028871157504:  Rule Matcher:   File = runupdater.cc:  Line = 104:  UPDATE fccmatomic.KDD_RUN SET RUN_MSG_TX = :Msg WHERE RUN_ID = 23301
05/21/2026 12:49:35 DEBUG : Thread ID = 140028871157504:  Rule Matcher:   File = runupdater.cc:  Line = 142:  UPDATE fccmatomic.KDD_RUN SET RUN_MSG_TX = :Msg WHERE RUN_ID = 23301
05/21/2026 12:49:35 DEBUG : Thread ID = 140028871157504:  Rule Matcher:   File = dbparse.cc:  Line = 148:  SELECT a.PTTRN_TX FROM fccmatomic.KDD_SEQ_PTTRN a WHERE a.PTTRN_ID = 115400027
05/21/2026 12:49:36 DEBUG : Thread ID = 140028871157504:  Rule Matcher:   File = TableThreshold.cc:  Line = 96:  SELECT a.TSHLD_NM, a.CURR_VALUE_TX, a.VALUE_TYPE_CD, a.DPLY_NM, a.DSPLY_SORT_ORDR_NB, a.DSPLY_FL, b.TSHLD_SET_NM FROM fccmatomic.KDD_TSHLD a, fccmatomic.KDD_TSHLD_SET b WHERE a.SCNRO_ID = 115400010 AND a.TSHLD_SET_ID = 29 AND b.TSHLD_SET_ID = 29 AND a.DEACT_TS IS NULL
05/21/2026 12:49:36 DEBUG : Thread ID = 140028871157504:  Rule Matcher:   File = runupdater.cc:  Line = 104:  UPDATE fccmatomic.KDD_RUN SET RUN_MSG_TX = :Msg WHERE RUN_ID = 23301
05/21/2026 12:49:36 DEBUG : Thread ID = 140028871157504:  Rule Matcher:   File = runupdater.cc:  Line = 142:  UPDATE fccmatomic.KDD_RUN SET RUN_MSG_TX = :Msg WHERE RUN_ID = 23301
05/21/2026 12:49:36 DEBUG : Thread ID = 140028871157504:  Rule Matcher:   File = TableInstallParameter.cc:  Line = 198:  SELECT a.ATTR_1_CD, a.ATTR_1_VALUE_TX, a.ATTR_2_CD, a.ATTR_2_VALUE_TX, a.ATTR_3_CD, a.ATTR_3_VALUE_TX, a.ATTR_4_CD, a.ATTR_4_VALUE_TX, a.ATTR_5_CD, a.ATTR_5_VALUE_TX, a.ATTR_6_CD, a.ATTR_6_VALUE_TX, a.ATTR_7_CD, a.ATTR_7_VALUE_TX, a.ATTR_8_CD, a.ATTR_8_VALUE_TX, a.ATTR_9_CD, a.ATTR_9_VALUE_TX, a.ATTR_10_CD, a.ATTR_10_VALUE_TX, a.ATTR_11_CD, a.ATTR_11_VALUE_TX, a.ATTR_12_CD, a.ATTR_12_VALUE_TX, a.ATTR_13_CD, a.ATTR_13_VALUE_TX, a.ATTR_14_CD, a.ATTR_14_VALUE_TX, a.ATTR_15_CD, a.ATTR_15_VALUE_TX FROM fccmatomic.KDD_INSTALL_PARAM a WHERE a.PARAM_NM = 'DLY'
05/21/2026 12:49:36 DEBUG : Thread ID = 140028871157504:  Rule Matcher:   File = TableInstallParameter.cc:  Line = 198:  SELECT a.ATTR_1_CD, a.ATTR_1_VALUE_TX, a.ATTR_2_CD, a.ATTR_2_VALUE_TX, a.ATTR_3_CD, a.ATTR_3_VALUE_TX, a.ATTR_4_CD, a.ATTR_4_VALUE_TX, a.ATTR_5_CD, a.ATTR_5_VALUE_TX, a.ATTR_6_CD, a.ATTR_6_VALUE_TX, a.ATTR_7_CD, a.ATTR_7_VALUE_TX, a.ATTR_8_CD, a.ATTR_8_VALUE_TX, a.ATTR_9_CD, a.ATTR_9_VALUE_TX, a.ATTR_10_CD, a.ATTR_10_VALUE_TX, a.ATTR_11_CD, a.ATTR_11_VALUE_TX, a.ATTR_12_CD, a.ATTR_12_VALUE_TX, a.ATTR_13_CD, a.ATTR_13_VALUE_TX, a.ATTR_14_CD, a.ATTR_14_VALUE_TX, a.ATTR_15_CD, a.ATTR_15_VALUE_TX FROM fccmatomic.KDD_INSTALL_PARAM a WHERE a.PARAM_NM = 'RMT_ROLES'
05/21/2026 12:49:36 INFO : Thread ID = 140028871157504:  Rule Matcher:   File = RuleMatcher.cc:  Line = 273:  Beginning Processing Primary Rule: 
  Job: 102341
  Run: 23301
  Pattern: 115400027
  Dataset: 115402710
  Focus Type: ACCOUNT
  Focal Attribute: ACCT_INTRL_ID 
05/21/2026 12:49:36 DEBUG : Thread ID = 140028871157504:  Rule Matcher:   File = UtilityFunctions.cc:  Line = 497:  alter session enable parallel query
05/21/2026 12:49:36 DEBUG : Thread ID = 140028871157504:  Rule Matcher:   File = UtilityFunctions.cc:  Line = 522:  alter session enable parallel dml
05/21/2026 12:49:36 DEBUG : Thread ID = 140028871157504:  Rule Matcher:   File = dscursor.cc:  Line = 1161:  Found a reference to a dataset.  Calling getDatasetSql to resolve thresholds.  Id = 115402710 
05/21/2026 12:49:36 DEBUG : Thread ID = 140028871157504:  Rule Matcher:   File = dscursor.cc:  Line = 1175:  After expansion, sql = SELECT ot.ACCT_INTRL_ID, ot.ACCT_SEQ_ID, ot.EFFCTV_RISK_LVL, ot.DAYS_OUTSTANDING, ot.PAYMENT_CT, ot.OVERALL_RISK, ot.LOAN_OVERPAYED_AMT, ot.LOAN_BAL_DECREASE_AMT, ot.LOAN_BAL_PRCTG_DECREASE, ot.DAYS_REMAINING_LOAN_TENOR, ot.FUNC_CRNCY_CD FROM (--33971279  processing cases when loan was payoff/paydown in the 1st month
with clndr_vw as ( 
select
(select cal.clndr_dt from fccmatomic.KDD_CAL cal where cal.CLNDR_NM = 'SYSCAL' and cal.CLNDR_DAY_AGE = 0) as Curr_Dt,
(select (F_TO_NUMBER(COALESCE(F_DATE_TO_CHAR((SELECT CLNDR_DT FROM fccmatomic.KDD_CAL WHERE CLNDR_NM = 'SYSCAL' AND MNTH_BNDRY_CD = 'ED1'), 'J'), '0'))) from dual) as JCurr_Dt,
(select f_trunc_date(kc.CLNDR_DT, 'MM') from fccmatomic.KDD_CAL kc where kc.CLNDR_NM = 'SYSCAL' and kc.MNTH_BNDRY_CD='ED1')  as ED1_Date,
(select f_trunc_date(kc.CLNDR_DT, 'MM') from fccmatomic.KDD_CAL kc where kc.CLNDR_NM = 'SYSCAL' and kc.MNTH_BNDRY_CD='ED2')  as ED2_Date,
(select F_TRUNC_DATE(kc.CLNDR_DT, 'MM') from fccmatomic.KDD_CAL kc where kc.CLNDR_NM = 'SYSCAL' and kc.mnth_bndry_cd = 'SD3') as SD3_Date
FROM dual
),

loan_vw as (
select 
     l.LOAN_INTRL_ID
   , ac.ACCT_INTRL_ID
   , ac.ACCT_SEQ_ID
   , DECODE(@Curr_Type,'F',l.LOAN_ORIG_FUNC_AM,l.LOAN_ORIG_BASE_AM) d_LOAN_ORIG_AM
   , ac.ACCT_EFCTV_RISK_NB as Effctv_Risk_Lvl
   , case when ac.ACCT_EFCTV_RISK_NB >= @Effctv_Risk_Cutoff_Lvl 
            then 'HR' else 'RR' end as  Overall_Risk 
        -- calculating the days outstanding - How many days LOAN is already opened
   , (select JCurr_Dt from clndr_vw) - (F_TO_NUMBER(COALESCE(F_DATE_TO_CHAR(l.LOAN_ORIG_DT, 'J'), '0'))) as Days_Outstanding 
    -- calculating how much loan remains to be paid in case of paydown - How many days left is till the end/maturity of Loan.
   , (F_TO_NUMBER(COALESCE(F_DATE_TO_CHAR(l.LOAN_EXPTD_DUE_DT, 'J'), '0'))) - (select JCurr_Dt from clndr_vw) as Days_Remaining_Loan_Tenor   
   
FROM  fccmatomic.ACCT ac,  
fccmatomic.LOAN l 
where 
l.LOAN_INTRL_ID = ac.ACCT_INTRL_ID
--  Exclude Test Accounts
AND  COALESCE(ac.TEST_ACCT_FL,'N') <> 'Y'
-- Include specific account types only 
AND ac.MANTAS_ACCT_BUS_TYPE_CD IN ('LON')
--  Exclude Exempt Accounts
AND ac.ACCT_EFCTV_RISK_NB <> -2 
-- Include only Term loans
AND l.LOAN_CLASS_CD = 'NRV'
-- Inlude Accout either from all or specifyed jurisdictions
AND (@All_Jurisdictions_Fl = 'Y' OR ac.JRSDCN_CD IN (@Incl_Jurisdictions_Lst))
--  Include Loan Accounts Only
AND (@All_Loan_Types='Y' OR l.LOAN_TYPE_CD IN (@Loan_Type_Cd))
-- Loam Sum > 0
AND DECODE(@Curr_Type,'F',l.LOAN_ORIG_FUNC_AM,l.LOAN_ORIG_BASE_AM) > 0
--Bug34973020
--AND ((F_TO_NUMBER(COALESCE(F_DATE_TO_CHAR(l.LOAN_EXPTD_DUE_DT, 'J'), '0'))) -
--     (select JCurr_Dt from clndr_vw)) >= (case when @HR_Remaining_Loan_Tenor < @RR_Remaining_Loan_Tenor then @HR_Remaining_Loan_Tenor else @RR_Remaining_Loan_Tenor end)
--AND ((select JCurr_Dt from clndr_vw) - 
--    (F_TO_NUMBER(COALESCE(F_DATE_TO_CHAR(l.LOAN_ORIG_DT, 'J'), '0')))) <= (case when @HR_Days_Outstanding < @RR_Days_Outstanding then @RR_Days_Outstanding else @HR_Days_Outstanding end)	
),
 -- all payments within lookback period (90 days not tunable)
loan_sm as (
SELECT lb.LOAN_INTRL_ID                            
          --Interest paid before lookback period
     , SUM(case when f_trunc_date(lb.MNTH_SMRY_START_DT,'MM') = (select ED1_Date from clndr_vw)
       then lb.NB_PYMNT_CT else 0 end) AS Payment_Ct
           --last month Remaining balance in lookback period 
     , SUM(case when f_trunc_date(lb.MNTH_SMRY_START_DT,'MM') =  (select ED1_Date from clndr_vw) 
            then DECODE(@Curr_Type,'F',lb.RMNG_BAL_FUNC_AM,lb.RMNG_BAL_BASE_AM) else 0 end) AS RMNG_AM_LAST
            --previous month Remaining balance in lookback period 
     , SUM(case when f_trunc_date(lb.MNTH_SMRY_START_DT,'MM') =  (select ED2_Date from clndr_vw)
            then DECODE(@Curr_Type,'F',lb.RMNG_BAL_FUNC_AM,lb.RMNG_BAL_BASE_AM) else 0 end) AS PREV_MTH_RMNG_AM
     , MAX(DECODE(@Curr_Type,'F',lb.RMNG_BAL_FUNC_AM,lb.RMNG_BAL_BASE_AM)) AS MAX_LKBK_BAL_AM 
     , MAX(lb.FUNC_CRNCY_CD) as FUNC_CRNCY_CD
     -- when it has value 1 it means only current month record was received
     , count(lb.LOAN_INTRL_ID) as record_ct
FROM   fccmatomic.LOAN_SMRY_MNTH lb, loan_vw loan
WHERE  
       --20422198
       lb.MNTH_SMRY_START_DT >=(select SD3_Date from clndr_vw)
      AND lb.MNTH_SMRY_START_DT <=(select ED1_Date from clndr_vw)
      AND loan.loan_intrl_id=lb.loan_intrl_id								 
GROUP BY lb.LOAN_INTRL_ID
-- check on Frequency
having sum(case when f_trunc_date(lb.MNTH_SMRY_START_DT,'MM') = (select ED1_Date from clndr_vw) 
       then lb.NB_PYMNT_CT else 0 end) > 0  
)

SELECT
     loan_vw.ACCT_INTRL_ID
   , loan_vw.ACCT_SEQ_ID
   , loan_vw.Effctv_Risk_Lvl
   , loan_vw.Overall_Risk
   , loan_sm.record_ct  
   , loan_sm.RMNG_AM_LAST
   , loan_sm.PREV_MTH_RMNG_AM
   , loan_sm.MAX_LKBK_BAL_AM
   , loan_vw.d_LOAN_ORIG_AM
    -- calculating the days outstanding
   , loan_vw.Days_Outstanding
    -- calculating how much loan remains to be paid in case of paydown
   , loan_vw.Days_Remaining_Loan_Tenor
    -- calculating the percentage decrease 
   , case when coalesce(loan_sm.MAX_LKBK_BAL_AM,0) <> 0 and record_ct > 1   
		      then ((loan_sm.MAX_LKBK_BAL_AM - coalesce(loan_sm.RMNG_AM_LAST,0))* 100 / (loan_sm.MAX_LKBK_BAL_AM ))
          when  coalesce(loan_vw.d_LOAN_ORIG_AM,0) <> 0 and record_ct = 1
              then ((loan_vw.d_LOAN_ORIG_AM - coalesce(loan_sm.RMNG_AM_LAST,0))* 100 / (loan_vw.d_LOAN_ORIG_AM ))
          else 0 end as Loan_Bal_Prctg_Decrease
    --Loan_Bal_Decrease_Amt = OutstandingBalanceBeforeLookback - Current MonthOutstandingBalance
    , case when record_ct > 1
           then (coalesce(loan_sm.MAX_LKBK_BAL_AM,0) - coalesce(loan_sm.RMNG_AM_LAST,0))
           when  record_ct = 1
           then (coalesce(loan_vw.d_LOAN_ORIG_AM,0) - coalesce(loan_sm.RMNG_AM_LAST,0))
           else 0 end as Loan_Bal_Decrease_Amt
   
   , Payment_Ct
     -- picking the overpayed amount on the loan
   ,    CASE WHEN (coalesce(loan_sm.RMNG_AM_LAST,0)) < 0
            THEN (-1 *loan_sm.RMNG_AM_LAST)
         ELSE 0 END as Loan_Overpayed_Amt
   , loan_sm.FUNC_CRNCY_CD         
		 
FROM  loan_vw,
      loan_sm  
WHERE
loan_sm.LOAN_INTRL_ID = loan_vw.LOAN_INTRL_ID
and ((loan_vw.Effctv_Risk_Lvl >= @Effctv_Risk_Cutoff_Lvl --'HR'
       and (( --Number of days the loan has been outstanding1 <= Days Outstanding 
               loan_vw.Days_Outstanding <=  @HR_Days_Outstanding
           --Number of days remaining to the loan's maturity >=Remaining Loan Tenor 
           and loan_vw.Days_Remaining_Loan_Tenor >= @HR_Remaining_Loan_Tenor
           -- Min Balance Decrease% <= Loan or lease percentage balance decrease <=Max Balance Decrease% 
           and case when coalesce(loan_sm.MAX_LKBK_BAL_AM,0) <> 0 and record_ct > 1   
		      then ((loan_sm.MAX_LKBK_BAL_AM - coalesce(loan_sm.RMNG_AM_LAST,0))* 100 / (loan_sm.MAX_LKBK_BAL_AM ))
              when  coalesce(loan_vw.d_LOAN_ORIG_AM,0) <> 0 and record_ct = 1
              then ((loan_vw.d_LOAN_ORIG_AM - coalesce(loan_sm.RMNG_AM_LAST,0))* 100 / (loan_vw.d_LOAN_ORIG_AM ))
              else 0 end between @HR_Min_Bal_Decrease_Prctg and @HR_Max_Bal_Decrease_Prctg
           -- The total amount of loan balance decrease >= Min Balance Decrease Amt
           and case when record_ct > 1
               then (coalesce(loan_sm.MAX_LKBK_BAL_AM,0) - coalesce(loan_sm.RMNG_AM_LAST,0))
               when  record_ct = 1
               then (coalesce(loan_vw.d_LOAN_ORIG_AM,0) - coalesce(loan_sm.RMNG_AM_LAST,0))
               else 0 end >= @HR_Min_Bal_Decrease_Amt
           )
         or --The amount that loan has been overpayed >= Min Overpayment Amt 
  		(-1 *coalesce(loan_sm.RMNG_AM_LAST,0)) >= @HR_Min_Overpayment_Amt)
         
        and --100x(PreviousMonthOutstandingBalance-Current MonthOutstandingBalance)/PreviousMonthOutstandingBalance>=MinFrequencyPaydown%
            case when (coalesce(loan_sm.PREV_MTH_RMNG_AM,0)) <> 0 and record_ct > 1 
                 then 100 * (loan_sm.PREV_MTH_RMNG_AM - coalesce(loan_sm.RMNG_AM_LAST,0))/ (loan_sm.PREV_MTH_RMNG_AM)
                 when (coalesce(loan_vw.d_LOAN_ORIG_AM,0)) <> 0 and record_ct = 1
                 then 100 * (loan_vw.d_LOAN_ORIG_AM - coalesce(loan_sm.RMNG_AM_LAST,0))/ (loan_vw.d_LOAN_ORIG_AM)
                else 0 end >= @HR_Min_Freq_Paydown_Prctg   
    ) 
   
    
  OR (loan_vw.Effctv_Risk_Lvl < @Effctv_Risk_Cutoff_Lvl -- 'RR'
       and (( --Number of days the loan has been outstanding1 <= Days Outstanding 
               loan_vw.Days_Outstanding <=  @RR_Days_Outstanding
           --Number of days remaining to the loan's maturity >=Remaining Loan Tenor 
           and loan_vw.Days_Remaining_Loan_Tenor >= @RR_Remaining_Loan_Tenor
           -- Min Balance Decrease% <= Loan or lease percentage balance decrease <=Max Balance Decrease% 
           and case when coalesce(loan_sm.MAX_LKBK_BAL_AM,0) <> 0 and record_ct > 1   
		      then ((loan_sm.MAX_LKBK_BAL_AM - coalesce(loan_sm.RMNG_AM_LAST,0))* 100 / (loan_sm.MAX_LKBK_BAL_AM ))
              when  coalesce(loan_vw.d_LOAN_ORIG_AM,0) <> 0 and record_ct = 1
              then ((loan_vw.d_LOAN_ORIG_AM - coalesce(loan_sm.RMNG_AM_LAST,0))* 100 / (loan_vw.d_LOAN_ORIG_AM ))
              else 0 end between @RR_Min_Bal_Decrease_Prctg and @RR_Max_Bal_Decrease_Prctg
           -- The total amount of loan balance decrease >= Min Balance Decrease Amt
           and case when record_ct > 1
               then (coalesce(loan_sm.MAX_LKBK_BAL_AM,0) - coalesce(loan_sm.RMNG_AM_LAST,0))
               when  record_ct = 1
               then (coalesce(loan_vw.d_LOAN_ORIG_AM,0) - coalesce(loan_sm.RMNG_AM_LAST,0))
               else 0 end >= @RR_Min_Bal_Decrease_Amt
           )
         or --The amount that loan has been overpayed >= Min Overpayment Amt 
  		(-1 *coalesce(loan_sm.RMNG_AM_LAST,0)) >= @RR_Min_Overpayment_Amt)
        
        and --100x(PreviousMonthOutstandingBalance-Current MonthOutstandingBalance)/PreviousMonthOutstandingBalance>=MinFrequencyPaydown%
            case when (coalesce(loan_sm.PREV_MTH_RMNG_AM,0)) <> 0 and record_ct > 1 
                 then 100 * (loan_sm.PREV_MTH_RMNG_AM - coalesce(loan_sm.RMNG_AM_LAST,0))/ (loan_sm.PREV_MTH_RMNG_AM)
                 when (coalesce(loan_vw.d_LOAN_ORIG_AM,0)) <> 0 and record_ct = 1
                 then 100 * (loan_vw.d_LOAN_ORIG_AM - coalesce(loan_sm.RMNG_AM_LAST,0))/ (loan_vw.d_LOAN_ORIG_AM)
                else 0 end >= @RR_Min_Freq_Paydown_Prctg   
)
)
 ) ot ORDER BY ot.ACCT_SEQ_ID 
05/21/2026 12:49:36 DEBUG : Thread ID = 140028871157504:  Rule Matcher:   File = dscursor.cc:  Line = 748:  Preparing to select from dataset 115402710 
05/21/2026 12:49:36 DEBUG : Thread ID = 140028871157504:  Rule Matcher:   File = dscursor.cc:  Line = 754:  SELECT  ot.ACCT_INTRL_ID, ot.ACCT_SEQ_ID, ot.EFFCTV_RISK_LVL, ot.DAYS_OUTSTANDING, ot.PAYMENT_CT, ot.OVERALL_RISK, ot.LOAN_OVERPAYED_AMT, ot.LOAN_BAL_DECREASE_AMT, ot.LOAN_BAL_PRCTG_DECREASE, ot.DAYS_REMAINING_LOAN_TENOR, ot.FUNC_CRNCY_CD FROM (--33971279  processing cases when loan was payoff/paydown in the 1st month
with clndr_vw as ( 
select
(select cal.clndr_dt from fccmatomic.KDD_CAL cal where cal.CLNDR_NM = 'SYSCAL' and cal.CLNDR_DAY_AGE = 0) as Curr_Dt,
(select (F_TO_NUMBER(COALESCE(F_DATE_TO_CHAR((SELECT CLNDR_DT FROM fccmatomic.KDD_CAL WHERE CLNDR_NM = 'SYSCAL' AND MNTH_BNDRY_CD = 'ED1'), 'J'), '0'))) from dual) as JCurr_Dt,
(select f_trunc_date(kc.CLNDR_DT, 'MM') from fccmatomic.KDD_CAL kc where kc.CLNDR_NM = 'SYSCAL' and kc.MNTH_BNDRY_CD='ED1')  as ED1_Date,
(select f_trunc_date(kc.CLNDR_DT, 'MM') from fccmatomic.KDD_CAL kc where kc.CLNDR_NM = 'SYSCAL' and kc.MNTH_BNDRY_CD='ED2')  as ED2_Date,
(select F_TRUNC_DATE(kc.CLNDR_DT, 'MM') from fccmatomic.KDD_CAL kc where kc.CLNDR_NM = 'SYSCAL' and kc.mnth_bndry_cd = 'SD3') as SD3_Date
FROM dual
),

loan_vw as (
select 
     l.LOAN_INTRL_ID
   , ac.ACCT_INTRL_ID
   , ac.ACCT_SEQ_ID
   , DECODE('B','F',l.LOAN_ORIG_FUNC_AM,l.LOAN_ORIG_BASE_AM) d_LOAN_ORIG_AM
   , ac.ACCT_EFCTV_RISK_NB as Effctv_Risk_Lvl
   , case when ac.ACCT_EFCTV_RISK_NB >= 5 
            then 'HR' else 'RR' end as  Overall_Risk 
        -- calculating the days outstanding - How many days LOAN is already opened
   , (select JCurr_Dt from clndr_vw) - (F_TO_NUMBER(COALESCE(F_DATE_TO_CHAR(l.LOAN_ORIG_DT, 'J'), '0'))) as Days_Outstanding 
    -- calculating how much loan remains to be paid in case of paydown - How many days left is till the end/maturity of Loan.
   , (F_TO_NUMBER(COALESCE(F_DATE_TO_CHAR(l.LOAN_EXPTD_DUE_DT, 'J'), '0'))) - (select JCurr_Dt from clndr_vw) as Days_Remaining_Loan_Tenor   
   
FROM  fccmatomic.ACCT ac,  
fccmatomic.LOAN l 
where 
l.LOAN_INTRL_ID = ac.ACCT_INTRL_ID
--  Exclude Test Accounts
AND  COALESCE(ac.TEST_ACCT_FL,'N') <> 'Y'
-- Include specific account types only 
AND ac.MANTAS_ACCT_BUS_TYPE_CD IN ('LON')
--  Exclude Exempt Accounts
AND ac.ACCT_EFCTV_RISK_NB <> -2 
-- Include only Term loans
AND l.LOAN_CLASS_CD = 'NRV'
-- Inlude Accout either from all or specifyed jurisdictions
AND ('N' = 'Y' OR ac.JRSDCN_CD IN ('AIIN'))
--  Include Loan Accounts Only
AND ('Y'='Y' OR l.LOAN_TYPE_CD IN ('Inactive'))
-- Loam Sum > 0
AND DECODE('B','F',l.LOAN_ORIG_FUNC_AM,l.LOAN_ORIG_BASE_AM) > 0
--Bug34973020
--AND ((F_TO_NUMBER(COALESCE(F_DATE_TO_CHAR(l.LOAN_EXPTD_DUE_DT, 'J'), '0'))) -
--     (select JCurr_Dt from clndr_vw)) >= (case when 90 < 90 then 90 else 90 end)
--AND ((select JCurr_Dt from clndr_vw) - 
--    (F_TO_NUMBER(COALESCE(F_DATE_TO_CHAR(l.LOAN_ORIG_DT, 'J'), '0')))) <= (case when 90 < 90 then 90 else 90 end)	
),
 -- all payments within lookback period (90 days not tunable)
loan_sm as (
SELECT lb.LOAN_INTRL_ID                            
          --Interest paid before lookback period
     , SUM(case when f_trunc_date(lb.MNTH_SMRY_START_DT,'MM') = (select ED1_Date from clndr_vw)
       then lb.NB_PYMNT_CT else 0 end) AS Payment_Ct
           --last month Remaining balance in lookback period 
     , SUM(case when f_trunc_date(lb.MNTH_SMRY_START_DT,'MM') =  (select ED1_Date from clndr_vw) 
            then DECODE('B','F',lb.RMNG_BAL_FUNC_AM,lb.RMNG_BAL_BASE_AM) else 0 end) AS RMNG_AM_LAST
            --previous month Remaining balance in lookback period 
     , SUM(case when f_trunc_date(lb.MNTH_SMRY_START_DT,'MM') =  (select ED2_Date from clndr_vw)
            then DECODE('B','F',lb.RMNG_BAL_FUNC_AM,lb.RMNG_BAL_BASE_AM) else 0 end) AS PREV_MTH_RMNG_AM
     , MAX(DECODE('B','F',lb.RMNG_BAL_FUNC_AM,lb.RMNG_BAL_BASE_AM)) AS MAX_LKBK_BAL_AM 
     , MAX(lb.FUNC_CRNCY_CD) as FUNC_CRNCY_CD
     -- when it has value 1 it means only current month record was received
     , count(lb.LOAN_INTRL_ID) as record_ct
FROM   fccmatomic.LOAN_SMRY_MNTH lb, loan_vw loan
WHERE  
       --20422198
       lb.MNTH_SMRY_START_DT >=(select SD3_Date from clndr_vw)
      AND lb.MNTH_SMRY_START_DT <=(select ED1_Date from clndr_vw)
      AND loan.loan_intrl_id=lb.loan_intrl_id								 
GROUP BY lb.LOAN_INTRL_ID
-- check on Frequency
having sum(case when f_trunc_date(lb.MNTH_SMRY_START_DT,'MM') = (select ED1_Date from clndr_vw) 
       then lb.NB_PYMNT_CT else 0 end) > 0  
)

SELECT
     loan_vw.ACCT_INTRL_ID
   , loan_vw.ACCT_SEQ_ID
   , loan_vw.Effctv_Risk_Lvl
   , loan_vw.Overall_Risk
   , loan_sm.record_ct  
   , loan_sm.RMNG_AM_LAST
   , loan_sm.PREV_MTH_RMNG_AM
   , loan_sm.MAX_LKBK_BAL_AM
   , loan_vw.d_LOAN_ORIG_AM
    -- calculating the days outstanding
   , loan_vw.Days_Outstanding
    -- calculating how much loan remains to be paid in case of paydown
   , loan_vw.Days_Remaining_Loan_Tenor
    -- calculating the percentage decrease 
   , case when coalesce(loan_sm.MAX_LKBK_BAL_AM,0) <> 0 and record_ct > 1   
		      then ((loan_sm.MAX_LKBK_BAL_AM - coalesce(loan_sm.RMNG_AM_LAST,0))* 100 / (loan_sm.MAX_LKBK_BAL_AM ))
          when  coalesce(loan_vw.d_LOAN_ORIG_AM,0) <> 0 and record_ct = 1
              then ((loan_vw.d_LOAN_ORIG_AM - coalesce(loan_sm.RMNG_AM_LAST,0))* 100 / (loan_vw.d_LOAN_ORIG_AM ))
          else 0 end as Loan_Bal_Prctg_Decrease
    --Loan_Bal_Decrease_Amt = OutstandingBalanceBeforeLookback - Current MonthOutstandingBalance
    , case when record_ct > 1
           then (coalesce(loan_sm.MAX_LKBK_BAL_AM,0) - coalesce(loan_sm.RMNG_AM_LAST,0))
           when  record_ct = 1
           then (coalesce(loan_vw.d_LOAN_ORIG_AM,0) - coalesce(loan_sm.RMNG_AM_LAST,0))
           else 0 end as Loan_Bal_Decrease_Amt
   
   , Payment_Ct
     -- picking the overpayed amount on the loan
   ,    CASE WHEN (coalesce(loan_sm.RMNG_AM_LAST,0)) < 0
            THEN (-1 *loan_sm.RMNG_AM_LAST)
         ELSE 0 END as Loan_Overpayed_Amt
   , loan_sm.FUNC_CRNCY_CD         
		 
FROM  loan_vw,
      loan_sm  
WHERE
loan_sm.LOAN_INTRL_ID = loan_vw.LOAN_INTRL_ID
and ((loan_vw.Effctv_Risk_Lvl >= 5 --'HR'
       and (( --Number of days the loan has been outstanding1 <= Days Outstanding 
               loan_vw.Days_Outstanding <=  90
           --Number of days remaining to the loan's maturity >=Remaining Loan Tenor 
           and loan_vw.Days_Remaining_Loan_Tenor >= 90
           -- Min Balance Decrease% <= Loan or lease percentage balance decrease <=Max Balance Decrease% 
           and case when coalesce(loan_sm.MAX_LKBK_BAL_AM,0) <> 0 and record_ct > 1   
		      then ((loan_sm.MAX_LKBK_BAL_AM - coalesce(loan_sm.RMNG_AM_LAST,0))* 100 / (loan_sm.MAX_LKBK_BAL_AM ))
              when  coalesce(loan_vw.d_LOAN_ORIG_AM,0) <> 0 and record_ct = 1
              then ((loan_vw.d_LOAN_ORIG_AM - coalesce(loan_sm.RMNG_AM_LAST,0))* 100 / (loan_vw.d_LOAN_ORIG_AM ))
              else 0 end between 25 and 50
           -- The total amount of loan balance decrease >= Min Balance Decrease Amt
           and case when record_ct > 1
               then (coalesce(loan_sm.MAX_LKBK_BAL_AM,0) - coalesce(loan_sm.RMNG_AM_LAST,0))
               when  record_ct = 1
               then (coalesce(loan_vw.d_LOAN_ORIG_AM,0) - coalesce(loan_sm.RMNG_AM_LAST,0))
               else 0 end >= 150000
           )
         or --The amount that loan has been overpayed >= Min Overpayment Amt 
  		(-1 *coalesce(loan_sm.RMNG_AM_LAST,0)) >= 50000)
         
        and --100x(PreviousMonthOutstandingBalance-Current MonthOutstandingBalance)/PreviousMonthOutstandingBalance>=MinFrequencyPaydown%
            case when (coalesce(loan_sm.PREV_MTH_RMNG_AM,0)) <> 0 and record_ct > 1 
                 then 100 * (loan_sm.PREV_MTH_RMNG_AM - coalesce(loan_sm.RMNG_AM_LAST,0))/ (loan_sm.PREV_MTH_RMNG_AM)
                 when (coalesce(loan_vw.d_LOAN_ORIG_AM,0)) <> 0 and record_ct = 1
                 then 100 * (loan_vw.d_LOAN_ORIG_AM - coalesce(loan_sm.RMNG_AM_LAST,0))/ (loan_vw.d_LOAN_ORIG_AM)
                else 0 end >= 10   
    ) 
   
    
  OR (loan_vw.Effctv_Risk_Lvl < 5 -- 'RR'
       and (( --Number of days the loan has been outstanding1 <= Days Outstanding 
               loan_vw.Days_Outstanding <=  90
           --Number of days remaining to the loan's maturity >=Remaining Loan Tenor 
           and loan_vw.Days_Remaining_Loan_Tenor >= 90
           -- Min Balance Decrease% <= Loan or lease percentage balance decrease <=Max Balance Decrease% 
           and case when coalesce(loan_sm.MAX_LKBK_BAL_AM,0) <> 0 and record_ct > 1   
		      then ((loan_sm.MAX_LKBK_BAL_AM - coalesce(loan_sm.RMNG_AM_LAST,0))* 100 / (loan_sm.MAX_LKBK_BAL_AM ))
              when  coalesce(loan_vw.d_LOAN_ORIG_AM,0) <> 0 and record_ct = 1
              then ((loan_vw.d_LOAN_ORIG_AM - coalesce(loan_sm.RMNG_AM_LAST,0))* 100 / (loan_vw.d_LOAN_ORIG_AM ))
              else 0 end between 25 and 50
           -- The total amount of loan balance decrease >= Min Balance Decrease Amt
           and case when record_ct > 1
               then (coalesce(loan_sm.MAX_LKBK_BAL_AM,0) - coalesce(loan_sm.RMNG_AM_LAST,0))
               when  record_ct = 1
               then (coalesce(loan_vw.d_LOAN_ORIG_AM,0) - coalesce(loan_sm.RMNG_AM_LAST,0))
               else 0 end >= 150000
           )
         or --The amount that loan has been overpayed >= Min Overpayment Amt 
  		(-1 *coalesce(loan_sm.RMNG_AM_LAST,0)) >= 50000)
        
        and --100x(PreviousMonthOutstandingBalance-Current MonthOutstandingBalance)/PreviousMonthOutstandingBalance>=MinFrequencyPaydown%
            case when (coalesce(loan_sm.PREV_MTH_RMNG_AM,0)) <> 0 and record_ct > 1 
                 then 100 * (loan_sm.PREV_MTH_RMNG_AM - coalesce(loan_sm.RMNG_AM_LAST,0))/ (loan_sm.PREV_MTH_RMNG_AM)
                 when (coalesce(loan_vw.d_LOAN_ORIG_AM,0)) <> 0 and record_ct = 1
                 then 100 * (loan_vw.d_LOAN_ORIG_AM - coalesce(loan_sm.RMNG_AM_LAST,0))/ (loan_vw.d_LOAN_ORIG_AM)
                else 0 end >= 15   
)
)
 ) ot ORDER BY ot.ACCT_SEQ_ID
05/21/2026 12:49:36 INFO : Thread ID = 140028871157504:  Rule Matcher:   File = RuleMatcher.cc:  Line = 166:  
Run 23301 running against Pattern 115400027 generated 0 matches.
Elapsed time for matching: 00:00:00 
05/21/2026 12:49:36 DEBUG : Thread ID = 140028871157504:  Rule Matcher:   File = runupdater.cc:  Line = 104:  UPDATE fccmatomic.KDD_RUN SET RUN_MSG_TX = :Msg WHERE RUN_ID = 23301
05/21/2026 12:49:36 DEBUG : Thread ID = 140028871157504:  Rule Matcher:   File = runupdater.cc:  Line = 142:  UPDATE fccmatomic.KDD_RUN SET RUN_MSG_TX = :Msg WHERE RUN_ID = 23301
05/21/2026 12:49:36 DEBUG : Thread ID = 140028871157504:  Rule Matcher:   File = runupdater.cc:  Line = 59:  UPDATE fccmatomic.KDD_RUN SET RUN_STATUS_CD = 'FIN' WHERE RUN_ID = 23301
05/21/2026 12:49:36 DEBUG : Thread ID = 140028871157504:  Rule Matcher:   File = runupdater.cc:  Line = 198:  UPDATE fccmatomic.KDD_RUN SET END_TS = TO_DATE('21/05/2026 12:49:36 PM','DD/MM/YYYY HH:MI:SS AM') WHERE RUN_ID = 23301
05/21/2026 12:49:36 DEBUG : Thread ID = 140030747933888:  Rule Matcher:   File = jobupdater.cc:  Line = 57:  UPDATE fccmatomic.KDD_JOB SET STATUS_CD = 'FIN' WHERE JOB_ID = 102341
05/21/2026 12:49:36 INFO : Thread ID = 140030747933888:  Rule Matcher:   File = mantas.cc:  Line = 697:  
mantas: ============================================================
mantas: Exiting job 102341 at Thu May 21 12:49:36 IST 2026 with code 0
mantas: ============================================================
