05/07/2026 21:44:26 INFO : Thread ID = 140317708635328:  mantas:   File = mantas.cc:  Line = 180:  
mantas: ============================================================
mantas: Starting job 100471 at Thu May 07 21:44:26 IST 2026
mantas: ============================================================
05/07/2026 21:44:26 INFO : Thread ID = 140317708635328:  mantas:   File = mantas.cc:  Line = 182:  mantas initialized
05/07/2026 21:44:26 DEBUG : Thread ID = 140317708635328:  mantas:   File = DBAccess.cc:  Line = 140:  Connecting to infodom: FCCMINFO
05/07/2026 21:44:27 DEBUG : Thread ID = 140317708635328:  mantas:   File = DBAccessAAI.cc:  Line = 140:  Connecting to infodom: FCCMINFO
05/07/2026 21:44:28 DEBUG : Thread ID = 140317708635328:  mantas:   File = DBAccessAAI.cc:  Line = 150:  Obtained config schema details for: fccmconfigon: demofsaa.jmrinfotechble.com
05/07/2026 21:44:28 DEBUG : Thread ID = 140317708635328:  mantas:   File = job.cc:  Line = 87:  SELECT a.ALGORITHM_NM, a.EXECUTABLE_NM, b.PARAM_SET_ID, b.CREAT_ID, b.THREAD_CT, b.CLONED_JOB_ID, b.DMN_CD, c.DESC_TX FROM fccmatomic.KDD_ALGORITHM a, fccmatomic.KDD_JOB b, fccmatomic.KDD_PARAM_SET c WHERE b.JOB_ID = 100471 AND b.STATUS_CD != 'IGN' AND b.PARAM_SET_ID = c.PARAM_SET_ID AND a.ALGORITHM_NM = c.ALGORITHM_NM
05/07/2026 21:44:28 DEBUG : Thread ID = 140317708635328:  mantas:   File = job.cc:  Line = 134:  SELECT a.PARAM_VALUE_TX FROM fccmatomic.KDD_PARAM_BINDING a WHERE a.PARAM_SET_ID = 104701 AND a.ALGORITHM_NM = 'Rule Matcher' AND a.PARAM_NM = 'np'
05/07/2026 21:44:28 INFO : Thread ID = 140317708635328:  mantas:   File = mantas.cc:  Line = 981:  Job description: ML-LargeReportableTrans_LRT_AMEA
05/07/2026 21:44:28 DEBUG : Thread ID = 140317708635328:  mantas:   File = jobupdater.cc:  Line = 57:  UPDATE fccmatomic.KDD_JOB SET STATUS_CD = 'RUN' WHERE JOB_ID = 100471
05/07/2026 21:44:28 DEBUG : Thread ID = 140317708635328:  mantas:   File = jobupdater.cc:  Line = 95:  UPDATE fccmatomic.KDD_JOB SET START_TS = TO_DATE('07/05/2026 09:44:28 PM', 'DD/MM/YYYY HH:MI:SS AM') WHERE JOB_ID = 100471
05/07/2026 21:44:28 DEBUG : Thread ID = 140317708635328:  mantas:   File = TableBatchControl.cc:  Line = 38:  SELECT a.PRCSNG_BATCH_ID, a.PRCSNG_BATCH_NM, a.DATA_DUMP_DT FROM fccmatomic.KDD_PRCSNG_BATCH_CONTROL a
05/07/2026 21:44:28 DEBUG : Thread ID = 140317708635328:  mantas:   File = TableJob.cc:  Line = 53:  UPDATE fccmatomic.KDD_JOB SET PRCSNG_BATCH_ID = 11 WHERE JOB_ID = 100471
05/07/2026 21:44:28 INFO : Thread ID = 140317708635328:  mantas:   File = mantas.cc:  Line = 1004:  Current business date: 31/01/2016
05/07/2026 21:44:28 DEBUG : Thread ID = 140317708635328:  mantas:   File = job.cc:  Line = 189:  SELECT a.DATASET_ID FROM fccmatomic.KDD_JOB_DATASET a WHERE a.JOB_ID = 100471 ORDER BY a.ORDER_NB
05/07/2026 21:44:28 DEBUG : Thread ID = 140317708635328:  mantas:   File = job.cc:  Line = 239:  SELECT a.BINDING_NM, a.ATTR_NM, a.LOOP_FL, a.IGNORE_FL, a.MULTIPLE_RUN_FL, a.MULTIPLE_RUN_VALUE_TX FROM fccmatomic.KDD_JOB_DATASET_BINDING a WHERE a.JOB_ID = 100471 AND a.DATASET_ID = 114016597 ORDER BY a.ORDER_NB
05/07/2026 21:44:28 DEBUG : Thread ID = 140317708635328:  mantas:   File = job.cc:  Line = 239:  SELECT a.BINDING_NM, a.ATTR_NM, a.LOOP_FL, a.IGNORE_FL, a.MULTIPLE_RUN_FL, a.MULTIPLE_RUN_VALUE_TX FROM fccmatomic.KDD_JOB_DATASET_BINDING a WHERE a.JOB_ID = 100471 AND a.DATASET_ID = 114016601 ORDER BY a.ORDER_NB
05/07/2026 21:44:28 DEBUG : Thread ID = 140317708635328:  mantas:   File = job.cc:  Line = 239:  SELECT a.BINDING_NM, a.ATTR_NM, a.LOOP_FL, a.IGNORE_FL, a.MULTIPLE_RUN_FL, a.MULTIPLE_RUN_VALUE_TX FROM fccmatomic.KDD_JOB_DATASET_BINDING a WHERE a.JOB_ID = 100471 AND a.DATASET_ID = 114016607 ORDER BY a.ORDER_NB
05/07/2026 21:44:28 DEBUG : Thread ID = 140317708635328:  mantas:   File = job.cc:  Line = 239:  SELECT a.BINDING_NM, a.ATTR_NM, a.LOOP_FL, a.IGNORE_FL, a.MULTIPLE_RUN_FL, a.MULTIPLE_RUN_VALUE_TX FROM fccmatomic.KDD_JOB_DATASET_BINDING a WHERE a.JOB_ID = 100471 AND a.DATASET_ID = 114016614 ORDER BY a.ORDER_NB
05/07/2026 21:44:28 DEBUG : Thread ID = 140317708635328:  mantas:   File = job.cc:  Line = 239:  SELECT a.BINDING_NM, a.ATTR_NM, a.LOOP_FL, a.IGNORE_FL, a.MULTIPLE_RUN_FL, a.MULTIPLE_RUN_VALUE_TX FROM fccmatomic.KDD_JOB_DATASET_BINDING a WHERE a.JOB_ID = 100471 AND a.DATASET_ID = 114016621 ORDER BY a.ORDER_NB
05/07/2026 21:44:28 DEBUG : Thread ID = 140317708635328:  mantas:   File = job.cc:  Line = 239:  SELECT a.BINDING_NM, a.ATTR_NM, a.LOOP_FL, a.IGNORE_FL, a.MULTIPLE_RUN_FL, a.MULTIPLE_RUN_VALUE_TX FROM fccmatomic.KDD_JOB_DATASET_BINDING a WHERE a.JOB_ID = 100471 AND a.DATASET_ID = 114016623 ORDER BY a.ORDER_NB
05/07/2026 21:44:28 DEBUG : Thread ID = 140317708635328:  mantas:   File = job.cc:  Line = 239:  SELECT a.BINDING_NM, a.ATTR_NM, a.LOOP_FL, a.IGNORE_FL, a.MULTIPLE_RUN_FL, a.MULTIPLE_RUN_VALUE_TX FROM fccmatomic.KDD_JOB_DATASET_BINDING a WHERE a.JOB_ID = 100471 AND a.DATASET_ID = 114016625 ORDER BY a.ORDER_NB
05/07/2026 21:44:28 DEBUG : Thread ID = 140317708635328:  mantas:   File = job.cc:  Line = 239:  SELECT a.BINDING_NM, a.ATTR_NM, a.LOOP_FL, a.IGNORE_FL, a.MULTIPLE_RUN_FL, a.MULTIPLE_RUN_VALUE_TX FROM fccmatomic.KDD_JOB_DATASET_BINDING a WHERE a.JOB_ID = 100471 AND a.DATASET_ID = 114016627 ORDER BY a.ORDER_NB
05/07/2026 21:44:28 DEBUG : Thread ID = 140317708635328:  mantas:   File = job.cc:  Line = 239:  SELECT a.BINDING_NM, a.ATTR_NM, a.LOOP_FL, a.IGNORE_FL, a.MULTIPLE_RUN_FL, a.MULTIPLE_RUN_VALUE_TX FROM fccmatomic.KDD_JOB_DATASET_BINDING a WHERE a.JOB_ID = 100471 AND a.DATASET_ID = 114016629 ORDER BY a.ORDER_NB
05/07/2026 21:44:28 DEBUG : Thread ID = 140317708635328:  mantas:   File = job.cc:  Line = 239:  SELECT a.BINDING_NM, a.ATTR_NM, a.LOOP_FL, a.IGNORE_FL, a.MULTIPLE_RUN_FL, a.MULTIPLE_RUN_VALUE_TX FROM fccmatomic.KDD_JOB_DATASET_BINDING a WHERE a.JOB_ID = 100471 AND a.DATASET_ID = 118748635 ORDER BY a.ORDER_NB
05/07/2026 21:44:28 DEBUG : Thread ID = 140317708635328:  mantas:   File = job.cc:  Line = 559:  INSERT INTO fccmatomic.KDD_RUN (RUN_ID, JOB_ID, RUN_STATUS_CD) VALUES (4601, 100471 , 'NEW')
05/07/2026 21:44:28 INFO : Thread ID = 140317708635328:  mantas:   File = mantas.cc:  Line = 549:  Loading librule_matcher.so
05/07/2026 21:44:28 DEBUG : Thread ID = 140315833419520:  mantas:   File = runupdater.cc:  Line = 59:  UPDATE fccmatomic.KDD_RUN SET RUN_STATUS_CD = 'RUN' WHERE RUN_ID = 4601
05/07/2026 21:44:28 DEBUG : Thread ID = 140315833419520:  mantas:   File = runupdater.cc:  Line = 104:  UPDATE fccmatomic.KDD_RUN SET RUN_MSG_TX = :Msg WHERE RUN_ID = 4601
05/07/2026 21:44:28 DEBUG : Thread ID = 140315833419520:  mantas:   File = runupdater.cc:  Line = 142:  UPDATE fccmatomic.KDD_RUN SET RUN_MSG_TX = :Msg WHERE RUN_ID = 4601
05/07/2026 21:44:28 DEBUG : Thread ID = 140315833419520:  mantas:   File = runupdater.cc:  Line = 163:  UPDATE fccmatomic.KDD_RUN SET START_TS = TO_DATE('07/05/2026 09:44:28 PM', 'DD/MM/YYYY HH:MI:SS AM') WHERE RUN_ID = 4601
05/07/2026 21:44:28 DEBUG : Thread ID = 140315833419520:  mantas:   File = run.cc:  Line = 147:  SELECT a.JOB_ID FROM fccmatomic.KDD_RUN a WHERE a.RUN_ID = 4601
05/07/2026 21:44:28 DEBUG : Thread ID = 140315833419520:  mantas:   File = job.cc:  Line = 87:  SELECT a.ALGORITHM_NM, a.EXECUTABLE_NM, b.PARAM_SET_ID, b.CREAT_ID, b.THREAD_CT, b.CLONED_JOB_ID, b.DMN_CD, c.DESC_TX FROM fccmatomic.KDD_ALGORITHM a, fccmatomic.KDD_JOB b, fccmatomic.KDD_PARAM_SET c WHERE b.JOB_ID = 100471 AND b.STATUS_CD != 'IGN' AND b.PARAM_SET_ID = c.PARAM_SET_ID AND a.ALGORITHM_NM = c.ALGORITHM_NM
05/07/2026 21:44:28 DEBUG : Thread ID = 140315833419520:  mantas:   File = job.cc:  Line = 134:  SELECT a.PARAM_VALUE_TX FROM fccmatomic.KDD_PARAM_BINDING a WHERE a.PARAM_SET_ID = 104701 AND a.ALGORITHM_NM = 'Rule Matcher' AND a.PARAM_NM = 'np'
05/07/2026 21:44:28 DEBUG : Thread ID = 140315833419520:  mantas:   File = job.cc:  Line = 189:  SELECT a.DATASET_ID FROM fccmatomic.KDD_JOB_DATASET a WHERE a.JOB_ID = 100471 ORDER BY a.ORDER_NB
05/07/2026 21:44:28 DEBUG : Thread ID = 140315833419520:  mantas:   File = job.cc:  Line = 239:  SELECT a.BINDING_NM, a.ATTR_NM, a.LOOP_FL, a.IGNORE_FL, a.MULTIPLE_RUN_FL, a.MULTIPLE_RUN_VALUE_TX FROM fccmatomic.KDD_JOB_DATASET_BINDING a WHERE a.JOB_ID = 100471 AND a.DATASET_ID = 114016597 ORDER BY a.ORDER_NB
05/07/2026 21:44:28 DEBUG : Thread ID = 140315833419520:  mantas:   File = job.cc:  Line = 239:  SELECT a.BINDING_NM, a.ATTR_NM, a.LOOP_FL, a.IGNORE_FL, a.MULTIPLE_RUN_FL, a.MULTIPLE_RUN_VALUE_TX FROM fccmatomic.KDD_JOB_DATASET_BINDING a WHERE a.JOB_ID = 100471 AND a.DATASET_ID = 114016601 ORDER BY a.ORDER_NB
05/07/2026 21:44:28 DEBUG : Thread ID = 140315833419520:  mantas:   File = job.cc:  Line = 239:  SELECT a.BINDING_NM, a.ATTR_NM, a.LOOP_FL, a.IGNORE_FL, a.MULTIPLE_RUN_FL, a.MULTIPLE_RUN_VALUE_TX FROM fccmatomic.KDD_JOB_DATASET_BINDING a WHERE a.JOB_ID = 100471 AND a.DATASET_ID = 114016607 ORDER BY a.ORDER_NB
05/07/2026 21:44:28 DEBUG : Thread ID = 140315833419520:  mantas:   File = job.cc:  Line = 239:  SELECT a.BINDING_NM, a.ATTR_NM, a.LOOP_FL, a.IGNORE_FL, a.MULTIPLE_RUN_FL, a.MULTIPLE_RUN_VALUE_TX FROM fccmatomic.KDD_JOB_DATASET_BINDING a WHERE a.JOB_ID = 100471 AND a.DATASET_ID = 114016614 ORDER BY a.ORDER_NB
05/07/2026 21:44:28 DEBUG : Thread ID = 140315833419520:  mantas:   File = job.cc:  Line = 239:  SELECT a.BINDING_NM, a.ATTR_NM, a.LOOP_FL, a.IGNORE_FL, a.MULTIPLE_RUN_FL, a.MULTIPLE_RUN_VALUE_TX FROM fccmatomic.KDD_JOB_DATASET_BINDING a WHERE a.JOB_ID = 100471 AND a.DATASET_ID = 114016621 ORDER BY a.ORDER_NB
05/07/2026 21:44:28 DEBUG : Thread ID = 140315833419520:  mantas:   File = job.cc:  Line = 239:  SELECT a.BINDING_NM, a.ATTR_NM, a.LOOP_FL, a.IGNORE_FL, a.MULTIPLE_RUN_FL, a.MULTIPLE_RUN_VALUE_TX FROM fccmatomic.KDD_JOB_DATASET_BINDING a WHERE a.JOB_ID = 100471 AND a.DATASET_ID = 114016623 ORDER BY a.ORDER_NB
05/07/2026 21:44:28 DEBUG : Thread ID = 140315833419520:  mantas:   File = job.cc:  Line = 239:  SELECT a.BINDING_NM, a.ATTR_NM, a.LOOP_FL, a.IGNORE_FL, a.MULTIPLE_RUN_FL, a.MULTIPLE_RUN_VALUE_TX FROM fccmatomic.KDD_JOB_DATASET_BINDING a WHERE a.JOB_ID = 100471 AND a.DATASET_ID = 114016625 ORDER BY a.ORDER_NB
05/07/2026 21:44:28 DEBUG : Thread ID = 140315833419520:  mantas:   File = job.cc:  Line = 239:  SELECT a.BINDING_NM, a.ATTR_NM, a.LOOP_FL, a.IGNORE_FL, a.MULTIPLE_RUN_FL, a.MULTIPLE_RUN_VALUE_TX FROM fccmatomic.KDD_JOB_DATASET_BINDING a WHERE a.JOB_ID = 100471 AND a.DATASET_ID = 114016627 ORDER BY a.ORDER_NB
05/07/2026 21:44:28 DEBUG : Thread ID = 140315833419520:  mantas:   File = job.cc:  Line = 239:  SELECT a.BINDING_NM, a.ATTR_NM, a.LOOP_FL, a.IGNORE_FL, a.MULTIPLE_RUN_FL, a.MULTIPLE_RUN_VALUE_TX FROM fccmatomic.KDD_JOB_DATASET_BINDING a WHERE a.JOB_ID = 100471 AND a.DATASET_ID = 114016629 ORDER BY a.ORDER_NB
05/07/2026 21:44:28 DEBUG : Thread ID = 140315833419520:  mantas:   File = job.cc:  Line = 239:  SELECT a.BINDING_NM, a.ATTR_NM, a.LOOP_FL, a.IGNORE_FL, a.MULTIPLE_RUN_FL, a.MULTIPLE_RUN_VALUE_TX FROM fccmatomic.KDD_JOB_DATASET_BINDING a WHERE a.JOB_ID = 100471 AND a.DATASET_ID = 118748635 ORDER BY a.ORDER_NB
05/07/2026 21:44:28 DEBUG : Thread ID = 140315833419520:  mantas:   File = job.cc:  Line = 356:  SELECT a.BINDING_NM, a.BINDING_VALUE_TX, a.LOWER_BOUND, a.UPPER_BOUND FROM fccmatomic.KDD_RUN_DATASET_BINDING a WHERE a.RUN_ID = 4601 AND a.DATASET_ID = 114016597
05/07/2026 21:44:28 DEBUG : Thread ID = 140315833419520:  mantas:   File = job.cc:  Line = 356:  SELECT a.BINDING_NM, a.BINDING_VALUE_TX, a.LOWER_BOUND, a.UPPER_BOUND FROM fccmatomic.KDD_RUN_DATASET_BINDING a WHERE a.RUN_ID = 4601 AND a.DATASET_ID = 114016601
05/07/2026 21:44:28 DEBUG : Thread ID = 140315833419520:  mantas:   File = job.cc:  Line = 356:  SELECT a.BINDING_NM, a.BINDING_VALUE_TX, a.LOWER_BOUND, a.UPPER_BOUND FROM fccmatomic.KDD_RUN_DATASET_BINDING a WHERE a.RUN_ID = 4601 AND a.DATASET_ID = 114016607
05/07/2026 21:44:28 DEBUG : Thread ID = 140315833419520:  mantas:   File = job.cc:  Line = 356:  SELECT a.BINDING_NM, a.BINDING_VALUE_TX, a.LOWER_BOUND, a.UPPER_BOUND FROM fccmatomic.KDD_RUN_DATASET_BINDING a WHERE a.RUN_ID = 4601 AND a.DATASET_ID = 114016614
05/07/2026 21:44:28 DEBUG : Thread ID = 140315833419520:  mantas:   File = job.cc:  Line = 356:  SELECT a.BINDING_NM, a.BINDING_VALUE_TX, a.LOWER_BOUND, a.UPPER_BOUND FROM fccmatomic.KDD_RUN_DATASET_BINDING a WHERE a.RUN_ID = 4601 AND a.DATASET_ID = 114016621
05/07/2026 21:44:28 DEBUG : Thread ID = 140315833419520:  mantas:   File = job.cc:  Line = 356:  SELECT a.BINDING_NM, a.BINDING_VALUE_TX, a.LOWER_BOUND, a.UPPER_BOUND FROM fccmatomic.KDD_RUN_DATASET_BINDING a WHERE a.RUN_ID = 4601 AND a.DATASET_ID = 114016623
05/07/2026 21:44:28 DEBUG : Thread ID = 140315833419520:  mantas:   File = job.cc:  Line = 356:  SELECT a.BINDING_NM, a.BINDING_VALUE_TX, a.LOWER_BOUND, a.UPPER_BOUND FROM fccmatomic.KDD_RUN_DATASET_BINDING a WHERE a.RUN_ID = 4601 AND a.DATASET_ID = 114016625
05/07/2026 21:44:28 DEBUG : Thread ID = 140315833419520:  mantas:   File = job.cc:  Line = 356:  SELECT a.BINDING_NM, a.BINDING_VALUE_TX, a.LOWER_BOUND, a.UPPER_BOUND FROM fccmatomic.KDD_RUN_DATASET_BINDING a WHERE a.RUN_ID = 4601 AND a.DATASET_ID = 114016627
05/07/2026 21:44:28 DEBUG : Thread ID = 140315833419520:  mantas:   File = job.cc:  Line = 356:  SELECT a.BINDING_NM, a.BINDING_VALUE_TX, a.LOWER_BOUND, a.UPPER_BOUND FROM fccmatomic.KDD_RUN_DATASET_BINDING a WHERE a.RUN_ID = 4601 AND a.DATASET_ID = 114016629
05/07/2026 21:44:28 DEBUG : Thread ID = 140315833419520:  mantas:   File = job.cc:  Line = 356:  SELECT a.BINDING_NM, a.BINDING_VALUE_TX, a.LOWER_BOUND, a.UPPER_BOUND FROM fccmatomic.KDD_RUN_DATASET_BINDING a WHERE a.RUN_ID = 4601 AND a.DATASET_ID = 118748635
05/07/2026 21:44:28 DEBUG : Thread ID = 140315833419520:  mantas:   File = dbparameter.cc:  Line = 51:  SELECT ALGORITHM_NM FROM fccmatomic.KDD_PARAM_SET a WHERE PARAM_SET_ID = 104701
05/07/2026 21:44:28 DEBUG : Thread ID = 140315833419520:  mantas:   File = dbparameter.cc:  Line = 134:  SELECT a.PARAM_NM, a.PARAM_TYPE_CD, b.DEFAULT_VALUE_TX FROM fccmatomic.KDD_ALGORITHM_PARAM a, fccmatomic.KDD_PARAM_DEFAULT b WHERE a.ALGORITHM_NM = 'Rule Matcher' AND a.ALGORITHM_NM = b.ALGORITHM_NM AND a.PARAM_NM = b.PARAM_NM
05/07/2026 21:44:28 DEBUG : Thread ID = 140315833419520:  mantas:   File = dbparameter.cc:  Line = 134:  SELECT a.PARAM_NM, a.PARAM_TYPE_CD, b.PARAM_VALUE_TX FROM fccmatomic.KDD_ALGORITHM_PARAM a, fccmatomic.KDD_PARAM_BINDING b WHERE b.PARAM_SET_ID = 104701 AND a.PARAM_NM = b.PARAM_NM AND a.ALGORITHM_NM = b.ALGORITHM_NM
05/07/2026 21:44:28 DEBUG : Thread ID = 140315833419520:  Rule Matcher:   File = TablePattern.cc:  Line = 94:  SELECT a.DEACT_TS, a.PTTRN_TYPE_CD FROM fccmatomic.KDD_PTTRN a WHERE a.PTTRN_ID = 114000526
05/07/2026 21:44:28 DEBUG : Thread ID = 140315833419520:  Rule Matcher:   File = TablePattern.cc:  Line = 63:  SELECT a.SCNRO_ID FROM fccmatomic.KDD_PTTRN a WHERE a.PTTRN_ID = 114000526
05/07/2026 21:44:28 DEBUG : Thread ID = 140315833419520:  Rule Matcher:   File = runupdater.cc:  Line = 104:  UPDATE fccmatomic.KDD_RUN SET RUN_MSG_TX = :Msg WHERE RUN_ID = 4601
05/07/2026 21:44:28 DEBUG : Thread ID = 140315833419520:  Rule Matcher:   File = runupdater.cc:  Line = 142:  UPDATE fccmatomic.KDD_RUN SET RUN_MSG_TX = :Msg WHERE RUN_ID = 4601
05/07/2026 21:44:28 DEBUG : Thread ID = 140315833419520:  Rule Matcher:   File = TablePatternDataset.cc:  Line = 35:  SELECT a.DATASET_ID FROM fccmatomic.KDD_PTTRN_DATASET a WHERE a.PTTRN_ID = 114000526 ORDER BY a.ORDER_NB
05/07/2026 21:44:28 DEBUG : Thread ID = 140315833419520:  Rule Matcher:   File = dsbuilder.cc:  Line = 66:  SELECT a.REALIZED_NM, a.DATASET_NM, a.PRNT_DATASET_ID FROM fccmatomic.KDD_DATASET a WHERE a.DATASET_ID = 114016597
05/07/2026 21:44:28 DEBUG : Thread ID = 140315833419520:  Rule Matcher:   File = dsbuilder.cc:  Line = 151:  SELECT a.ATTR_ID, UPPER(a.ATTR_NM) , a.TYPE_CD, a.ORDER_FL, a.DISCRETE_FL, b.KEY_FL, b.NAME_FL FROM fccmatomic.KDD_ATTR a, fccmatomic.KDD_DATASET_ATTR b WHERE b.DATASET_ID = 114016597 AND a.ATTR_ID = b.ATTR_ID
05/07/2026 21:44:28 DEBUG : Thread ID = 140315833419520:  Rule Matcher:   File = dsbuilder.cc:  Line = 248:  SELECT a.TAG_NM, a.TAG_VALUE_TX FROM fccmatomic.KDD_ATTR_TAG a WHERE a.ATTR_ID = 113001744
05/07/2026 21:44:28 DEBUG : Thread ID = 140315833419520:  Rule Matcher:   File = dsbuilder.cc:  Line = 248:  SELECT a.TAG_NM, a.TAG_VALUE_TX FROM fccmatomic.KDD_ATTR_TAG a WHERE a.ATTR_ID = 114004220
05/07/2026 21:44:28 DEBUG : Thread ID = 140315833419520:  Rule Matcher:   File = dsbuilder.cc:  Line = 248:  SELECT a.TAG_NM, a.TAG_VALUE_TX FROM fccmatomic.KDD_ATTR_TAG a WHERE a.ATTR_ID = 114004221
05/07/2026 21:44:28 DEBUG : Thread ID = 140315833419520:  Rule Matcher:   File = dsbuilder.cc:  Line = 248:  SELECT a.TAG_NM, a.TAG_VALUE_TX FROM fccmatomic.KDD_ATTR_TAG a WHERE a.ATTR_ID = 114004222
05/07/2026 21:44:28 DEBUG : Thread ID = 140315833419520:  Rule Matcher:   File = dsbuilder.cc:  Line = 248:  SELECT a.TAG_NM, a.TAG_VALUE_TX FROM fccmatomic.KDD_ATTR_TAG a WHERE a.ATTR_ID = 114004223
05/07/2026 21:44:28 DEBUG : Thread ID = 140315833419520:  Rule Matcher:   File = dsbuilder.cc:  Line = 248:  SELECT a.TAG_NM, a.TAG_VALUE_TX FROM fccmatomic.KDD_ATTR_TAG a WHERE a.ATTR_ID = 114004224
05/07/2026 21:44:28 DEBUG : Thread ID = 140315833419520:  Rule Matcher:   File = dsbuilder.cc:  Line = 248:  SELECT a.TAG_NM, a.TAG_VALUE_TX FROM fccmatomic.KDD_ATTR_TAG a WHERE a.ATTR_ID = 114004225
05/07/2026 21:44:28 DEBUG : Thread ID = 140315833419520:  Rule Matcher:   File = dsbuilder.cc:  Line = 248:  SELECT a.TAG_NM, a.TAG_VALUE_TX FROM fccmatomic.KDD_ATTR_TAG a WHERE a.ATTR_ID = 114004226
05/07/2026 21:44:28 DEBUG : Thread ID = 140315833419520:  Rule Matcher:   File = dsbuilder.cc:  Line = 248:  SELECT a.TAG_NM, a.TAG_VALUE_TX FROM fccmatomic.KDD_ATTR_TAG a WHERE a.ATTR_ID = 114004227
05/07/2026 21:44:28 DEBUG : Thread ID = 140315833419520:  Rule Matcher:   File = dsbuilder.cc:  Line = 248:  SELECT a.TAG_NM, a.TAG_VALUE_TX FROM fccmatomic.KDD_ATTR_TAG a WHERE a.ATTR_ID = 114004228
05/07/2026 21:44:28 DEBUG : Thread ID = 140315833419520:  Rule Matcher:   File = dsbuilder.cc:  Line = 248:  SELECT a.TAG_NM, a.TAG_VALUE_TX FROM fccmatomic.KDD_ATTR_TAG a WHERE a.ATTR_ID = 114004229
05/07/2026 21:44:28 DEBUG : Thread ID = 140315833419520:  Rule Matcher:   File = dsbuilder.cc:  Line = 248:  SELECT a.TAG_NM, a.TAG_VALUE_TX FROM fccmatomic.KDD_ATTR_TAG a WHERE a.ATTR_ID = 114004231
05/07/2026 21:44:28 DEBUG : Thread ID = 140315833419520:  Rule Matcher:   File = dsbuilder.cc:  Line = 248:  SELECT a.TAG_NM, a.TAG_VALUE_TX FROM fccmatomic.KDD_ATTR_TAG a WHERE a.ATTR_ID = 114004233
05/07/2026 21:44:28 DEBUG : Thread ID = 140315833419520:  Rule Matcher:   File = dsbuilder.cc:  Line = 248:  SELECT a.TAG_NM, a.TAG_VALUE_TX FROM fccmatomic.KDD_ATTR_TAG a WHERE a.ATTR_ID = 114004243
05/07/2026 21:44:28 DEBUG : Thread ID = 140315833419520:  Rule Matcher:   File = dsbuilder.cc:  Line = 248:  SELECT a.TAG_NM, a.TAG_VALUE_TX FROM fccmatomic.KDD_ATTR_TAG a WHERE a.ATTR_ID = 114004244
05/07/2026 21:44:28 DEBUG : Thread ID = 140315833419520:  Rule Matcher:   File = dsbuilder.cc:  Line = 248:  SELECT a.TAG_NM, a.TAG_VALUE_TX FROM fccmatomic.KDD_ATTR_TAG a WHERE a.ATTR_ID = 114004245
05/07/2026 21:44:28 DEBUG : Thread ID = 140315833419520:  Rule Matcher:   File = dsbuilder.cc:  Line = 248:  SELECT a.TAG_NM, a.TAG_VALUE_TX FROM fccmatomic.KDD_ATTR_TAG a WHERE a.ATTR_ID = 117350545
05/07/2026 21:44:28 DEBUG : Thread ID = 140315833419520:  Rule Matcher:   File = dsbuilder.cc:  Line = 248:  SELECT a.TAG_NM, a.TAG_VALUE_TX FROM fccmatomic.KDD_ATTR_TAG a WHERE a.ATTR_ID = 118860455
05/07/2026 21:44:28 DEBUG : Thread ID = 140315833419520:  Rule Matcher:   File = dsbuilder.cc:  Line = 290:  SELECT a.TRANSFORM_TX, a.REALIZED_FL FROM fccmatomic.KDD_TRANSFORM a WHERE a.DATASET_ID = 114016597 ORDER BY a.TRANSFORM_NB
05/07/2026 21:44:28 DEBUG : Thread ID = 140315833419520:  Rule Matcher:   File = dsbuilder.cc:  Line = 66:  SELECT a.REALIZED_NM, a.DATASET_NM, a.PRNT_DATASET_ID FROM fccmatomic.KDD_DATASET a WHERE a.DATASET_ID = 114016601
05/07/2026 21:44:28 DEBUG : Thread ID = 140315833419520:  Rule Matcher:   File = dsbuilder.cc:  Line = 151:  SELECT a.ATTR_ID, UPPER(a.ATTR_NM) , a.TYPE_CD, a.ORDER_FL, a.DISCRETE_FL, b.KEY_FL, b.NAME_FL FROM fccmatomic.KDD_ATTR a, fccmatomic.KDD_DATASET_ATTR b WHERE b.DATASET_ID = 114016601 AND a.ATTR_ID = b.ATTR_ID
05/07/2026 21:44:28 DEBUG : Thread ID = 140315833419520:  Rule Matcher:   File = dsbuilder.cc:  Line = 248:  SELECT a.TAG_NM, a.TAG_VALUE_TX FROM fccmatomic.KDD_ATTR_TAG a WHERE a.ATTR_ID = 113003600
05/07/2026 21:44:28 DEBUG : Thread ID = 140315833419520:  Rule Matcher:   File = dsbuilder.cc:  Line = 248:  SELECT a.TAG_NM, a.TAG_VALUE_TX FROM fccmatomic.KDD_ATTR_TAG a WHERE a.ATTR_ID = 116001708
05/07/2026 21:44:28 DEBUG : Thread ID = 140315833419520:  Rule Matcher:   File = dsbuilder.cc:  Line = 290:  SELECT a.TRANSFORM_TX, a.REALIZED_FL FROM fccmatomic.KDD_TRANSFORM a WHERE a.DATASET_ID = 114016601 ORDER BY a.TRANSFORM_NB
05/07/2026 21:44:28 DEBUG : Thread ID = 140315833419520:  Rule Matcher:   File = dsbuilder.cc:  Line = 66:  SELECT a.REALIZED_NM, a.DATASET_NM, a.PRNT_DATASET_ID FROM fccmatomic.KDD_DATASET a WHERE a.DATASET_ID = 114016607
05/07/2026 21:44:28 DEBUG : Thread ID = 140315833419520:  Rule Matcher:   File = dsbuilder.cc:  Line = 151:  SELECT a.ATTR_ID, UPPER(a.ATTR_NM) , a.TYPE_CD, a.ORDER_FL, a.DISCRETE_FL, b.KEY_FL, b.NAME_FL FROM fccmatomic.KDD_ATTR a, fccmatomic.KDD_DATASET_ATTR b WHERE b.DATASET_ID = 114016607 AND a.ATTR_ID = b.ATTR_ID
05/07/2026 21:44:28 DEBUG : Thread ID = 140315833419520:  Rule Matcher:   File = dsbuilder.cc:  Line = 248:  SELECT a.TAG_NM, a.TAG_VALUE_TX FROM fccmatomic.KDD_ATTR_TAG a WHERE a.ATTR_ID = 113003600
05/07/2026 21:44:28 DEBUG : Thread ID = 140315833419520:  Rule Matcher:   File = dsbuilder.cc:  Line = 248:  SELECT a.TAG_NM, a.TAG_VALUE_TX FROM fccmatomic.KDD_ATTR_TAG a WHERE a.ATTR_ID = 116001713
05/07/2026 21:44:28 DEBUG : Thread ID = 140315833419520:  Rule Matcher:   File = dsbuilder.cc:  Line = 290:  SELECT a.TRANSFORM_TX, a.REALIZED_FL FROM fccmatomic.KDD_TRANSFORM a WHERE a.DATASET_ID = 114016607 ORDER BY a.TRANSFORM_NB
05/07/2026 21:44:28 DEBUG : Thread ID = 140315833419520:  Rule Matcher:   File = dsbuilder.cc:  Line = 66:  SELECT a.REALIZED_NM, a.DATASET_NM, a.PRNT_DATASET_ID FROM fccmatomic.KDD_DATASET a WHERE a.DATASET_ID = 114016614
05/07/2026 21:44:28 DEBUG : Thread ID = 140315833419520:  Rule Matcher:   File = dsbuilder.cc:  Line = 151:  SELECT a.ATTR_ID, UPPER(a.ATTR_NM) , a.TYPE_CD, a.ORDER_FL, a.DISCRETE_FL, b.KEY_FL, b.NAME_FL FROM fccmatomic.KDD_ATTR a, fccmatomic.KDD_DATASET_ATTR b WHERE b.DATASET_ID = 114016614 AND a.ATTR_ID = b.ATTR_ID
05/07/2026 21:44:28 DEBUG : Thread ID = 140315833419520:  Rule Matcher:   File = dsbuilder.cc:  Line = 248:  SELECT a.TAG_NM, a.TAG_VALUE_TX FROM fccmatomic.KDD_ATTR_TAG a WHERE a.ATTR_ID = 113002710
05/07/2026 21:44:28 DEBUG : Thread ID = 140315833419520:  Rule Matcher:   File = dsbuilder.cc:  Line = 248:  SELECT a.TAG_NM, a.TAG_VALUE_TX FROM fccmatomic.KDD_ATTR_TAG a WHERE a.ATTR_ID = 116001688
05/07/2026 21:44:28 DEBUG : Thread ID = 140315833419520:  Rule Matcher:   File = dsbuilder.cc:  Line = 290:  SELECT a.TRANSFORM_TX, a.REALIZED_FL FROM fccmatomic.KDD_TRANSFORM a WHERE a.DATASET_ID = 114016614 ORDER BY a.TRANSFORM_NB
05/07/2026 21:44:28 DEBUG : Thread ID = 140315833419520:  Rule Matcher:   File = dsbuilder.cc:  Line = 66:  SELECT a.REALIZED_NM, a.DATASET_NM, a.PRNT_DATASET_ID FROM fccmatomic.KDD_DATASET a WHERE a.DATASET_ID = 114016621
05/07/2026 21:44:28 DEBUG : Thread ID = 140315833419520:  Rule Matcher:   File = dsbuilder.cc:  Line = 151:  SELECT a.ATTR_ID, UPPER(a.ATTR_NM) , a.TYPE_CD, a.ORDER_FL, a.DISCRETE_FL, b.KEY_FL, b.NAME_FL FROM fccmatomic.KDD_ATTR a, fccmatomic.KDD_DATASET_ATTR b WHERE b.DATASET_ID = 114016621 AND a.ATTR_ID = b.ATTR_ID
05/07/2026 21:44:28 DEBUG : Thread ID = 140315833419520:  Rule Matcher:   File = dsbuilder.cc:  Line = 248:  SELECT a.TAG_NM, a.TAG_VALUE_TX FROM fccmatomic.KDD_ATTR_TAG a WHERE a.ATTR_ID = 113002710
05/07/2026 21:44:28 DEBUG : Thread ID = 140315833419520:  Rule Matcher:   File = dsbuilder.cc:  Line = 248:  SELECT a.TAG_NM, a.TAG_VALUE_TX FROM fccmatomic.KDD_ATTR_TAG a WHERE a.ATTR_ID = 116001693
05/07/2026 21:44:28 DEBUG : Thread ID = 140315833419520:  Rule Matcher:   File = dsbuilder.cc:  Line = 290:  SELECT a.TRANSFORM_TX, a.REALIZED_FL FROM fccmatomic.KDD_TRANSFORM a WHERE a.DATASET_ID = 114016621 ORDER BY a.TRANSFORM_NB
05/07/2026 21:44:28 DEBUG : Thread ID = 140315833419520:  Rule Matcher:   File = dsbuilder.cc:  Line = 66:  SELECT a.REALIZED_NM, a.DATASET_NM, a.PRNT_DATASET_ID FROM fccmatomic.KDD_DATASET a WHERE a.DATASET_ID = 114016623
05/07/2026 21:44:28 DEBUG : Thread ID = 140315833419520:  Rule Matcher:   File = dsbuilder.cc:  Line = 151:  SELECT a.ATTR_ID, UPPER(a.ATTR_NM) , a.TYPE_CD, a.ORDER_FL, a.DISCRETE_FL, b.KEY_FL, b.NAME_FL FROM fccmatomic.KDD_ATTR a, fccmatomic.KDD_DATASET_ATTR b WHERE b.DATASET_ID = 114016623 AND a.ATTR_ID = b.ATTR_ID
05/07/2026 21:44:28 DEBUG : Thread ID = 140315833419520:  Rule Matcher:   File = dsbuilder.cc:  Line = 248:  SELECT a.TAG_NM, a.TAG_VALUE_TX FROM fccmatomic.KDD_ATTR_TAG a WHERE a.ATTR_ID = 113001550
05/07/2026 21:44:28 DEBUG : Thread ID = 140315833419520:  Rule Matcher:   File = dsbuilder.cc:  Line = 248:  SELECT a.TAG_NM, a.TAG_VALUE_TX FROM fccmatomic.KDD_ATTR_TAG a WHERE a.ATTR_ID = 116001698
05/07/2026 21:44:28 DEBUG : Thread ID = 140315833419520:  Rule Matcher:   File = dsbuilder.cc:  Line = 290:  SELECT a.TRANSFORM_TX, a.REALIZED_FL FROM fccmatomic.KDD_TRANSFORM a WHERE a.DATASET_ID = 114016623 ORDER BY a.TRANSFORM_NB
05/07/2026 21:44:28 DEBUG : Thread ID = 140315833419520:  Rule Matcher:   File = dsbuilder.cc:  Line = 66:  SELECT a.REALIZED_NM, a.DATASET_NM, a.PRNT_DATASET_ID FROM fccmatomic.KDD_DATASET a WHERE a.DATASET_ID = 114016625
05/07/2026 21:44:28 DEBUG : Thread ID = 140315833419520:  Rule Matcher:   File = dsbuilder.cc:  Line = 151:  SELECT a.ATTR_ID, UPPER(a.ATTR_NM) , a.TYPE_CD, a.ORDER_FL, a.DISCRETE_FL, b.KEY_FL, b.NAME_FL FROM fccmatomic.KDD_ATTR a, fccmatomic.KDD_DATASET_ATTR b WHERE b.DATASET_ID = 114016625 AND a.ATTR_ID = b.ATTR_ID
05/07/2026 21:44:28 DEBUG : Thread ID = 140315833419520:  Rule Matcher:   File = dsbuilder.cc:  Line = 248:  SELECT a.TAG_NM, a.TAG_VALUE_TX FROM fccmatomic.KDD_ATTR_TAG a WHERE a.ATTR_ID = 113001550
05/07/2026 21:44:28 DEBUG : Thread ID = 140315833419520:  Rule Matcher:   File = dsbuilder.cc:  Line = 248:  SELECT a.TAG_NM, a.TAG_VALUE_TX FROM fccmatomic.KDD_ATTR_TAG a WHERE a.ATTR_ID = 116001703
05/07/2026 21:44:28 DEBUG : Thread ID = 140315833419520:  Rule Matcher:   File = dsbuilder.cc:  Line = 290:  SELECT a.TRANSFORM_TX, a.REALIZED_FL FROM fccmatomic.KDD_TRANSFORM a WHERE a.DATASET_ID = 114016625 ORDER BY a.TRANSFORM_NB
05/07/2026 21:44:28 DEBUG : Thread ID = 140315833419520:  Rule Matcher:   File = dsbuilder.cc:  Line = 66:  SELECT a.REALIZED_NM, a.DATASET_NM, a.PRNT_DATASET_ID FROM fccmatomic.KDD_DATASET a WHERE a.DATASET_ID = 114016627
05/07/2026 21:44:28 DEBUG : Thread ID = 140315833419520:  Rule Matcher:   File = dsbuilder.cc:  Line = 151:  SELECT a.ATTR_ID, UPPER(a.ATTR_NM) , a.TYPE_CD, a.ORDER_FL, a.DISCRETE_FL, b.KEY_FL, b.NAME_FL FROM fccmatomic.KDD_ATTR a, fccmatomic.KDD_DATASET_ATTR b WHERE b.DATASET_ID = 114016627 AND a.ATTR_ID = b.ATTR_ID
05/07/2026 21:44:28 DEBUG : Thread ID = 140315833419520:  Rule Matcher:   File = dsbuilder.cc:  Line = 248:  SELECT a.TAG_NM, a.TAG_VALUE_TX FROM fccmatomic.KDD_ATTR_TAG a WHERE a.ATTR_ID = 113001472
05/07/2026 21:44:28 DEBUG : Thread ID = 140315833419520:  Rule Matcher:   File = dsbuilder.cc:  Line = 248:  SELECT a.TAG_NM, a.TAG_VALUE_TX FROM fccmatomic.KDD_ATTR_TAG a WHERE a.ATTR_ID = 116001678
05/07/2026 21:44:28 DEBUG : Thread ID = 140315833419520:  Rule Matcher:   File = dsbuilder.cc:  Line = 290:  SELECT a.TRANSFORM_TX, a.REALIZED_FL FROM fccmatomic.KDD_TRANSFORM a WHERE a.DATASET_ID = 114016627 ORDER BY a.TRANSFORM_NB
05/07/2026 21:44:28 DEBUG : Thread ID = 140315833419520:  Rule Matcher:   File = dsbuilder.cc:  Line = 66:  SELECT a.REALIZED_NM, a.DATASET_NM, a.PRNT_DATASET_ID FROM fccmatomic.KDD_DATASET a WHERE a.DATASET_ID = 114016629
05/07/2026 21:44:28 DEBUG : Thread ID = 140315833419520:  Rule Matcher:   File = dsbuilder.cc:  Line = 151:  SELECT a.ATTR_ID, UPPER(a.ATTR_NM) , a.TYPE_CD, a.ORDER_FL, a.DISCRETE_FL, b.KEY_FL, b.NAME_FL FROM fccmatomic.KDD_ATTR a, fccmatomic.KDD_DATASET_ATTR b WHERE b.DATASET_ID = 114016629 AND a.ATTR_ID = b.ATTR_ID
05/07/2026 21:44:28 DEBUG : Thread ID = 140315833419520:  Rule Matcher:   File = dsbuilder.cc:  Line = 248:  SELECT a.TAG_NM, a.TAG_VALUE_TX FROM fccmatomic.KDD_ATTR_TAG a WHERE a.ATTR_ID = 113001472
05/07/2026 21:44:28 DEBUG : Thread ID = 140315833419520:  Rule Matcher:   File = dsbuilder.cc:  Line = 248:  SELECT a.TAG_NM, a.TAG_VALUE_TX FROM fccmatomic.KDD_ATTR_TAG a WHERE a.ATTR_ID = 116001683
05/07/2026 21:44:28 DEBUG : Thread ID = 140315833419520:  Rule Matcher:   File = dsbuilder.cc:  Line = 290:  SELECT a.TRANSFORM_TX, a.REALIZED_FL FROM fccmatomic.KDD_TRANSFORM a WHERE a.DATASET_ID = 114016629 ORDER BY a.TRANSFORM_NB
05/07/2026 21:44:28 DEBUG : Thread ID = 140315833419520:  Rule Matcher:   File = dsbuilder.cc:  Line = 66:  SELECT a.REALIZED_NM, a.DATASET_NM, a.PRNT_DATASET_ID FROM fccmatomic.KDD_DATASET a WHERE a.DATASET_ID = 118748635
05/07/2026 21:44:28 DEBUG : Thread ID = 140315833419520:  Rule Matcher:   File = dsbuilder.cc:  Line = 151:  SELECT a.ATTR_ID, UPPER(a.ATTR_NM) , a.TYPE_CD, a.ORDER_FL, a.DISCRETE_FL, b.KEY_FL, b.NAME_FL FROM fccmatomic.KDD_ATTR a, fccmatomic.KDD_DATASET_ATTR b WHERE b.DATASET_ID = 118748635 AND a.ATTR_ID = b.ATTR_ID
05/07/2026 21:44:28 DEBUG : Thread ID = 140315833419520:  Rule Matcher:   File = dsbuilder.cc:  Line = 248:  SELECT a.TAG_NM, a.TAG_VALUE_TX FROM fccmatomic.KDD_ATTR_TAG a WHERE a.ATTR_ID = 113001001
05/07/2026 21:44:28 DEBUG : Thread ID = 140315833419520:  Rule Matcher:   File = dsbuilder.cc:  Line = 248:  SELECT a.TAG_NM, a.TAG_VALUE_TX FROM fccmatomic.KDD_ATTR_TAG a WHERE a.ATTR_ID = 113001003
05/07/2026 21:44:28 DEBUG : Thread ID = 140315833419520:  Rule Matcher:   File = dsbuilder.cc:  Line = 248:  SELECT a.TAG_NM, a.TAG_VALUE_TX FROM fccmatomic.KDD_ATTR_TAG a WHERE a.ATTR_ID = 118860965
05/07/2026 21:44:28 DEBUG : Thread ID = 140315833419520:  Rule Matcher:   File = dsbuilder.cc:  Line = 290:  SELECT a.TRANSFORM_TX, a.REALIZED_FL FROM fccmatomic.KDD_TRANSFORM a WHERE a.DATASET_ID = 118748635 ORDER BY a.TRANSFORM_NB
05/07/2026 21:44:28 DEBUG : Thread ID = 140315833419520:  Rule Matcher:   File = OracleSchema.cc:  Line = 126:  SELECT a.DATA_TYPE, a.DATA_PRECISION, a.DATA_SCALE, UPPER(a.COLUMN_NAME) FROM ALL_TAB_COLS a WHERE a.TABLE_NAME = 'DSVIEW114016597' AND a.OWNER = UPPER('fccmatomic')
05/07/2026 21:44:28 DEBUG : Thread ID = 140315833419520:  Rule Matcher:   File = TableDataset.cc:  Line = 169:  SELECT a.DATASET_ID, a.PRNT_DATASET_ID, a.DATASET_NM, a.USER_ID, a.CREATE_DT, a.REALIZED_NM, a.SQL_FL, a.SQL_CMMNT, a.SCNRO_ID, a.SQL_TX FROM fccmatomic.KDD_DATASET a WHERE a.SCNRO_ID = 116000099 ORDER BY a.DATASET_ID
05/07/2026 21:44:28 DEBUG : Thread ID = 140315833419520:  Rule Matcher:   File = TableThreshold.cc:  Line = 96:  SELECT a.TSHLD_NM, a.CURR_VALUE_TX, a.VALUE_TYPE_CD, a.DPLY_NM, a.DSPLY_SORT_ORDR_NB, a.DSPLY_FL, b.TSHLD_SET_NM FROM fccmatomic.KDD_TSHLD a, fccmatomic.KDD_TSHLD_SET b WHERE a.SCNRO_ID = 116000099 AND a.TSHLD_SET_ID = 1 AND b.TSHLD_SET_ID = 1 AND a.DEACT_TS IS NULL
05/07/2026 21:44:28 DEBUG : Thread ID = 140315833419520:  Rule Matcher:   File = OracleSchema.cc:  Line = 126:  SELECT a.DATA_TYPE, a.DATA_PRECISION, a.DATA_SCALE, UPPER(a.COLUMN_NAME) FROM ALL_TAB_COLS a WHERE a.TABLE_NAME = 'DSVIEW114016601' AND a.OWNER = UPPER('fccmatomic')
05/07/2026 21:44:28 DEBUG : Thread ID = 140315833419520:  Rule Matcher:   File = OracleSchema.cc:  Line = 126:  SELECT a.DATA_TYPE, a.DATA_PRECISION, a.DATA_SCALE, UPPER(a.COLUMN_NAME) FROM ALL_TAB_COLS a WHERE a.TABLE_NAME = 'DSVIEW114016607' AND a.OWNER = UPPER('fccmatomic')
05/07/2026 21:44:29 DEBUG : Thread ID = 140315833419520:  Rule Matcher:   File = OracleSchema.cc:  Line = 126:  SELECT a.DATA_TYPE, a.DATA_PRECISION, a.DATA_SCALE, UPPER(a.COLUMN_NAME) FROM ALL_TAB_COLS a WHERE a.TABLE_NAME = 'DSVIEW114016614' AND a.OWNER = UPPER('fccmatomic')
05/07/2026 21:44:29 DEBUG : Thread ID = 140315833419520:  Rule Matcher:   File = OracleSchema.cc:  Line = 126:  SELECT a.DATA_TYPE, a.DATA_PRECISION, a.DATA_SCALE, UPPER(a.COLUMN_NAME) FROM ALL_TAB_COLS a WHERE a.TABLE_NAME = 'DSVIEW114016621' AND a.OWNER = UPPER('fccmatomic')
05/07/2026 21:44:29 DEBUG : Thread ID = 140315833419520:  Rule Matcher:   File = OracleSchema.cc:  Line = 126:  SELECT a.DATA_TYPE, a.DATA_PRECISION, a.DATA_SCALE, UPPER(a.COLUMN_NAME) FROM ALL_TAB_COLS a WHERE a.TABLE_NAME = 'DSVIEW114016623' AND a.OWNER = UPPER('fccmatomic')
05/07/2026 21:44:29 DEBUG : Thread ID = 140315833419520:  Rule Matcher:   File = OracleSchema.cc:  Line = 126:  SELECT a.DATA_TYPE, a.DATA_PRECISION, a.DATA_SCALE, UPPER(a.COLUMN_NAME) FROM ALL_TAB_COLS a WHERE a.TABLE_NAME = 'DSVIEW114016625' AND a.OWNER = UPPER('fccmatomic')
05/07/2026 21:44:29 DEBUG : Thread ID = 140315833419520:  Rule Matcher:   File = OracleSchema.cc:  Line = 126:  SELECT a.DATA_TYPE, a.DATA_PRECISION, a.DATA_SCALE, UPPER(a.COLUMN_NAME) FROM ALL_TAB_COLS a WHERE a.TABLE_NAME = 'DSVIEW114016627' AND a.OWNER = UPPER('fccmatomic')
05/07/2026 21:44:29 DEBUG : Thread ID = 140315833419520:  Rule Matcher:   File = OracleSchema.cc:  Line = 126:  SELECT a.DATA_TYPE, a.DATA_PRECISION, a.DATA_SCALE, UPPER(a.COLUMN_NAME) FROM ALL_TAB_COLS a WHERE a.TABLE_NAME = 'DSVIEW114016629' AND a.OWNER = UPPER('fccmatomic')
05/07/2026 21:44:29 DEBUG : Thread ID = 140315833419520:  Rule Matcher:   File = OracleSchema.cc:  Line = 126:  SELECT a.DATA_TYPE, a.DATA_PRECISION, a.DATA_SCALE, UPPER(a.COLUMN_NAME) FROM ALL_TAB_COLS a WHERE a.TABLE_NAME = 'DSVIEW118748635' AND a.OWNER = UPPER('fccmatomic')
05/07/2026 21:44:29 DEBUG : Thread ID = 140315833419520:  Rule Matcher:   File = runupdater.cc:  Line = 104:  UPDATE fccmatomic.KDD_RUN SET RUN_MSG_TX = :Msg WHERE RUN_ID = 4601
05/07/2026 21:44:29 DEBUG : Thread ID = 140315833419520:  Rule Matcher:   File = runupdater.cc:  Line = 142:  UPDATE fccmatomic.KDD_RUN SET RUN_MSG_TX = :Msg WHERE RUN_ID = 4601
05/07/2026 21:44:29 DEBUG : Thread ID = 140315833419520:  Rule Matcher:   File = dbparse.cc:  Line = 148:  SELECT a.PTTRN_TX FROM fccmatomic.KDD_SEQ_PTTRN a WHERE a.PTTRN_ID = 114000526
05/07/2026 21:44:29 DEBUG : Thread ID = 140315833419520:  Rule Matcher:   File = TableThreshold.cc:  Line = 96:  SELECT a.TSHLD_NM, a.CURR_VALUE_TX, a.VALUE_TYPE_CD, a.DPLY_NM, a.DSPLY_SORT_ORDR_NB, a.DSPLY_FL, b.TSHLD_SET_NM FROM fccmatomic.KDD_TSHLD a, fccmatomic.KDD_TSHLD_SET b WHERE a.SCNRO_ID = 116000099 AND a.TSHLD_SET_ID = 1 AND b.TSHLD_SET_ID = 1 AND a.DEACT_TS IS NULL
05/07/2026 21:44:29 DEBUG : Thread ID = 140315833419520:  Rule Matcher:   File = runupdater.cc:  Line = 104:  UPDATE fccmatomic.KDD_RUN SET RUN_MSG_TX = :Msg WHERE RUN_ID = 4601
05/07/2026 21:44:29 DEBUG : Thread ID = 140315833419520:  Rule Matcher:   File = runupdater.cc:  Line = 142:  UPDATE fccmatomic.KDD_RUN SET RUN_MSG_TX = :Msg WHERE RUN_ID = 4601
05/07/2026 21:44:29 DEBUG : Thread ID = 140315833419520:  Rule Matcher:   File = TableInstallParameter.cc:  Line = 198:  SELECT a.ATTR_1_CD, a.ATTR_1_VALUE_TX, a.ATTR_2_CD, a.ATTR_2_VALUE_TX, a.ATTR_3_CD, a.ATTR_3_VALUE_TX, a.ATTR_4_CD, a.ATTR_4_VALUE_TX, a.ATTR_5_CD, a.ATTR_5_VALUE_TX, a.ATTR_6_CD, a.ATTR_6_VALUE_TX, a.ATTR_7_CD, a.ATTR_7_VALUE_TX, a.ATTR_8_CD, a.ATTR_8_VALUE_TX, a.ATTR_9_CD, a.ATTR_9_VALUE_TX, a.ATTR_10_CD, a.ATTR_10_VALUE_TX, a.ATTR_11_CD, a.ATTR_11_VALUE_TX, a.ATTR_12_CD, a.ATTR_12_VALUE_TX, a.ATTR_13_CD, a.ATTR_13_VALUE_TX, a.ATTR_14_CD, a.ATTR_14_VALUE_TX, a.ATTR_15_CD, a.ATTR_15_VALUE_TX FROM fccmatomic.KDD_INSTALL_PARAM a WHERE a.PARAM_NM = 'DLY'
05/07/2026 21:44:29 DEBUG : Thread ID = 140315833419520:  Rule Matcher:   File = TableInstallParameter.cc:  Line = 198:  SELECT a.ATTR_1_CD, a.ATTR_1_VALUE_TX, a.ATTR_2_CD, a.ATTR_2_VALUE_TX, a.ATTR_3_CD, a.ATTR_3_VALUE_TX, a.ATTR_4_CD, a.ATTR_4_VALUE_TX, a.ATTR_5_CD, a.ATTR_5_VALUE_TX, a.ATTR_6_CD, a.ATTR_6_VALUE_TX, a.ATTR_7_CD, a.ATTR_7_VALUE_TX, a.ATTR_8_CD, a.ATTR_8_VALUE_TX, a.ATTR_9_CD, a.ATTR_9_VALUE_TX, a.ATTR_10_CD, a.ATTR_10_VALUE_TX, a.ATTR_11_CD, a.ATTR_11_VALUE_TX, a.ATTR_12_CD, a.ATTR_12_VALUE_TX, a.ATTR_13_CD, a.ATTR_13_VALUE_TX, a.ATTR_14_CD, a.ATTR_14_VALUE_TX, a.ATTR_15_CD, a.ATTR_15_VALUE_TX FROM fccmatomic.KDD_INSTALL_PARAM a WHERE a.PARAM_NM = 'RMT_ROLES'
05/07/2026 21:44:29 INFO : Thread ID = 140315833419520:  Rule Matcher:   File = RuleMatcher.cc:  Line = 273:  Beginning Processing Primary Rule: 
  Job: 100471
  Run: 4601
  Pattern: 114000526
  Dataset: 114016597
  Focus Type: CUSTOMER
  Focal Attribute: cust_id 
05/07/2026 21:44:29 DEBUG : Thread ID = 140315833419520:  Rule Matcher:   File = UtilityFunctions.cc:  Line = 497:  alter session enable parallel query
05/07/2026 21:44:29 DEBUG : Thread ID = 140315833419520:  Rule Matcher:   File = UtilityFunctions.cc:  Line = 522:  alter session enable parallel dml
05/07/2026 21:44:29 DEBUG : Thread ID = 140315833419520:  Rule Matcher:   File = dscursor.cc:  Line = 1161:  Found a reference to a dataset.  Calling getDatasetSql to resolve thresholds.  Id = 114016597 
05/07/2026 21:44:29 DEBUG : Thread ID = 140315833419520:  Rule Matcher:   File = dscursor.cc:  Line = 1175:  After expansion, sql = SELECT ot.CUST_SEQ_ID, ot.LRF_PRCTG, ot.CUST_ID, ot.TOT_TRXN_CT_DBT, ot.TOT_TRXN_AM_DBT, ot.ACTVY_RISK, ot.TOT_TRXN_CT_CDT, ot.TOT_TRXN_CT, ot.TOT_TRXN_AM_CDT, ot.TOT_TRXN_AM, ot.HR_PRCTG, ot.OVERALL_RISK, ot.PASS_THRU_PRCTG, ot.SEASONED_CUST_FL, ot.EFFCTV_RISK, ot.CUST_ACCT_CT, ot.TRUSTED_TRANS_AMT, ot.FUNC_CRNCY_CD FROM (--Bug#33838789 Performance update, verification of the same CU in legs
--Bug#31536090 Performance update, splitting BENE/SCND BENE/ ORIG/SCND ORIG to separate UNION ALL parts
--OFSAABD-17684
with clndr_vw as ( --Bug#31536090 
select
(select cal.clndr_dt from fccmatomic.KDD_CAL cal where cal.CLNDR_NM = 'SYSCAL' and cal.CLNDR_DAY_AGE = @Look_Back_Period - 1) as Min_Dt,
(select cal.clndr_dt from fccmatomic.KDD_CAL cal where cal.CLNDR_NM = 'SYSCAL' and cal.CLNDR_DAY_AGE = 0) as Max_Dt,
(select add_days(cal.CLNDR_DT, -@Frequency_Period) from fccmatomic.KDD_CAL cal where cal.CLNDR_NM = 'SYSCAL' and cal.CLNDR_DAY_AGE = 0) as  Freq_Dt,
(select add_days(cal.CLNDR_DT, -@Max_Days_Opened) from fccmatomic.KDD_CAL cal where cal.CLNDR_NM = 'SYSCAL' and cal.CLNDR_DAY_AGE = 0) as Max_Days_Opened_Dt
FROM dual
),

Wire_Trxn_Vw as
(SELECT  
          tr.BENEF_ACCT_ID,
          tr.SCND_BENEF_ACCT_ID,
          tr.ORIG_ACCT_ID,
          tr.SCND_ORIG_ACCT_ID,
          tr.data_dump_dt,
          DECODE(@Curr_Type,'F',tr.TRXN_FUNC_AM,tr.TRXN_BASE_AM) as Trxn_Am,
          tr.BENEF_ACTVY_RISK_NB,
          tr.SCND_BENEF_ACTVY_RISK_NB,
          tr.ORIG_ACTVY_RISK_NB,
          tr.SCND_ORIG_ACTVY_RISK_NB,
          tr.INTRL_BENEF_ACCT_FL,
          tr.INTRL_SCND_BENEF_ACCT_FL,
          tr.INTRL_ORIG_ACCT_FL,          
          tr.INTRL_SCND_ORIG_ACCT_FL,
          (CASE WHEN tr.PASS_THRU_FL='Y' THEN DECODE(@Curr_Type,'F',tr.TRXN_FUNC_AM,tr.TRXN_BASE_AM) ELSE 0 END) PASS_THRU_AMT,        
          (CASE WHEN DECODE(@Curr_Type,'F',tr.TRXN_FUNC_AM,tr.TRXN_BASE_AM) - TRUNC(DECODE(@Curr_Type,'F',tr.TRXN_FUNC_AM,tr.TRXN_BASE_AM), -@Lrf_Digits) = 0 THEN DECODE(@Curr_Type,'F',tr.TRXN_FUNC_AM,tr.TRXN_BASE_AM) 
                 WHEN tr.RCV_TRXN_ACTVY_AM - TRUNC(tr.RCV_TRXN_ACTVY_AM, -@Lrf_Digits) = 0 THEN DECODE(@Curr_Type,'F',tr.TRXN_FUNC_AM,tr.TRXN_BASE_AM)
                 WHEN tr.SEND_TRXN_ACTVY_AM - TRUNC(tr.SEND_TRXN_ACTVY_AM, -@Lrf_Digits) = 0 THEN DECODE(@Curr_Type,'F',tr.TRXN_FUNC_AM,tr.TRXN_BASE_AM)
                 ELSE 0 END) LRF_AMT,
	      	case when tr.TRSTD_TRXN_FL = 'Y' then DECODE(@Curr_Type,'F',tr.TRXN_FUNC_AM,tr.TRXN_BASE_AM) else 0 end as Trusted_Trans_Amt,
          tr.FUNC_CRNCY_CD 				 
FROM      fccmatomic.WIRE_TRXN tr
WHERE
   (@All_Trans_Src_Fl='Y' OR tr.SRC_SYS_CD IN (@Incl_Trans_Src_Lst))
and DECODE(@Curr_Type,'F',tr.TRXN_FUNC_AM,tr.TRXN_BASE_AM) >=@Min_Individual_Trans_Amt
AND tr.MANTAS_TRXN_PRDCT_CD in (@Incl_Wire_Trxn_Prdct_Type_Lst)
and tr.MANTAS_TRXN_PURP_CD = 'GENERAL'
--31536090 
and tr.TRXN_EXCTN_DT >= (select Min_Dt from clndr_vw) and tr.TRXN_EXCTN_DT <= (select Max_Dt from clndr_vw)
and tr.DATA_DUMP_DT >= (select Min_Dt from clndr_vw) and tr.DATA_DUMP_DT <= (select Max_Dt from clndr_vw)
and (@Include_Related_Parties_Fl = 'Y' or   (tr.UNRLTD_PARTY_FL = 'Y' or tr.UNRLTD_PARTY_FL IS NULL))
and (@Include_B2B_Trnfr_Fl = 'Y' or NOT(tr.BANK_TO_BANK_TRNFR_FL = 'Y' and tr.PASS_THRU_FL = 'N'))
and (@Include_Trusted_Trans_FL = 'Y' or COALESCE(tr.TRSTD_TRXN_FL,'N') ='N')
and tr.CXL_PAIR_TRXN_INTRL_ID is null
),

Mi_Trxn_Vw as
(SELECT
          tr.BENEF_ACCT_ID,
          tr.SCND_BENEF_ACCT_ID,
          tr.REM_ACCT_ID,
          tr.data_dump_dt,
          --21153210
          tr.MANTAS_POST_DT,
          tr.MANTAS_ISSUE_DATE,
          DECODE(@Curr_Type,'F',tr.TRXN_FUNC_AM,tr.TRXN_BASE_AM) as Trxn_Am,
          tr.BENEF_ACTVY_RISK_NB,
          tr.SCND_BENEF_ACTVY_RISK_NB,
          tr.REM_ACTVY_RISK_NB,
          tr.INTRL_BENEF_ACCT_FL,
          tr.INTRL_SCND_BENEF_ACCT_FL,
          tr.INTRL_REM_ACCT_FL,
          (CASE WHEN tr.PASS_THRU_FL='Y' THEN DECODE(@Curr_Type,'F',tr.TRXN_FUNC_AM,tr.TRXN_BASE_AM) ELSE 0 END) PASS_THRU_AMT,        
          (CASE WHEN DECODE(@Curr_Type,'F',tr.TRXN_FUNC_AM,tr.TRXN_BASE_AM) - TRUNC(DECODE(@Curr_Type,'F',tr.TRXN_FUNC_AM,tr.TRXN_BASE_AM), -@Lrf_Digits) = 0 THEN DECODE(@Curr_Type,'F',tr.TRXN_FUNC_AM,tr.TRXN_BASE_AM) 
                 WHEN tr.CLR_TRXN_ACTVY_AM - TRUNC(tr.CLR_TRXN_ACTVY_AM, -@Lrf_Digits) = 0 THEN DECODE(@Curr_Type,'F',tr.TRXN_FUNC_AM,tr.TRXN_BASE_AM)
                 WHEN tr.DEP_TRXN_ACTVY_AM - TRUNC(tr.DEP_TRXN_ACTVY_AM, -@Lrf_Digits) = 0 THEN DECODE(@Curr_Type,'F',tr.TRXN_FUNC_AM,tr.TRXN_BASE_AM)
                 WHEN tr.ISSUE_TRXN_ACTVY_AM - TRUNC(tr.ISSUE_TRXN_ACTVY_AM, -@Lrf_Digits) = 0 THEN DECODE(@Curr_Type,'F',tr.TRXN_FUNC_AM,tr.TRXN_BASE_AM)
                 ELSE 0 END) LRF_AMT,
				  case when tr.TRSTD_TRXN_FL = 'Y' then DECODE(@Curr_Type,'F',tr.TRXN_FUNC_AM,tr.TRXN_BASE_AM) else 0 end as Trusted_Trans_Amt,
          tr.FUNC_CRNCY_CD
FROM      fccmatomic.MI_TRXN tr

WHERE
   (@All_Trans_Src_Fl='Y' OR tr.SRC_SYS_CD IN (@Incl_Trans_Src_Lst))
and tr.MANTAS_TRXN_PURP_CD = 'GENERAL'
and tr.MANTAS_TRXN_PRDCT_CD in (@Incl_MI_Trxn_Prdct_Type_Lst)
and DECODE(@Curr_Type,'F',tr.TRXN_FUNC_AM,tr.TRXN_BASE_AM) >=@Min_Individual_Trans_Amt
--31536090 
--21153210
--and tr.MANTAS_POST_DT IN (SELECT KC.CLNDR_DT FROM fccmatomic.KDD_CAL KC WHERE KC.CLNDR_NM='SYSCAL' AND KC.CLNDR_DAY_AGE between 0 and @Look_Back_Period - 1)
and tr.DATA_DUMP_DT >= (select Min_Dt from clndr_vw) and tr.DATA_DUMP_DT <= (select Max_Dt from clndr_vw)
and (@Include_Related_Parties_Fl = 'Y' or   (tr.UNRLTD_PARTY_FL = 'Y' or tr.UNRLTD_PARTY_FL IS NULL))
and (@Include_B2B_Trnfr_Fl = 'Y' or NOT(tr.BANK_TO_BANK_TRNFR_FL = 'Y' and tr.PASS_THRU_FL = 'N'))
and (@Include_Trusted_Trans_FL = 'Y' or COALESCE(tr.TRSTD_TRXN_FL,'N') ='N')
and tr.CXL_PAIR_TRXN_INTRL_ID is null
),

--27476375 
Cust_Accounts as
(SELECT 
        c.CUST_SEQ_ID,
        ac.PRMRY_CUST_INTRL_ID CUST_ID,
        ac.ACCT_INTRL_ID,
        c.CUST_EFCTV_RISK_NB,
        min(ac.ACCT_OPEN_DT) over (partition by c.CUST_SEQ_ID) Min_Acct_Open_Dt
        
FROM        
 fccmatomic.ACCT ac,
 fccmatomic.CUST c 
WHERE     
    c.CUST_INTRL_ID = ac.PRMRY_CUST_INTRL_ID
AND ac.MANTAS_ACCT_HOLDR_TYPE_CD in (@Incld_Acct_Hldr_Typ_Cd)
AND c.CUST_EFCTV_RISK_NB <> -2 
AND ac.MANTAS_ACCT_BUS_TYPE_CD in (@Mantas_Bus_Acct_Type_Lst)
AND (@All_Jurisdictions_Fl = 'Y' or c.JRSDCN_CD in (@Incl_Jurisdictions_Lst))
AND @Primary_Cust_Fl = 'Y'

UNION ALL
SELECT 
        c.CUST_SEQ_ID,
        c.CUST_INTRL_ID CUST_ID,
        ac.ACCT_INTRL_ID,
        c.CUST_EFCTV_RISK_NB,
        min(ac.ACCT_OPEN_DT) over (partition by c.CUST_SEQ_ID) Min_Acct_Open_Dt
FROM        
  fccmatomic.ACCT ac,
  fccmatomic.CUST_ACCT ca, 
  fccmatomic.CUST c,
  fccmatomic.CUST_ACCT_ROLE car
WHERE     
    ac.ACCT_INTRL_ID = ca.ACCT_INTRL_ID
AND ca.CUST_INTRL_ID = c.CUST_INTRL_ID
AND ca.CUST_ACCT_ROLE_CD = car.CUST_ACCT_ROLE_CD
AND ac.MANTAS_ACCT_HOLDR_TYPE_CD in (@Incld_Acct_Hldr_Typ_Cd)
AND c.CUST_EFCTV_RISK_NB <> -2 
AND ac.MANTAS_ACCT_BUS_TYPE_CD in (@Mantas_Bus_Acct_Type_Lst)
AND (@All_Jurisdictions_Fl = 'Y' or c.JRSDCN_CD in (@Incl_Jurisdictions_Lst))
AND (car.TRDNG_AUTH_FL = 'Y' or car.WDRWL_AUTH_FL = 'Y' or car.POA_FL = 'Y')
AND @Primary_Cust_Fl = 'N'
)

select 
       g.cust_seq_id
     , g.cust_id
     , g.Cust_Acct_Ct
     , g.SEASONED_CUST_FL
     , g.Tot_Trxn_Am_Cdt
     , g.Tot_trxn_ct_cdt
     , g.Tot_trxn_am_dbt
     , g.Tot_trxn_ct_dbt
     , g.Tot_trxn_am
     , g.Tot_trxn_ct
     , g.ACTVY_RISK
     , g.effctv_risk
     , g.Hr_Prctg, 
       g.Lrf_Prctg, 
       g.Pass_Thru_Prctg ,
       g.Overall_Risk
	 , g.Trusted_Trans_Amt
   , g.FUNC_CRNCY_CD
from 
(
SELECT
 max(t.cust_seq_id) AS cust_seq_id,
 t.cust_id,
 COUNT(DISTINCT t.acct_intrl_id) AS cust_acct_ct,
 MAX(SEAS_FL) SEASONED_CUST_FL,
 SUM(t.d_amt_cdt) AS tot_trxn_am_cdt,
 SUM(t.d_ct_cdt) AS tot_trxn_ct_cdt,
 SUM(t.d_amt_dbt) AS tot_trxn_am_dbt,
 SUM(t.d_ct_dbt) AS tot_trxn_ct_dbt,
 SUM(t.d_amt_cdt) + SUM(t.d_amt_dbt) AS tot_trxn_am,
 SUM(t.d_ct_cdt) + SUM(t.d_ct_dbt) AS tot_trxn_ct, 
 SUM(t.hr_amt) AS tot_hr_amt,
 SUM(t.lrf_amt) AS tot_lrf_amt,
 SUM(t.pass_thru_amt) AS tot_pass_thru_amt,
 MAX(t.activity_risk) AS ACTVY_RISK,
 MAX(t.effctv_risk) AS EFFCTV_RISK,
 CASE WHEN SUM(t.d_amt_cdt) + SUM(t.d_amt_dbt) = 0 THEN 0
  ELSE (SUM(t.hr_amt)*100) / (SUM(t.d_amt_cdt) + SUM(t.d_amt_dbt))
 END AS Hr_Prctg, 
 CASE WHEN SUM(t.d_amt_cdt) + SUM(t.d_amt_dbt) = 0 THEN 0
  ELSE (sum(t.lrf_amt)*100) / (SUM(t.d_amt_cdt) + SUM(t.d_amt_dbt))
 END AS Lrf_Prctg, 
 CASE WHEN SUM(t.d_amt_cdt) + SUM(t.d_amt_dbt) = 0 THEN 0
  ELSE (sum(t.pass_thru_amt)*100) / (SUM(t.d_amt_cdt) + SUM(t.d_amt_dbt))
 END AS Pass_Thru_Prctg ,
 CASE WHEN (max(t.effctv_risk) >= @Effctv_Risk_Cutoff_Lvl AND max(t.activity_risk) >= @Actvty_Risk_Cutoff_Lvl) THEN 'HR'
      WHEN (max(t.effctv_risk) < @Effctv_Risk_Cutoff_Lvl AND max(t.activity_risk) < @Actvty_Risk_Cutoff_Lvl) THEN 'RR'
    ELSE 'MR' 
 END AS OVERALL_RISK,
 sum(t.Trusted_Trans_Amt) as Trusted_Trans_Amt,
 max(t.FUNC_CRNCY_CD) as FUNC_CRNCY_CD

FROM (
-- WIRE Credit BENE 
SELECT 
          ca.CUST_SEQ_ID,
          ca.CUST_ID,
          ca.ACCT_INTRL_ID,
          tr.data_dump_dt as Dump_Dt,
          ca.CUST_EFCTV_RISK_NB AS effctv_risk,
          --31536090 
          CASE WHEN (ca.Min_Acct_Open_Dt) >= (select Max_Days_Opened_Dt from clndr_vw) THEN 0 
           ELSE 1 END SEAS_FL,
          tr.Trxn_Am AS d_amt_cdt,
          1 AS d_ct_cdt,
          0 AS d_amt_dbt,
          0 AS d_ct_dbt,
          --21153210
          CASE WHEN (tr.BENEF_ACCT_ID = ca.ACCT_INTRL_ID AND tr.INTRL_BENEF_ACCT_FL = 'Y')
               THEN tr.BENEF_ACTVY_RISK_NB 
               ELSE tr.SCND_BENEF_ACTVY_RISK_NB END ACTIVITY_RISK,
         (CASE WHEN
                 (tr.BENEF_ACCT_ID = ca.ACCT_INTRL_ID AND tr.INTRL_BENEF_ACCT_FL = 'Y' and tr.BENEF_ACTVY_RISK_NB > @Actvty_Risk_Cutoff_Lvl)  
                 OR
                 (tr.SCND_BENEF_ACCT_ID = ca.ACCT_INTRL_ID AND  tr.INTRL_SCND_BENEF_ACCT_FL = 'Y' AND tr.SCND_BENEF_ACTVY_RISK_NB > @Actvty_Risk_Cutoff_Lvl)
               THEN tr.Trxn_Am
               ELSE 0 END) HR_AMT,    
          tr.PASS_THRU_AMT,        
          tr.LRF_AMT,
		      tr.Trusted_Trans_Amt,
          tr.FUNC_CRNCY_CD				 
FROM      Wire_Trxn_Vw tr,
          Cust_Accounts ca
          
WHERE     
--21153210
--31536090 
(tr.BENEF_ACCT_ID = ca.ACCT_INTRL_ID AND tr.INTRL_BENEF_ACCT_FL = 'Y')

UNION ALL

-- WIRE Credit SCND_BENE 
SELECT 
          ca.CUST_SEQ_ID,
          ca.CUST_ID,
          ca.ACCT_INTRL_ID,
          tr.data_dump_dt as Dump_Dt,
          ca.CUST_EFCTV_RISK_NB AS effctv_risk,
          --31536090 
          CASE WHEN (ca.Min_Acct_Open_Dt) >= (select Max_Days_Opened_Dt from clndr_vw) THEN 0 
           ELSE 1 END SEAS_FL,
          tr.Trxn_Am AS d_amt_cdt,
          1 AS d_ct_cdt,
          0 AS d_amt_dbt,
          0 AS d_ct_dbt,
          --21153210
          CASE WHEN (tr.BENEF_ACCT_ID = ca.ACCT_INTRL_ID AND tr.INTRL_BENEF_ACCT_FL = 'Y')
               THEN tr.BENEF_ACTVY_RISK_NB 
               ELSE tr.SCND_BENEF_ACTVY_RISK_NB END ACTIVITY_RISK,
         (CASE WHEN
                 (tr.BENEF_ACCT_ID = ca.ACCT_INTRL_ID AND tr.INTRL_BENEF_ACCT_FL = 'Y' and tr.BENEF_ACTVY_RISK_NB > @Actvty_Risk_Cutoff_Lvl)  
                 OR
                 (tr.SCND_BENEF_ACCT_ID = ca.ACCT_INTRL_ID AND  tr.INTRL_SCND_BENEF_ACCT_FL = 'Y' AND tr.SCND_BENEF_ACTVY_RISK_NB > @Actvty_Risk_Cutoff_Lvl)
               THEN tr.Trxn_Am
               ELSE 0 END) HR_AMT,    
          tr.PASS_THRU_AMT,        
          tr.LRF_AMT,
		      tr.Trusted_Trans_Amt,
          tr.FUNC_CRNCY_CD				 
FROM      Wire_Trxn_Vw tr,
          Cust_Accounts ca
          
WHERE     
--21153210, 31536090,         
tr.SCND_BENEF_ACCT_ID = ca.ACCT_INTRL_ID AND tr.INTRL_SCND_BENEF_ACCT_FL = 'Y'
-- 33838789 
 -- verification that accounts in SCND_BENE and BENE are not impacted to the same Customer
and (case when tr.INTRL_BENEF_ACCT_FL <> 'Y'  then 1
          when ca.CUST_ID not in (select ca2.CUST_ID from Cust_Accounts ca2 where ca2.ACCT_INTRL_ID = COALESCE(tr.BENEF_ACCT_ID, 'NULL')) then 1
          else 0 end) = 1

UNION ALL

-- WIRE Debit ORIG 
SELECT 
          ca.CUST_SEQ_ID,
          ca.CUST_ID,
          ca.ACCT_INTRL_ID,
          tr.data_dump_dt as Dump_Dt,
          ca.CUST_EFCTV_RISK_NB AS effctv_risk,
          --31536090 
          CASE WHEN (ca.Min_Acct_Open_Dt) >= (select Max_Days_Opened_Dt from clndr_vw) THEN 0 
           ELSE 1 END SEAS_FL,
          0 AS d_amt_cdt,
          0 AS d_ct_cdt,
          tr.Trxn_Am AS d_amt_dbt,
          1 AS d_ct_dbt,
          --21153210
          CASE WHEN (tr.ORIG_ACCT_ID = ca.ACCT_INTRL_ID AND tr.INTRL_ORIG_ACCT_FL = 'Y')
               THEN tr.ORIG_ACTVY_RISK_NB 
               ELSE tr.SCND_ORIG_ACTVY_RISK_NB END ACTIVITY_RISK,
          (CASE WHEN
                 (tr.ORIG_ACCT_ID = ca.ACCT_INTRL_ID AND tr.INTRL_ORIG_ACCT_FL = 'Y' and tr.ORIG_ACTVY_RISK_NB > @Actvty_Risk_Cutoff_Lvl)  OR
                 (tr.SCND_ORIG_ACCT_ID = ca.ACCT_INTRL_ID AND  tr.INTRL_SCND_ORIG_ACCT_FL = 'Y' AND tr.SCND_ORIG_ACTVY_RISK_NB > @Actvty_Risk_Cutoff_Lvl)
                 THEN tr.Trxn_Am
                 ELSE 0 END) HR_AMT,           
          tr.PASS_THRU_AMT,        
          tr.LRF_AMT,
		      tr.Trusted_Trans_Amt,
          tr.FUNC_CRNCY_CD				 
FROM      Wire_Trxn_Vw tr,
          Cust_Accounts ca
WHERE     
--21153210, 31536090 

tr.ORIG_ACCT_ID = ca.ACCT_INTRL_ID AND tr.INTRL_ORIG_ACCT_FL = 'Y'

UNION ALL

-- WIRE Debit SCND_ORIG 
SELECT 
          ca.CUST_SEQ_ID,
          ca.CUST_ID,
          ca.ACCT_INTRL_ID,
          tr.data_dump_dt as Dump_Dt,
          ca.CUST_EFCTV_RISK_NB AS effctv_risk,
          --31536090 
          CASE WHEN (ca.Min_Acct_Open_Dt) >= (select Max_Days_Opened_Dt from clndr_vw) THEN 0 
           ELSE 1 END SEAS_FL,
          0 AS d_amt_cdt,
          0 AS d_ct_cdt,
          tr.Trxn_Am AS d_amt_dbt,
          1 AS d_ct_dbt,
          --21153210
          CASE WHEN (tr.ORIG_ACCT_ID = ca.ACCT_INTRL_ID AND tr.INTRL_ORIG_ACCT_FL = 'Y')
               THEN tr.ORIG_ACTVY_RISK_NB 
               ELSE tr.SCND_ORIG_ACTVY_RISK_NB END ACTIVITY_RISK,
          (CASE WHEN
                 (tr.ORIG_ACCT_ID = ca.ACCT_INTRL_ID AND tr.INTRL_ORIG_ACCT_FL = 'Y' and tr.ORIG_ACTVY_RISK_NB > @Actvty_Risk_Cutoff_Lvl)  OR
                 (tr.SCND_ORIG_ACCT_ID = ca.ACCT_INTRL_ID AND  tr.INTRL_SCND_ORIG_ACCT_FL = 'Y' AND tr.SCND_ORIG_ACTVY_RISK_NB > @Actvty_Risk_Cutoff_Lvl)
                 THEN tr.Trxn_Am
                 ELSE 0 END) HR_AMT,           
          tr.PASS_THRU_AMT,        
          tr.LRF_AMT,
		      tr.Trusted_Trans_Amt,
          tr.FUNC_CRNCY_CD				 
FROM      Wire_Trxn_Vw tr,
          Cust_Accounts ca
WHERE     
--21153210,31536090 
tr.SCND_ORIG_ACCT_ID = ca.ACCT_INTRL_ID AND tr.INTRL_SCND_ORIG_ACCT_FL = 'Y'
--33838789 verification that accounts in SCND_ORIG and ORIG are not impacted to the same Customer
and (case when tr.INTRL_ORIG_ACCT_FL <> 'Y'  then 1
          when ca.CUST_ID not in (select ca2.CUST_ID from Cust_Accounts ca2 where ca2.ACCT_INTRL_ID = COALESCE(tr.ORIG_ACCT_ID, 'NULL')) then 1
          else 0 end) = 1

UNION ALL
-- MI Credit BENE 
SELECT 
          ca.CUST_SEQ_ID,
          ca.CUST_ID,
          ca.acct_intrl_id,
          tr.data_dump_dt as Dump_Dt,
          ca.CUST_EFCTV_RISK_NB AS effctv_risk,
          --31536090 
          CASE WHEN (ca.Min_Acct_Open_Dt) >= (select Max_Days_Opened_Dt from clndr_vw) THEN 0 
           ELSE 1 END SEAS_FL,
          tr.Trxn_Am AS d_amt_cdt,
          1 AS d_ct_cdt,
          0 AS d_amt_dbt,
          0 AS d_ct_dbt,
          --21153210
          CASE WHEN (tr.BENEF_ACCT_ID = ca.ACCT_INTRL_ID AND tr.INTRL_BENEF_ACCT_FL = 'Y')
               THEN tr.BENEF_ACTVY_RISK_NB 
               ELSE tr.SCND_BENEF_ACTVY_RISK_NB END ACTIVITY_RISK,
         (CASE WHEN
                 (tr.BENEF_ACCT_ID = ca.ACCT_INTRL_ID AND tr.INTRL_BENEF_ACCT_FL = 'Y' and tr.BENEF_ACTVY_RISK_NB > @Actvty_Risk_Cutoff_Lvl)  
                 OR
                 (tr.SCND_BENEF_ACCT_ID = ca.ACCT_INTRL_ID AND  tr.INTRL_SCND_BENEF_ACCT_FL = 'Y' AND tr.SCND_BENEF_ACTVY_RISK_NB > @Actvty_Risk_Cutoff_Lvl)
               THEN tr.Trxn_Am
               ELSE 0 END) HR_AMT,    
          tr.PASS_THRU_AMT,        
          tr.LRF_AMT,
				  tr.Trusted_Trans_Amt,
          tr.FUNC_CRNCY_CD
FROM      Mi_Trxn_Vw tr,
          Cust_Accounts ca
WHERE     
--21153210, 31536090 
tr.BENEF_ACCT_ID = ca.ACCT_INTRL_ID AND tr.INTRL_BENEF_ACCT_FL = 'Y'
and tr.MANTAS_POST_DT >= (select Min_Dt from clndr_vw) and tr.MANTAS_POST_DT <= (select Max_Dt from clndr_vw)

UNION ALL

-- MI Credit SCND_BENE 
SELECT 
          ca.CUST_SEQ_ID,
          ca.CUST_ID,
          ca.acct_intrl_id,
          tr.data_dump_dt as Dump_Dt,
          ca.CUST_EFCTV_RISK_NB AS effctv_risk,
          --31536090 
          CASE WHEN (ca.Min_Acct_Open_Dt) >= (select Max_Days_Opened_Dt from clndr_vw) THEN 0 
           ELSE 1 END SEAS_FL,
          tr.Trxn_Am AS d_amt_cdt,
          1 AS d_ct_cdt,
          0 AS d_amt_dbt,
          0 AS d_ct_dbt,
          --21153210
          CASE WHEN (tr.BENEF_ACCT_ID = ca.ACCT_INTRL_ID AND tr.INTRL_BENEF_ACCT_FL = 'Y')
               THEN tr.BENEF_ACTVY_RISK_NB 
               ELSE tr.SCND_BENEF_ACTVY_RISK_NB END ACTIVITY_RISK,
         (CASE WHEN
                 (tr.BENEF_ACCT_ID = ca.ACCT_INTRL_ID AND tr.INTRL_BENEF_ACCT_FL = 'Y' and tr.BENEF_ACTVY_RISK_NB > @Actvty_Risk_Cutoff_Lvl)  
                 OR
                 (tr.SCND_BENEF_ACCT_ID = ca.ACCT_INTRL_ID AND  tr.INTRL_SCND_BENEF_ACCT_FL = 'Y' AND tr.SCND_BENEF_ACTVY_RISK_NB > @Actvty_Risk_Cutoff_Lvl)
               THEN tr.Trxn_Am
               ELSE 0 END) HR_AMT,    
          tr.PASS_THRU_AMT,        
          tr.LRF_AMT,
				  tr.Trusted_Trans_Amt,
          tr.FUNC_CRNCY_CD
FROM      Mi_Trxn_Vw tr,
          Cust_Accounts ca
WHERE     
--21153210, 31536090 
tr.SCND_BENEF_ACCT_ID = ca.ACCT_INTRL_ID AND tr.INTRL_SCND_BENEF_ACCT_FL = 'Y'
--33838789 verification that accounts in SCND_BENE and BENE are not impacted to the same Customer
and (case when tr.INTRL_BENEF_ACCT_FL <> 'Y'  then 1
           when ca.CUST_ID not in (select ca2.CUST_ID from Cust_Accounts ca2 where ca2.ACCT_INTRL_ID = COALESCE(tr.BENEF_ACCT_ID, 'NULL')) then 1
         else 0 end) = 1

and tr.MANTAS_POST_DT >= (select Min_Dt from clndr_vw) and tr.MANTAS_POST_DT <= (select Max_Dt from clndr_vw)


UNION ALL
-- MI Debit 
SELECT
          ca.CUST_SEQ_ID,
          ca.CUST_ID,
          ca.acct_intrl_id,
          tr.data_dump_dt as Dump_Dt,
          ca.CUST_EFCTV_RISK_NB AS effctv_risk,
          --31536090 
          CASE WHEN (ca.Min_Acct_Open_Dt) >= (select Max_Days_Opened_Dt from clndr_vw) THEN 0 
           ELSE 1 END SEAS_FL,
          0 AS d_amt_cdt,
          0 AS d_ct_cdt,
          tr.Trxn_Am AS d_amt_dbt,
          1 AS d_ct_dbt,
          tr.REM_ACTVY_RISK_NB ACTIVITY_RISK,
          (CASE WHEN tr.REM_ACTVY_RISK_NB > @Actvty_Risk_Cutoff_Lvl
                 THEN tr.Trxn_Am
                 ELSE 0 END) HR_AMT,                 
          tr.PASS_THRU_AMT,        
          tr.LRF_AMT,
				  tr.Trusted_Trans_Amt,
          tr.FUNC_CRNCY_CD
FROM      Mi_Trxn_Vw tr,
          Cust_Accounts ca

WHERE     tr.REM_ACCT_ID = ca.ACCT_INTRL_ID
and tr.INTRL_REM_ACCT_FL = 'Y'
--21153210, 31536090 
and tr.MANTAS_ISSUE_DATE >= (select Min_Dt from clndr_vw) and tr.MANTAS_ISSUE_DATE <= (select Max_Dt from clndr_vw)

UNION ALL
-- Cash Credit/Debit  
SELECT 
          ca.CUST_SEQ_ID,
          ca.CUST_ID,
          ca.acct_intrl_id,
          tr.data_dump_dt as Dump_Dt,
          ca.CUST_EFCTV_RISK_NB AS effctv_risk,
          --31536090 
          CASE WHEN (ca.Min_Acct_Open_Dt) >= (select Max_Days_Opened_Dt from clndr_vw) THEN 0 
           ELSE 1 END SEAS_FL,
          case when tr.DBT_CDT_CD = 'C' then DECODE(@Curr_Type,'F',tr.TRXN_FUNC_AM,tr.TRXN_BASE_AM) else 0 end AS d_amt_cdt,
          case when tr.DBT_CDT_CD = 'C' then 1 else 0 end AS d_ct_cdt,
          case when tr.DBT_CDT_CD = 'D' then DECODE(@Curr_Type,'F',tr.TRXN_FUNC_AM,tr.TRXN_BASE_AM) else 0 end AS d_amt_dbt,
          case when tr.DBT_CDT_CD = 'D' then 1 else 0 end AS d_ct_dbt,
          tr.CASH_TRXN_ACTVY_RISK_NB ACTIVITY_RISK,
          (CASE WHEN tr.CASH_TRXN_ACTVY_RISK_NB > @Actvty_Risk_Cutoff_Lvl
                 THEN DECODE(@Curr_Type,'F',tr.TRXN_FUNC_AM,tr.TRXN_BASE_AM)
                 ELSE 0 END) HR_AMT,                 
        0 PASS_THRU_AMT,        
        (CASE WHEN DECODE(@Curr_Type,'F',tr.TRXN_FUNC_AM,tr.TRXN_BASE_AM) - TRUNC(DECODE(@Curr_Type,'F',tr.TRXN_FUNC_AM,tr.TRXN_BASE_AM), -@Lrf_Digits) = 0 THEN DECODE(@Curr_Type,'F',tr.TRXN_FUNC_AM,tr.TRXN_BASE_AM) 
                 WHEN tr.TRXN_ACTVY_AM - TRUNC(tr.TRXN_ACTVY_AM, -@Lrf_Digits) = 0 THEN DECODE(@Curr_Type,'F',tr.TRXN_FUNC_AM,tr.TRXN_BASE_AM)
                 ELSE 0 END) LRF_AMT
		,0 as Trusted_Trans_Amt
        ,tr.FUNC_CRNCY_CD
FROM      fccmatomic.CASH_TRXN tr,
          Cust_Accounts ca

WHERE     tr.ACCT_INTRL_ID = ca.ACCT_INTRL_ID
AND       (@All_Trans_Src_Fl='Y' OR tr.SRC_SYS_CD IN (@Incl_Trans_Src_Lst))
and       tr.MANTAS_TRXN_PURP_CD = 'GENERAL'
and       tr.MANTAS_TRXN_PRDCT_CD in (@Incl_Cash_Trxn_Prdct_Type_Lst)
and       DECODE(@Curr_Type,'F',tr.TRXN_FUNC_AM,tr.TRXN_BASE_AM) >=@Min_Individual_Trans_Amt
--31536090 
and tr.TRXN_EXCTN_DT >= (select Min_Dt from clndr_vw) and tr.TRXN_EXCTN_DT <= (select Max_Dt from clndr_vw)
and tr.DATA_DUMP_DT >= (select Min_Dt from clndr_vw) and tr.DATA_DUMP_DT <= (select Max_Dt from clndr_vw)
and tr.CXL_PAIR_TRXN_INTRL_ID is null

UNION ALL
-- Jrnl Credit/Debit 
SELECT 
          ca.CUST_SEQ_ID,
          ca.CUST_ID,
          ca.acct_intrl_id,
          tr.data_dump_dt as Dump_Dt,
          ca.CUST_EFCTV_RISK_NB AS effctv_risk,
          --31536090 
          CASE WHEN (ca.Min_Acct_Open_Dt) >= (select Max_Days_Opened_Dt from clndr_vw) THEN 0 
           ELSE 1 END SEAS_FL,
          case when tr.DBT_CDT_CD = 'C' then DECODE(@Curr_Type,'F',tr.TRXN_FUNC_AM,tr.TRXN_BASE_AM) else 0 end AS d_amt_cdt,
          case when tr.DBT_CDT_CD = 'C' then 1 else 0 end AS d_ct_cdt,
          case when tr.DBT_CDT_CD = 'D' then DECODE(@Curr_Type,'F',tr.TRXN_FUNC_AM,tr.TRXN_BASE_AM) else 0 end AS d_amt_dbt,
          case when tr.DBT_CDT_CD = 'D' then 1 else 0 end AS d_ct_dbt,
          tr.BO_TRXN_ACTVY_RISK_NB ACTIVITY_RISK,
          (CASE WHEN tr.BO_TRXN_ACTVY_RISK_NB > @Actvty_Risk_Cutoff_Lvl
                 THEN DECODE(@Curr_Type,'F',tr.TRXN_FUNC_AM,tr.TRXN_BASE_AM)
                 ELSE 0 END) HR_AMT,                 
        0 PASS_THRU_AMT,        
        (CASE WHEN DECODE(@Curr_Type,'F',tr.TRXN_FUNC_AM,tr.TRXN_BASE_AM) - TRUNC(DECODE(@Curr_Type,'F',tr.TRXN_FUNC_AM,tr.TRXN_BASE_AM), -@Lrf_Digits) = 0 THEN DECODE(@Curr_Type,'F',tr.TRXN_FUNC_AM,tr.TRXN_BASE_AM) 
                 WHEN tr.TRXN_RPTNG_AM - TRUNC(tr.TRXN_RPTNG_AM, -@Lrf_Digits) = 0 THEN DECODE(@Curr_Type,'F',tr.TRXN_FUNC_AM,tr.TRXN_BASE_AM)
                 ELSE 0 END) LRF_AMT
		,case when tr.TRSTD_TRXN_FL = 'Y' then DECODE(@Curr_Type,'F',tr.TRXN_FUNC_AM,tr.TRXN_BASE_AM) else 0 end as Trusted_Trans_Amt	
        ,tr.FUNC_CRNCY_CD			 
FROM      fccmatomic.BACK_OFFICE_TRXN tr,
          Cust_Accounts ca
          
WHERE     ca.ACCT_INTRL_ID = tr.ACCT_INTRL_ID
AND       (@All_Trans_Src_Fl='Y' OR tr.SRC_SYS_CD IN (@Incl_Trans_Src_Lst))
and       DECODE(@Curr_Type,'F',tr.TRXN_FUNC_AM,tr.TRXN_BASE_AM) >=@Min_Individual_Trans_Amt 
AND       tr.MANTAS_TRXN_PRDCT_CD in (@Incl_BO_Trxn_Prdct_Type_Lst)
and       tr.MANTAS_TRXN_PURP_CD = 'GENERAL'
AND       tr.CXL_PAIR_TRXN_INTRL_ID is null
--31536090 
and tr.EXCTN_DT >= (select Min_Dt from clndr_vw) and tr.EXCTN_DT <= (select Max_Dt from clndr_vw)
and tr.DATA_DUMP_DT >= (select Min_Dt from clndr_vw) and tr.DATA_DUMP_DT <= (select Max_Dt from clndr_vw)
and (@Include_Related_Parties_Fl = 'Y' or (tr.UNRLTD_PARTY_CD IS NOT NULL))
and (@Include_Trusted_Trans_FL = 'Y' or COALESCE(tr.TRSTD_TRXN_FL,'N') ='N')

) t 
 GROUP BY  t.cust_id
having 
      --31536090 
      max(t.dump_dt) > (select Freq_Dt from clndr_vw) and max(t.dump_dt) <= (select Max_Dt from clndr_vw)
) g 
where
 (( Overall_Risk = 'HR' and 
    SEASONED_CUST_FL = 1 and
   (g.Tot_Trxn_Am_Cdt >= @HR_Seasoned_Amt or g.Tot_Trxn_Am_Dbt >= @HR_Seasoned_Amt)
   )
    or
    (Overall_Risk = 'MR' and 
    SEASONED_CUST_FL = 1 and
       (g.Tot_Trxn_Am_Cdt >= @MR_Seasoned_Amt or g.Tot_Trxn_Am_Dbt >= @MR_Seasoned_Amt))
    or
    ( Overall_Risk = 'RR'and 
    SEASONED_CUST_FL = 1 and
       (g.Tot_Trxn_Am_Cdt >= @RR_Seasoned_Amt or g.Tot_Trxn_Am_Dbt >= @RR_Seasoned_Amt))
    or
    (Overall_Risk = 'HR' and
     SEASONED_CUST_FL = 0 and
       (g.Tot_Trxn_Am_Cdt >= @HR_New_Amt or g.Tot_Trxn_Am_Dbt >= @HR_New_Amt))
    or
    (Overall_Risk = 'MR' and
     SEASONED_CUST_FL = 0 and
       (g.Tot_Trxn_Am_Cdt >= @MR_New_Amt or g.Tot_Trxn_Am_Dbt >= @MR_New_Amt))
    or
    ( Overall_Risk = 'RR'and
     SEASONED_CUST_FL = 0 and
       (g.Tot_Trxn_Am_Cdt >= @RR_New_Amt or g.Tot_Trxn_Am_Dbt >= @RR_New_Amt)))
 ) ot ORDER BY ot.CUST_SEQ_ID 
05/07/2026 21:44:29 DEBUG : Thread ID = 140315833419520:  Rule Matcher:   File = dscursor.cc:  Line = 748:  Preparing to select from dataset 114016597 
05/07/2026 21:44:29 DEBUG : Thread ID = 140315833419520:  Rule Matcher:   File = dscursor.cc:  Line = 754:  SELECT  ot.CUST_SEQ_ID, ot.LRF_PRCTG, ot.CUST_ID, ot.TOT_TRXN_CT_DBT, ot.TOT_TRXN_AM_DBT, ot.ACTVY_RISK, ot.TOT_TRXN_CT_CDT, ot.TOT_TRXN_CT, ot.TOT_TRXN_AM_CDT, ot.TOT_TRXN_AM, ot.HR_PRCTG, ot.OVERALL_RISK, ot.PASS_THRU_PRCTG, ot.SEASONED_CUST_FL, ot.EFFCTV_RISK, ot.CUST_ACCT_CT, ot.TRUSTED_TRANS_AMT, ot.FUNC_CRNCY_CD FROM (--Bug#33838789 Performance update, verification of the same CU in legs
--Bug#31536090 Performance update, splitting BENE/SCND BENE/ ORIG/SCND ORIG to separate UNION ALL parts
--OFSAABD-17684
with clndr_vw as ( --Bug#31536090 
select
(select cal.clndr_dt from fccmatomic.KDD_CAL cal where cal.CLNDR_NM = 'SYSCAL' and cal.CLNDR_DAY_AGE = 14 - 1) as Min_Dt,
(select cal.clndr_dt from fccmatomic.KDD_CAL cal where cal.CLNDR_NM = 'SYSCAL' and cal.CLNDR_DAY_AGE = 0) as Max_Dt,
(select add_days(cal.CLNDR_DT, -7) from fccmatomic.KDD_CAL cal where cal.CLNDR_NM = 'SYSCAL' and cal.CLNDR_DAY_AGE = 0) as  Freq_Dt,
(select add_days(cal.CLNDR_DT, -90) from fccmatomic.KDD_CAL cal where cal.CLNDR_NM = 'SYSCAL' and cal.CLNDR_DAY_AGE = 0) as Max_Days_Opened_Dt
FROM dual
),

Wire_Trxn_Vw as
(SELECT  
          tr.BENEF_ACCT_ID,
          tr.SCND_BENEF_ACCT_ID,
          tr.ORIG_ACCT_ID,
          tr.SCND_ORIG_ACCT_ID,
          tr.data_dump_dt,
          DECODE('B','F',tr.TRXN_FUNC_AM,tr.TRXN_BASE_AM) as Trxn_Am,
          tr.BENEF_ACTVY_RISK_NB,
          tr.SCND_BENEF_ACTVY_RISK_NB,
          tr.ORIG_ACTVY_RISK_NB,
          tr.SCND_ORIG_ACTVY_RISK_NB,
          tr.INTRL_BENEF_ACCT_FL,
          tr.INTRL_SCND_BENEF_ACCT_FL,
          tr.INTRL_ORIG_ACCT_FL,          
          tr.INTRL_SCND_ORIG_ACCT_FL,
          (CASE WHEN tr.PASS_THRU_FL='Y' THEN DECODE('B','F',tr.TRXN_FUNC_AM,tr.TRXN_BASE_AM) ELSE 0 END) PASS_THRU_AMT,        
          (CASE WHEN DECODE('B','F',tr.TRXN_FUNC_AM,tr.TRXN_BASE_AM) - TRUNC(DECODE('B','F',tr.TRXN_FUNC_AM,tr.TRXN_BASE_AM), -4) = 0 THEN DECODE('B','F',tr.TRXN_FUNC_AM,tr.TRXN_BASE_AM) 
                 WHEN tr.RCV_TRXN_ACTVY_AM - TRUNC(tr.RCV_TRXN_ACTVY_AM, -4) = 0 THEN DECODE('B','F',tr.TRXN_FUNC_AM,tr.TRXN_BASE_AM)
                 WHEN tr.SEND_TRXN_ACTVY_AM - TRUNC(tr.SEND_TRXN_ACTVY_AM, -4) = 0 THEN DECODE('B','F',tr.TRXN_FUNC_AM,tr.TRXN_BASE_AM)
                 ELSE 0 END) LRF_AMT,
	      	case when tr.TRSTD_TRXN_FL = 'Y' then DECODE('B','F',tr.TRXN_FUNC_AM,tr.TRXN_BASE_AM) else 0 end as Trusted_Trans_Amt,
          tr.FUNC_CRNCY_CD 				 
FROM      fccmatomic.WIRE_TRXN tr
WHERE
   ('Y'='Y' OR tr.SRC_SYS_CD IN ('Inactive'))
and DECODE('B','F',tr.TRXN_FUNC_AM,tr.TRXN_BASE_AM) >=3000
AND tr.MANTAS_TRXN_PRDCT_CD in ('EFT-ACH', 'EFT-TREASURY', 'EFT-FEDWIRE', 'EFT-SWIFT', 'EFT-OTHER','EST')
and tr.MANTAS_TRXN_PURP_CD = 'GENERAL'
--31536090 
and tr.TRXN_EXCTN_DT >= (select Min_Dt from clndr_vw) and tr.TRXN_EXCTN_DT <= (select Max_Dt from clndr_vw)
and tr.DATA_DUMP_DT >= (select Min_Dt from clndr_vw) and tr.DATA_DUMP_DT <= (select Max_Dt from clndr_vw)
and ('Y' = 'Y' or   (tr.UNRLTD_PARTY_FL = 'Y' or tr.UNRLTD_PARTY_FL IS NULL))
and ('Y' = 'Y' or NOT(tr.BANK_TO_BANK_TRNFR_FL = 'Y' and tr.PASS_THRU_FL = 'N'))
and ('Y' = 'Y' or COALESCE(tr.TRSTD_TRXN_FL,'N') ='N')
and tr.CXL_PAIR_TRXN_INTRL_ID is null
),

Mi_Trxn_Vw as
(SELECT
          tr.BENEF_ACCT_ID,
          tr.SCND_BENEF_ACCT_ID,
          tr.REM_ACCT_ID,
          tr.data_dump_dt,
          --21153210
          tr.MANTAS_POST_DT,
          tr.MANTAS_ISSUE_DATE,
          DECODE('B','F',tr.TRXN_FUNC_AM,tr.TRXN_BASE_AM) as Trxn_Am,
          tr.BENEF_ACTVY_RISK_NB,
          tr.SCND_BENEF_ACTVY_RISK_NB,
          tr.REM_ACTVY_RISK_NB,
          tr.INTRL_BENEF_ACCT_FL,
          tr.INTRL_SCND_BENEF_ACCT_FL,
          tr.INTRL_REM_ACCT_FL,
          (CASE WHEN tr.PASS_THRU_FL='Y' THEN DECODE('B','F',tr.TRXN_FUNC_AM,tr.TRXN_BASE_AM) ELSE 0 END) PASS_THRU_AMT,        
          (CASE WHEN DECODE('B','F',tr.TRXN_FUNC_AM,tr.TRXN_BASE_AM) - TRUNC(DECODE('B','F',tr.TRXN_FUNC_AM,tr.TRXN_BASE_AM), -4) = 0 THEN DECODE('B','F',tr.TRXN_FUNC_AM,tr.TRXN_BASE_AM) 
                 WHEN tr.CLR_TRXN_ACTVY_AM - TRUNC(tr.CLR_TRXN_ACTVY_AM, -4) = 0 THEN DECODE('B','F',tr.TRXN_FUNC_AM,tr.TRXN_BASE_AM)
                 WHEN tr.DEP_TRXN_ACTVY_AM - TRUNC(tr.DEP_TRXN_ACTVY_AM, -4) = 0 THEN DECODE('B','F',tr.TRXN_FUNC_AM,tr.TRXN_BASE_AM)
                 WHEN tr.ISSUE_TRXN_ACTVY_AM - TRUNC(tr.ISSUE_TRXN_ACTVY_AM, -4) = 0 THEN DECODE('B','F',tr.TRXN_FUNC_AM,tr.TRXN_BASE_AM)
                 ELSE 0 END) LRF_AMT,
				  case when tr.TRSTD_TRXN_FL = 'Y' then DECODE('B','F',tr.TRXN_FUNC_AM,tr.TRXN_BASE_AM) else 0 end as Trusted_Trans_Amt,
          tr.FUNC_CRNCY_CD
FROM      fccmatomic.MI_TRXN tr

WHERE
   ('Y'='Y' OR tr.SRC_SYS_CD IN ('Inactive'))
and tr.MANTAS_TRXN_PURP_CD = 'GENERAL'
and tr.MANTAS_TRXN_PRDCT_CD in ('CASH-EQ-CASHIER-CHECK', 'CASH-EQ-CERT-CHECK', 'CASH-EQ-MONEY-ORDER', 'CASH-EQ-TRAVELERS-CHECK', 'CASH-EQ-OTHER', 'CASH-LETTER', 'CHECK', 'PAPER-OTHER', 'CHECK-ACH')
and DECODE('B','F',tr.TRXN_FUNC_AM,tr.TRXN_BASE_AM) >=3000
--31536090 
--21153210
--and tr.MANTAS_POST_DT IN (SELECT KC.CLNDR_DT FROM fccmatomic.KDD_CAL KC WHERE KC.CLNDR_NM='SYSCAL' AND KC.CLNDR_DAY_AGE between 0 and 14 - 1)
and tr.DATA_DUMP_DT >= (select Min_Dt from clndr_vw) and tr.DATA_DUMP_DT <= (select Max_Dt from clndr_vw)
and ('Y' = 'Y' or   (tr.UNRLTD_PARTY_FL = 'Y' or tr.UNRLTD_PARTY_FL IS NULL))
and ('Y' = 'Y' or NOT(tr.BANK_TO_BANK_TRNFR_FL = 'Y' and tr.PASS_THRU_FL = 'N'))
and ('Y' = 'Y' or COALESCE(tr.TRSTD_TRXN_FL,'N') ='N')
and tr.CXL_PAIR_TRXN_INTRL_ID is null
),

--27476375 
Cust_Accounts as
(SELECT 
        c.CUST_SEQ_ID,
        ac.PRMRY_CUST_INTRL_ID CUST_ID,
        ac.ACCT_INTRL_ID,
        c.CUST_EFCTV_RISK_NB,
        min(ac.ACCT_OPEN_DT) over (partition by c.CUST_SEQ_ID) Min_Acct_Open_Dt
        
FROM        
 fccmatomic.ACCT ac,
 fccmatomic.CUST c 
WHERE     
    c.CUST_INTRL_ID = ac.PRMRY_CUST_INTRL_ID
AND ac.MANTAS_ACCT_HOLDR_TYPE_CD in ('CR')
AND c.CUST_EFCTV_RISK_NB <> -2 
AND ac.MANTAS_ACCT_BUS_TYPE_CD in ('RBK', 'RBR')
AND ('N' = 'Y' or c.JRSDCN_CD in ('AMEA'))
AND 'Y' = 'Y'

UNION ALL
SELECT 
        c.CUST_SEQ_ID,
        c.CUST_INTRL_ID CUST_ID,
        ac.ACCT_INTRL_ID,
        c.CUST_EFCTV_RISK_NB,
        min(ac.ACCT_OPEN_DT) over (partition by c.CUST_SEQ_ID) Min_Acct_Open_Dt
FROM        
  fccmatomic.ACCT ac,
  fccmatomic.CUST_ACCT ca, 
  fccmatomic.CUST c,
  fccmatomic.CUST_ACCT_ROLE car
WHERE     
    ac.ACCT_INTRL_ID = ca.ACCT_INTRL_ID
AND ca.CUST_INTRL_ID = c.CUST_INTRL_ID
AND ca.CUST_ACCT_ROLE_CD = car.CUST_ACCT_ROLE_CD
AND ac.MANTAS_ACCT_HOLDR_TYPE_CD in ('CR')
AND c.CUST_EFCTV_RISK_NB <> -2 
AND ac.MANTAS_ACCT_BUS_TYPE_CD in ('RBK', 'RBR')
AND ('N' = 'Y' or c.JRSDCN_CD in ('AMEA'))
AND (car.TRDNG_AUTH_FL = 'Y' or car.WDRWL_AUTH_FL = 'Y' or car.POA_FL = 'Y')
AND 'Y' = 'N'
)

select 
       g.cust_seq_id
     , g.cust_id
     , g.Cust_Acct_Ct
     , g.SEASONED_CUST_FL
     , g.Tot_Trxn_Am_Cdt
     , g.Tot_trxn_ct_cdt
     , g.Tot_trxn_am_dbt
     , g.Tot_trxn_ct_dbt
     , g.Tot_trxn_am
     , g.Tot_trxn_ct
     , g.ACTVY_RISK
     , g.effctv_risk
     , g.Hr_Prctg, 
       g.Lrf_Prctg, 
       g.Pass_Thru_Prctg ,
       g.Overall_Risk
	 , g.Trusted_Trans_Amt
   , g.FUNC_CRNCY_CD
from 
(
SELECT
 max(t.cust_seq_id) AS cust_seq_id,
 t.cust_id,
 COUNT(DISTINCT t.acct_intrl_id) AS cust_acct_ct,
 MAX(SEAS_FL) SEASONED_CUST_FL,
 SUM(t.d_amt_cdt) AS tot_trxn_am_cdt,
 SUM(t.d_ct_cdt) AS tot_trxn_ct_cdt,
 SUM(t.d_amt_dbt) AS tot_trxn_am_dbt,
 SUM(t.d_ct_dbt) AS tot_trxn_ct_dbt,
 SUM(t.d_amt_cdt) + SUM(t.d_amt_dbt) AS tot_trxn_am,
 SUM(t.d_ct_cdt) + SUM(t.d_ct_dbt) AS tot_trxn_ct, 
 SUM(t.hr_amt) AS tot_hr_amt,
 SUM(t.lrf_amt) AS tot_lrf_amt,
 SUM(t.pass_thru_amt) AS tot_pass_thru_amt,
 MAX(t.activity_risk) AS ACTVY_RISK,
 MAX(t.effctv_risk) AS EFFCTV_RISK,
 CASE WHEN SUM(t.d_amt_cdt) + SUM(t.d_amt_dbt) = 0 THEN 0
  ELSE (SUM(t.hr_amt)*100) / (SUM(t.d_amt_cdt) + SUM(t.d_amt_dbt))
 END AS Hr_Prctg, 
 CASE WHEN SUM(t.d_amt_cdt) + SUM(t.d_amt_dbt) = 0 THEN 0
  ELSE (sum(t.lrf_amt)*100) / (SUM(t.d_amt_cdt) + SUM(t.d_amt_dbt))
 END AS Lrf_Prctg, 
 CASE WHEN SUM(t.d_amt_cdt) + SUM(t.d_amt_dbt) = 0 THEN 0
  ELSE (sum(t.pass_thru_amt)*100) / (SUM(t.d_amt_cdt) + SUM(t.d_amt_dbt))
 END AS Pass_Thru_Prctg ,
 CASE WHEN (max(t.effctv_risk) >= 5 AND max(t.activity_risk) >= 5) THEN 'HR'
      WHEN (max(t.effctv_risk) < 5 AND max(t.activity_risk) < 5) THEN 'RR'
    ELSE 'MR' 
 END AS OVERALL_RISK,
 sum(t.Trusted_Trans_Amt) as Trusted_Trans_Amt,
 max(t.FUNC_CRNCY_CD) as FUNC_CRNCY_CD

FROM (
-- WIRE Credit BENE 
SELECT 
          ca.CUST_SEQ_ID,
          ca.CUST_ID,
          ca.ACCT_INTRL_ID,
          tr.data_dump_dt as Dump_Dt,
          ca.CUST_EFCTV_RISK_NB AS effctv_risk,
          --31536090 
          CASE WHEN (ca.Min_Acct_Open_Dt) >= (select Max_Days_Opened_Dt from clndr_vw) THEN 0 
           ELSE 1 END SEAS_FL,
          tr.Trxn_Am AS d_amt_cdt,
          1 AS d_ct_cdt,
          0 AS d_amt_dbt,
          0 AS d_ct_dbt,
          --21153210
          CASE WHEN (tr.BENEF_ACCT_ID = ca.ACCT_INTRL_ID AND tr.INTRL_BENEF_ACCT_FL = 'Y')
               THEN tr.BENEF_ACTVY_RISK_NB 
               ELSE tr.SCND_BENEF_ACTVY_RISK_NB END ACTIVITY_RISK,
         (CASE WHEN
                 (tr.BENEF_ACCT_ID = ca.ACCT_INTRL_ID AND tr.INTRL_BENEF_ACCT_FL = 'Y' and tr.BENEF_ACTVY_RISK_NB > 5)  
                 OR
                 (tr.SCND_BENEF_ACCT_ID = ca.ACCT_INTRL_ID AND  tr.INTRL_SCND_BENEF_ACCT_FL = 'Y' AND tr.SCND_BENEF_ACTVY_RISK_NB > 5)
               THEN tr.Trxn_Am
               ELSE 0 END) HR_AMT,    
          tr.PASS_THRU_AMT,        
          tr.LRF_AMT,
		      tr.Trusted_Trans_Amt,
          tr.FUNC_CRNCY_CD				 
FROM      Wire_Trxn_Vw tr,
          Cust_Accounts ca
          
WHERE     
--21153210
--31536090 
(tr.BENEF_ACCT_ID = ca.ACCT_INTRL_ID AND tr.INTRL_BENEF_ACCT_FL = 'Y')

UNION ALL

-- WIRE Credit SCND_BENE 
SELECT 
          ca.CUST_SEQ_ID,
          ca.CUST_ID,
          ca.ACCT_INTRL_ID,
          tr.data_dump_dt as Dump_Dt,
          ca.CUST_EFCTV_RISK_NB AS effctv_risk,
          --31536090 
          CASE WHEN (ca.Min_Acct_Open_Dt) >= (select Max_Days_Opened_Dt from clndr_vw) THEN 0 
           ELSE 1 END SEAS_FL,
          tr.Trxn_Am AS d_amt_cdt,
          1 AS d_ct_cdt,
          0 AS d_amt_dbt,
          0 AS d_ct_dbt,
          --21153210
          CASE WHEN (tr.BENEF_ACCT_ID = ca.ACCT_INTRL_ID AND tr.INTRL_BENEF_ACCT_FL = 'Y')
               THEN tr.BENEF_ACTVY_RISK_NB 
               ELSE tr.SCND_BENEF_ACTVY_RISK_NB END ACTIVITY_RISK,
         (CASE WHEN
                 (tr.BENEF_ACCT_ID = ca.ACCT_INTRL_ID AND tr.INTRL_BENEF_ACCT_FL = 'Y' and tr.BENEF_ACTVY_RISK_NB > 5)  
                 OR
                 (tr.SCND_BENEF_ACCT_ID = ca.ACCT_INTRL_ID AND  tr.INTRL_SCND_BENEF_ACCT_FL = 'Y' AND tr.SCND_BENEF_ACTVY_RISK_NB > 5)
               THEN tr.Trxn_Am
               ELSE 0 END) HR_AMT,    
          tr.PASS_THRU_AMT,        
          tr.LRF_AMT,
		      tr.Trusted_Trans_Amt,
          tr.FUNC_CRNCY_CD				 
FROM      Wire_Trxn_Vw tr,
          Cust_Accounts ca
          
WHERE     
--21153210, 31536090,         
tr.SCND_BENEF_ACCT_ID = ca.ACCT_INTRL_ID AND tr.INTRL_SCND_BENEF_ACCT_FL = 'Y'
-- 33838789 
 -- verification that accounts in SCND_BENE and BENE are not impacted to the same Customer
and (case when tr.INTRL_BENEF_ACCT_FL <> 'Y'  then 1
          when ca.CUST_ID not in (select ca2.CUST_ID from Cust_Accounts ca2 where ca2.ACCT_INTRL_ID = COALESCE(tr.BENEF_ACCT_ID, 'NULL')) then 1
          else 0 end) = 1

UNION ALL

-- WIRE Debit ORIG 
SELECT 
          ca.CUST_SEQ_ID,
          ca.CUST_ID,
          ca.ACCT_INTRL_ID,
          tr.data_dump_dt as Dump_Dt,
          ca.CUST_EFCTV_RISK_NB AS effctv_risk,
          --31536090 
          CASE WHEN (ca.Min_Acct_Open_Dt) >= (select Max_Days_Opened_Dt from clndr_vw) THEN 0 
           ELSE 1 END SEAS_FL,
          0 AS d_amt_cdt,
          0 AS d_ct_cdt,
          tr.Trxn_Am AS d_amt_dbt,
          1 AS d_ct_dbt,
          --21153210
          CASE WHEN (tr.ORIG_ACCT_ID = ca.ACCT_INTRL_ID AND tr.INTRL_ORIG_ACCT_FL = 'Y')
               THEN tr.ORIG_ACTVY_RISK_NB 
               ELSE tr.SCND_ORIG_ACTVY_RISK_NB END ACTIVITY_RISK,
          (CASE WHEN
                 (tr.ORIG_ACCT_ID = ca.ACCT_INTRL_ID AND tr.INTRL_ORIG_ACCT_FL = 'Y' and tr.ORIG_ACTVY_RISK_NB > 5)  OR
                 (tr.SCND_ORIG_ACCT_ID = ca.ACCT_INTRL_ID AND  tr.INTRL_SCND_ORIG_ACCT_FL = 'Y' AND tr.SCND_ORIG_ACTVY_RISK_NB > 5)
                 THEN tr.Trxn_Am
                 ELSE 0 END) HR_AMT,           
          tr.PASS_THRU_AMT,        
          tr.LRF_AMT,
		      tr.Trusted_Trans_Amt,
          tr.FUNC_CRNCY_CD				 
FROM      Wire_Trxn_Vw tr,
          Cust_Accounts ca
WHERE     
--21153210, 31536090 

tr.ORIG_ACCT_ID = ca.ACCT_INTRL_ID AND tr.INTRL_ORIG_ACCT_FL = 'Y'

UNION ALL

-- WIRE Debit SCND_ORIG 
SELECT 
          ca.CUST_SEQ_ID,
          ca.CUST_ID,
          ca.ACCT_INTRL_ID,
          tr.data_dump_dt as Dump_Dt,
          ca.CUST_EFCTV_RISK_NB AS effctv_risk,
          --31536090 
          CASE WHEN (ca.Min_Acct_Open_Dt) >= (select Max_Days_Opened_Dt from clndr_vw) THEN 0 
           ELSE 1 END SEAS_FL,
          0 AS d_amt_cdt,
          0 AS d_ct_cdt,
          tr.Trxn_Am AS d_amt_dbt,
          1 AS d_ct_dbt,
          --21153210
          CASE WHEN (tr.ORIG_ACCT_ID = ca.ACCT_INTRL_ID AND tr.INTRL_ORIG_ACCT_FL = 'Y')
               THEN tr.ORIG_ACTVY_RISK_NB 
               ELSE tr.SCND_ORIG_ACTVY_RISK_NB END ACTIVITY_RISK,
          (CASE WHEN
                 (tr.ORIG_ACCT_ID = ca.ACCT_INTRL_ID AND tr.INTRL_ORIG_ACCT_FL = 'Y' and tr.ORIG_ACTVY_RISK_NB > 5)  OR
                 (tr.SCND_ORIG_ACCT_ID = ca.ACCT_INTRL_ID AND  tr.INTRL_SCND_ORIG_ACCT_FL = 'Y' AND tr.SCND_ORIG_ACTVY_RISK_NB > 5)
                 THEN tr.Trxn_Am
                 ELSE 0 END) HR_AMT,           
          tr.PASS_THRU_AMT,        
          tr.LRF_AMT,
		      tr.Trusted_Trans_Amt,
          tr.FUNC_CRNCY_CD				 
FROM      Wire_Trxn_Vw tr,
          Cust_Accounts ca
WHERE     
--21153210,31536090 
tr.SCND_ORIG_ACCT_ID = ca.ACCT_INTRL_ID AND tr.INTRL_SCND_ORIG_ACCT_FL = 'Y'
--33838789 verification that accounts in SCND_ORIG and ORIG are not impacted to the same Customer
and (case when tr.INTRL_ORIG_ACCT_FL <> 'Y'  then 1
          when ca.CUST_ID not in (select ca2.CUST_ID from Cust_Accounts ca2 where ca2.ACCT_INTRL_ID = COALESCE(tr.ORIG_ACCT_ID, 'NULL')) then 1
          else 0 end) = 1

UNION ALL
-- MI Credit BENE 
SELECT 
          ca.CUST_SEQ_ID,
          ca.CUST_ID,
          ca.acct_intrl_id,
          tr.data_dump_dt as Dump_Dt,
          ca.CUST_EFCTV_RISK_NB AS effctv_risk,
          --31536090 
          CASE WHEN (ca.Min_Acct_Open_Dt) >= (select Max_Days_Opened_Dt from clndr_vw) THEN 0 
           ELSE 1 END SEAS_FL,
          tr.Trxn_Am AS d_amt_cdt,
          1 AS d_ct_cdt,
          0 AS d_amt_dbt,
          0 AS d_ct_dbt,
          --21153210
          CASE WHEN (tr.BENEF_ACCT_ID = ca.ACCT_INTRL_ID AND tr.INTRL_BENEF_ACCT_FL = 'Y')
               THEN tr.BENEF_ACTVY_RISK_NB 
               ELSE tr.SCND_BENEF_ACTVY_RISK_NB END ACTIVITY_RISK,
         (CASE WHEN
                 (tr.BENEF_ACCT_ID = ca.ACCT_INTRL_ID AND tr.INTRL_BENEF_ACCT_FL = 'Y' and tr.BENEF_ACTVY_RISK_NB > 5)  
                 OR
                 (tr.SCND_BENEF_ACCT_ID = ca.ACCT_INTRL_ID AND  tr.INTRL_SCND_BENEF_ACCT_FL = 'Y' AND tr.SCND_BENEF_ACTVY_RISK_NB > 5)
               THEN tr.Trxn_Am
               ELSE 0 END) HR_AMT,    
          tr.PASS_THRU_AMT,        
          tr.LRF_AMT,
				  tr.Trusted_Trans_Amt,
          tr.FUNC_CRNCY_CD
FROM      Mi_Trxn_Vw tr,
          Cust_Accounts ca
WHERE     
--21153210, 31536090 
tr.BENEF_ACCT_ID = ca.ACCT_INTRL_ID AND tr.INTRL_BENEF_ACCT_FL = 'Y'
and tr.MANTAS_POST_DT >= (select Min_Dt from clndr_vw) and tr.MANTAS_POST_DT <= (select Max_Dt from clndr_vw)

UNION ALL

-- MI Credit SCND_BENE 
SELECT 
          ca.CUST_SEQ_ID,
          ca.CUST_ID,
          ca.acct_intrl_id,
          tr.data_dump_dt as Dump_Dt,
          ca.CUST_EFCTV_RISK_NB AS effctv_risk,
          --31536090 
          CASE WHEN (ca.Min_Acct_Open_Dt) >= (select Max_Days_Opened_Dt from clndr_vw) THEN 0 
           ELSE 1 END SEAS_FL,
          tr.Trxn_Am AS d_amt_cdt,
          1 AS d_ct_cdt,
          0 AS d_amt_dbt,
          0 AS d_ct_dbt,
          --21153210
          CASE WHEN (tr.BENEF_ACCT_ID = ca.ACCT_INTRL_ID AND tr.INTRL_BENEF_ACCT_FL = 'Y')
               THEN tr.BENEF_ACTVY_RISK_NB 
               ELSE tr.SCND_BENEF_ACTVY_RISK_NB END ACTIVITY_RISK,
         (CASE WHEN
                 (tr.BENEF_ACCT_ID = ca.ACCT_INTRL_ID AND tr.INTRL_BENEF_ACCT_FL = 'Y' and tr.BENEF_ACTVY_RISK_NB > 5)  
                 OR
                 (tr.SCND_BENEF_ACCT_ID = ca.ACCT_INTRL_ID AND  tr.INTRL_SCND_BENEF_ACCT_FL = 'Y' AND tr.SCND_BENEF_ACTVY_RISK_NB > 5)
               THEN tr.Trxn_Am
               ELSE 0 END) HR_AMT,    
          tr.PASS_THRU_AMT,        
          tr.LRF_AMT,
				  tr.Trusted_Trans_Amt,
          tr.FUNC_CRNCY_CD
FROM      Mi_Trxn_Vw tr,
          Cust_Accounts ca
WHERE     
--21153210, 31536090 
tr.SCND_BENEF_ACCT_ID = ca.ACCT_INTRL_ID AND tr.INTRL_SCND_BENEF_ACCT_FL = 'Y'
--33838789 verification that accounts in SCND_BENE and BENE are not impacted to the same Customer
and (case when tr.INTRL_BENEF_ACCT_FL <> 'Y'  then 1
           when ca.CUST_ID not in (select ca2.CUST_ID from Cust_Accounts ca2 where ca2.ACCT_INTRL_ID = COALESCE(tr.BENEF_ACCT_ID, 'NULL')) then 1
         else 0 end) = 1

and tr.MANTAS_POST_DT >= (select Min_Dt from clndr_vw) and tr.MANTAS_POST_DT <= (select Max_Dt from clndr_vw)


UNION ALL
-- MI Debit 
SELECT
          ca.CUST_SEQ_ID,
          ca.CUST_ID,
          ca.acct_intrl_id,
          tr.data_dump_dt as Dump_Dt,
          ca.CUST_EFCTV_RISK_NB AS effctv_risk,
          --31536090 
          CASE WHEN (ca.Min_Acct_Open_Dt) >= (select Max_Days_Opened_Dt from clndr_vw) THEN 0 
           ELSE 1 END SEAS_FL,
          0 AS d_amt_cdt,
          0 AS d_ct_cdt,
          tr.Trxn_Am AS d_amt_dbt,
          1 AS d_ct_dbt,
          tr.REM_ACTVY_RISK_NB ACTIVITY_RISK,
          (CASE WHEN tr.REM_ACTVY_RISK_NB > 5
                 THEN tr.Trxn_Am
                 ELSE 0 END) HR_AMT,                 
          tr.PASS_THRU_AMT,        
          tr.LRF_AMT,
				  tr.Trusted_Trans_Amt,
          tr.FUNC_CRNCY_CD
FROM      Mi_Trxn_Vw tr,
          Cust_Accounts ca

WHERE     tr.REM_ACCT_ID = ca.ACCT_INTRL_ID
and tr.INTRL_REM_ACCT_FL = 'Y'
--21153210, 31536090 
and tr.MANTAS_ISSUE_DATE >= (select Min_Dt from clndr_vw) and tr.MANTAS_ISSUE_DATE <= (select Max_Dt from clndr_vw)

UNION ALL
-- Cash Credit/Debit  
SELECT 
          ca.CUST_SEQ_ID,
          ca.CUST_ID,
          ca.acct_intrl_id,
          tr.data_dump_dt as Dump_Dt,
          ca.CUST_EFCTV_RISK_NB AS effctv_risk,
          --31536090 
          CASE WHEN (ca.Min_Acct_Open_Dt) >= (select Max_Days_Opened_Dt from clndr_vw) THEN 0 
           ELSE 1 END SEAS_FL,
          case when tr.DBT_CDT_CD = 'C' then DECODE('B','F',tr.TRXN_FUNC_AM,tr.TRXN_BASE_AM) else 0 end AS d_amt_cdt,
          case when tr.DBT_CDT_CD = 'C' then 1 else 0 end AS d_ct_cdt,
          case when tr.DBT_CDT_CD = 'D' then DECODE('B','F',tr.TRXN_FUNC_AM,tr.TRXN_BASE_AM) else 0 end AS d_amt_dbt,
          case when tr.DBT_CDT_CD = 'D' then 1 else 0 end AS d_ct_dbt,
          tr.CASH_TRXN_ACTVY_RISK_NB ACTIVITY_RISK,
          (CASE WHEN tr.CASH_TRXN_ACTVY_RISK_NB > 5
                 THEN DECODE('B','F',tr.TRXN_FUNC_AM,tr.TRXN_BASE_AM)
                 ELSE 0 END) HR_AMT,                 
        0 PASS_THRU_AMT,        
        (CASE WHEN DECODE('B','F',tr.TRXN_FUNC_AM,tr.TRXN_BASE_AM) - TRUNC(DECODE('B','F',tr.TRXN_FUNC_AM,tr.TRXN_BASE_AM), -4) = 0 THEN DECODE('B','F',tr.TRXN_FUNC_AM,tr.TRXN_BASE_AM) 
                 WHEN tr.TRXN_ACTVY_AM - TRUNC(tr.TRXN_ACTVY_AM, -4) = 0 THEN DECODE('B','F',tr.TRXN_FUNC_AM,tr.TRXN_BASE_AM)
                 ELSE 0 END) LRF_AMT
		,0 as Trusted_Trans_Amt
        ,tr.FUNC_CRNCY_CD
FROM      fccmatomic.CASH_TRXN tr,
          Cust_Accounts ca

WHERE     tr.ACCT_INTRL_ID = ca.ACCT_INTRL_ID
AND       ('Y'='Y' OR tr.SRC_SYS_CD IN ('Inactive'))
and       tr.MANTAS_TRXN_PURP_CD = 'GENERAL'
and       tr.MANTAS_TRXN_PRDCT_CD in ('DEBIT-CARD', 'SVC', 'CREDIT-CARD', 'CURRENCY', 'PHYS')
and       DECODE('B','F',tr.TRXN_FUNC_AM,tr.TRXN_BASE_AM) >=3000
--31536090 
and tr.TRXN_EXCTN_DT >= (select Min_Dt from clndr_vw) and tr.TRXN_EXCTN_DT <= (select Max_Dt from clndr_vw)
and tr.DATA_DUMP_DT >= (select Min_Dt from clndr_vw) and tr.DATA_DUMP_DT <= (select Max_Dt from clndr_vw)
and tr.CXL_PAIR_TRXN_INTRL_ID is null

UNION ALL
-- Jrnl Credit/Debit 
SELECT 
          ca.CUST_SEQ_ID,
          ca.CUST_ID,
          ca.acct_intrl_id,
          tr.data_dump_dt as Dump_Dt,
          ca.CUST_EFCTV_RISK_NB AS effctv_risk,
          --31536090 
          CASE WHEN (ca.Min_Acct_Open_Dt) >= (select Max_Days_Opened_Dt from clndr_vw) THEN 0 
           ELSE 1 END SEAS_FL,
          case when tr.DBT_CDT_CD = 'C' then DECODE('B','F',tr.TRXN_FUNC_AM,tr.TRXN_BASE_AM) else 0 end AS d_amt_cdt,
          case when tr.DBT_CDT_CD = 'C' then 1 else 0 end AS d_ct_cdt,
          case when tr.DBT_CDT_CD = 'D' then DECODE('B','F',tr.TRXN_FUNC_AM,tr.TRXN_BASE_AM) else 0 end AS d_amt_dbt,
          case when tr.DBT_CDT_CD = 'D' then 1 else 0 end AS d_ct_dbt,
          tr.BO_TRXN_ACTVY_RISK_NB ACTIVITY_RISK,
          (CASE WHEN tr.BO_TRXN_ACTVY_RISK_NB > 5
                 THEN DECODE('B','F',tr.TRXN_FUNC_AM,tr.TRXN_BASE_AM)
                 ELSE 0 END) HR_AMT,                 
        0 PASS_THRU_AMT,        
        (CASE WHEN DECODE('B','F',tr.TRXN_FUNC_AM,tr.TRXN_BASE_AM) - TRUNC(DECODE('B','F',tr.TRXN_FUNC_AM,tr.TRXN_BASE_AM), -4) = 0 THEN DECODE('B','F',tr.TRXN_FUNC_AM,tr.TRXN_BASE_AM) 
                 WHEN tr.TRXN_RPTNG_AM - TRUNC(tr.TRXN_RPTNG_AM, -4) = 0 THEN DECODE('B','F',tr.TRXN_FUNC_AM,tr.TRXN_BASE_AM)
                 ELSE 0 END) LRF_AMT
		,case when tr.TRSTD_TRXN_FL = 'Y' then DECODE('B','F',tr.TRXN_FUNC_AM,tr.TRXN_BASE_AM) else 0 end as Trusted_Trans_Amt	
        ,tr.FUNC_CRNCY_CD			 
FROM      fccmatomic.BACK_OFFICE_TRXN tr,
          Cust_Accounts ca
          
WHERE     ca.ACCT_INTRL_ID = tr.ACCT_INTRL_ID
AND       ('Y'='Y' OR tr.SRC_SYS_CD IN ('Inactive'))
and       DECODE('B','F',tr.TRXN_FUNC_AM,tr.TRXN_BASE_AM) >=3000 
AND       tr.MANTAS_TRXN_PRDCT_CD in ('JOURNAL')
and       tr.MANTAS_TRXN_PURP_CD = 'GENERAL'
AND       tr.CXL_PAIR_TRXN_INTRL_ID is null
--31536090 
and tr.EXCTN_DT >= (select Min_Dt from clndr_vw) and tr.EXCTN_DT <= (select Max_Dt from clndr_vw)
and tr.DATA_DUMP_DT >= (select Min_Dt from clndr_vw) and tr.DATA_DUMP_DT <= (select Max_Dt from clndr_vw)
and ('Y' = 'Y' or (tr.UNRLTD_PARTY_CD IS NOT NULL))
and ('Y' = 'Y' or COALESCE(tr.TRSTD_TRXN_FL,'N') ='N')

) t 
 GROUP BY  t.cust_id
having 
      --31536090 
      max(t.dump_dt) > (select Freq_Dt from clndr_vw) and max(t.dump_dt) <= (select Max_Dt from clndr_vw)
) g 
where
 (( Overall_Risk = 'HR' and 
    SEASONED_CUST_FL = 1 and
   (g.Tot_Trxn_Am_Cdt >= 100000 or g.Tot_Trxn_Am_Dbt >= 100000)
   )
    or
    (Overall_Risk = 'MR' and 
    SEASONED_CUST_FL = 1 and
       (g.Tot_Trxn_Am_Cdt >= 100000 or g.Tot_Trxn_Am_Dbt >= 100000))
    or
    ( Overall_Risk = 'RR'and 
    SEASONED_CUST_FL = 1 and
       (g.Tot_Trxn_Am_Cdt >= 100000 or g.Tot_Trxn_Am_Dbt >= 100000))
    or
    (Overall_Risk = 'HR' and
     SEASONED_CUST_FL = 0 and
       (g.Tot_Trxn_Am_Cdt >= 100000 or g.Tot_Trxn_Am_Dbt >= 100000))
    or
    (Overall_Risk = 'MR' and
     SEASONED_CUST_FL = 0 and
       (g.Tot_Trxn_Am_Cdt >= 3000 or g.Tot_Trxn_Am_Dbt >= 3000))
    or
    ( Overall_Risk = 'RR'and
     SEASONED_CUST_FL = 0 and
       (g.Tot_Trxn_Am_Cdt >= 100000 or g.Tot_Trxn_Am_Dbt >= 100000)))
 ) ot ORDER BY ot.CUST_SEQ_ID
05/07/2026 21:44:30 INFO : Thread ID = 140315833419520:  Rule Matcher:   File = RuleMatcher.cc:  Line = 166:  
Run 4601 running against Pattern 114000526 generated 0 matches.
Elapsed time for matching: 00:00:01 
05/07/2026 21:44:30 DEBUG : Thread ID = 140315833419520:  Rule Matcher:   File = runupdater.cc:  Line = 104:  UPDATE fccmatomic.KDD_RUN SET RUN_MSG_TX = :Msg WHERE RUN_ID = 4601
05/07/2026 21:44:30 DEBUG : Thread ID = 140315833419520:  Rule Matcher:   File = runupdater.cc:  Line = 142:  UPDATE fccmatomic.KDD_RUN SET RUN_MSG_TX = :Msg WHERE RUN_ID = 4601
05/07/2026 21:44:30 DEBUG : Thread ID = 140315833419520:  Rule Matcher:   File = runupdater.cc:  Line = 59:  UPDATE fccmatomic.KDD_RUN SET RUN_STATUS_CD = 'FIN' WHERE RUN_ID = 4601
05/07/2026 21:44:30 DEBUG : Thread ID = 140315833419520:  Rule Matcher:   File = runupdater.cc:  Line = 198:  UPDATE fccmatomic.KDD_RUN SET END_TS = TO_DATE('07/05/2026 09:44:30 PM','DD/MM/YYYY HH:MI:SS AM') WHERE RUN_ID = 4601
05/07/2026 21:44:30 DEBUG : Thread ID = 140317708635328:  Rule Matcher:   File = jobupdater.cc:  Line = 57:  UPDATE fccmatomic.KDD_JOB SET STATUS_CD = 'FIN' WHERE JOB_ID = 100471
05/07/2026 21:44:30 INFO : Thread ID = 140317708635328:  Rule Matcher:   File = mantas.cc:  Line = 697:  
mantas: ============================================================
mantas: Exiting job 100471 at Thu May 07 21:44:30 IST 2026 with code 0
mantas: ============================================================
