05/21/2026 12:42:34 INFO : Thread ID = 140421800328384:  mantas:   File = mantas.cc:  Line = 180:  
mantas: ============================================================
mantas: Starting job 102281 at Thu May 21 12:42:34 IST 2026
mantas: ============================================================
05/21/2026 12:42:34 INFO : Thread ID = 140421800328384:  mantas:   File = mantas.cc:  Line = 182:  mantas initialized
05/21/2026 12:42:34 DEBUG : Thread ID = 140421800328384:  mantas:   File = DBAccess.cc:  Line = 140:  Connecting to infodom: FCCMINFO
05/21/2026 12:42:35 DEBUG : Thread ID = 140421800328384:  mantas:   File = DBAccessAAI.cc:  Line = 140:  Connecting to infodom: FCCMINFO
05/21/2026 12:42:35 DEBUG : Thread ID = 140421800328384:  mantas:   File = DBAccessAAI.cc:  Line = 150:  Obtained config schema details for: fccmconfigon: demofsaa.jmrinfotechble.com
05/21/2026 12:42:35 DEBUG : Thread ID = 140421800328384:  mantas:   File = job.cc:  Line = 87:  SELECT a.ALGORITHM_NM, a.EXECUTABLE_NM, b.PARAM_SET_ID, b.CREAT_ID, b.THREAD_CT, b.CLONED_JOB_ID, b.DMN_CD, c.DESC_TX FROM fccmatomic.KDD_ALGORITHM a, fccmatomic.KDD_JOB b, fccmatomic.KDD_PARAM_SET c WHERE b.JOB_ID = 102281 AND b.STATUS_CD != 'IGN' AND b.PARAM_SET_ID = c.PARAM_SET_ID AND a.ALGORITHM_NM = c.ALGORITHM_NM
05/21/2026 12:42:35 DEBUG : Thread ID = 140421800328384:  mantas:   File = job.cc:  Line = 134:  SELECT a.PARAM_VALUE_TX FROM fccmatomic.KDD_PARAM_BINDING a WHERE a.PARAM_SET_ID = 122801 AND a.ALGORITHM_NM = 'Rule Matcher' AND a.PARAM_NM = 'np'
05/21/2026 12:42:35 INFO : Thread ID = 140421800328384:  mantas:   File = mantas.cc:  Line = 981:  Job description: ML-NetworksOfAcEn_(ML-NetworksOfAcEn)_AIIN
05/21/2026 12:42:35 DEBUG : Thread ID = 140421800328384:  mantas:   File = jobupdater.cc:  Line = 57:  UPDATE fccmatomic.KDD_JOB SET STATUS_CD = 'RUN' WHERE JOB_ID = 102281
05/21/2026 12:42:35 DEBUG : Thread ID = 140421800328384:  mantas:   File = jobupdater.cc:  Line = 95:  UPDATE fccmatomic.KDD_JOB SET START_TS = TO_DATE('21/05/2026 12:42:35 PM', 'DD/MM/YYYY HH:MI:SS AM') WHERE JOB_ID = 102281
05/21/2026 12:42:35 DEBUG : Thread ID = 140421800328384:  mantas:   File = TableBatchControl.cc:  Line = 38:  SELECT a.PRCSNG_BATCH_ID, a.PRCSNG_BATCH_NM, a.DATA_DUMP_DT FROM fccmatomic.KDD_PRCSNG_BATCH_CONTROL a
05/21/2026 12:42:35 DEBUG : Thread ID = 140421800328384:  mantas:   File = TableJob.cc:  Line = 53:  UPDATE fccmatomic.KDD_JOB SET PRCSNG_BATCH_ID = 17 WHERE JOB_ID = 102281
05/21/2026 12:42:35 INFO : Thread ID = 140421800328384:  mantas:   File = mantas.cc:  Line = 1004:  Current business date: 31/01/2016
05/21/2026 12:42:35 DEBUG : Thread ID = 140421800328384:  mantas:   File = job.cc:  Line = 189:  SELECT a.DATASET_ID FROM fccmatomic.KDD_JOB_DATASET a WHERE a.JOB_ID = 102281 ORDER BY a.ORDER_NB
05/21/2026 12:42:35 DEBUG : Thread ID = 140421800328384:  mantas:   File = job.cc:  Line = 239:  SELECT a.BINDING_NM, a.ATTR_NM, a.LOOP_FL, a.IGNORE_FL, a.MULTIPLE_RUN_FL, a.MULTIPLE_RUN_VALUE_TX FROM fccmatomic.KDD_JOB_DATASET_BINDING a WHERE a.JOB_ID = 102281 AND a.DATASET_ID = 114690543 ORDER BY a.ORDER_NB
05/21/2026 12:42:35 DEBUG : Thread ID = 140421800328384:  mantas:   File = job.cc:  Line = 239:  SELECT a.BINDING_NM, a.ATTR_NM, a.LOOP_FL, a.IGNORE_FL, a.MULTIPLE_RUN_FL, a.MULTIPLE_RUN_VALUE_TX FROM fccmatomic.KDD_JOB_DATASET_BINDING a WHERE a.JOB_ID = 102281 AND a.DATASET_ID = 114699721 ORDER BY a.ORDER_NB
05/21/2026 12:42:35 DEBUG : Thread ID = 140421800328384:  mantas:   File = job.cc:  Line = 239:  SELECT a.BINDING_NM, a.ATTR_NM, a.LOOP_FL, a.IGNORE_FL, a.MULTIPLE_RUN_FL, a.MULTIPLE_RUN_VALUE_TX FROM fccmatomic.KDD_JOB_DATASET_BINDING a WHERE a.JOB_ID = 102281 AND a.DATASET_ID = 114699729 ORDER BY a.ORDER_NB
05/21/2026 12:42:35 DEBUG : Thread ID = 140421800328384:  mantas:   File = job.cc:  Line = 239:  SELECT a.BINDING_NM, a.ATTR_NM, a.LOOP_FL, a.IGNORE_FL, a.MULTIPLE_RUN_FL, a.MULTIPLE_RUN_VALUE_TX FROM fccmatomic.KDD_JOB_DATASET_BINDING a WHERE a.JOB_ID = 102281 AND a.DATASET_ID = 116200363 ORDER BY a.ORDER_NB
05/21/2026 12:42:35 DEBUG : Thread ID = 140421800328384:  mantas:   File = job.cc:  Line = 239:  SELECT a.BINDING_NM, a.ATTR_NM, a.LOOP_FL, a.IGNORE_FL, a.MULTIPLE_RUN_FL, a.MULTIPLE_RUN_VALUE_TX FROM fccmatomic.KDD_JOB_DATASET_BINDING a WHERE a.JOB_ID = 102281 AND a.DATASET_ID = 114699725 ORDER BY a.ORDER_NB
05/21/2026 12:42:35 DEBUG : Thread ID = 140421800328384:  mantas:   File = job.cc:  Line = 239:  SELECT a.BINDING_NM, a.ATTR_NM, a.LOOP_FL, a.IGNORE_FL, a.MULTIPLE_RUN_FL, a.MULTIPLE_RUN_VALUE_TX FROM fccmatomic.KDD_JOB_DATASET_BINDING a WHERE a.JOB_ID = 102281 AND a.DATASET_ID = 114699723 ORDER BY a.ORDER_NB
05/21/2026 12:42:35 DEBUG : Thread ID = 140421800328384:  mantas:   File = job.cc:  Line = 559:  INSERT INTO fccmatomic.KDD_RUN (RUN_ID, JOB_ID, RUN_STATUS_CD) VALUES (22701, 102281 , 'NEW')
05/21/2026 12:42:35 INFO : Thread ID = 140421800328384:  mantas:   File = mantas.cc:  Line = 549:  Loading librule_matcher.so
05/21/2026 12:42:35 DEBUG : Thread ID = 140419924297472:  mantas:   File = runupdater.cc:  Line = 59:  UPDATE fccmatomic.KDD_RUN SET RUN_STATUS_CD = 'RUN' WHERE RUN_ID = 22701
05/21/2026 12:42:35 DEBUG : Thread ID = 140419924297472:  mantas:   File = runupdater.cc:  Line = 104:  UPDATE fccmatomic.KDD_RUN SET RUN_MSG_TX = :Msg WHERE RUN_ID = 22701
05/21/2026 12:42:35 DEBUG : Thread ID = 140419924297472:  mantas:   File = runupdater.cc:  Line = 142:  UPDATE fccmatomic.KDD_RUN SET RUN_MSG_TX = :Msg WHERE RUN_ID = 22701
05/21/2026 12:42:35 DEBUG : Thread ID = 140419924297472:  mantas:   File = runupdater.cc:  Line = 163:  UPDATE fccmatomic.KDD_RUN SET START_TS = TO_DATE('21/05/2026 12:42:35 PM', 'DD/MM/YYYY HH:MI:SS AM') WHERE RUN_ID = 22701
05/21/2026 12:42:35 DEBUG : Thread ID = 140419924297472:  mantas:   File = run.cc:  Line = 147:  SELECT a.JOB_ID FROM fccmatomic.KDD_RUN a WHERE a.RUN_ID = 22701
05/21/2026 12:42:35 DEBUG : Thread ID = 140419924297472:  mantas:   File = job.cc:  Line = 87:  SELECT a.ALGORITHM_NM, a.EXECUTABLE_NM, b.PARAM_SET_ID, b.CREAT_ID, b.THREAD_CT, b.CLONED_JOB_ID, b.DMN_CD, c.DESC_TX FROM fccmatomic.KDD_ALGORITHM a, fccmatomic.KDD_JOB b, fccmatomic.KDD_PARAM_SET c WHERE b.JOB_ID = 102281 AND b.STATUS_CD != 'IGN' AND b.PARAM_SET_ID = c.PARAM_SET_ID AND a.ALGORITHM_NM = c.ALGORITHM_NM
05/21/2026 12:42:35 DEBUG : Thread ID = 140419924297472:  mantas:   File = job.cc:  Line = 134:  SELECT a.PARAM_VALUE_TX FROM fccmatomic.KDD_PARAM_BINDING a WHERE a.PARAM_SET_ID = 122801 AND a.ALGORITHM_NM = 'Rule Matcher' AND a.PARAM_NM = 'np'
05/21/2026 12:42:35 DEBUG : Thread ID = 140419924297472:  mantas:   File = job.cc:  Line = 189:  SELECT a.DATASET_ID FROM fccmatomic.KDD_JOB_DATASET a WHERE a.JOB_ID = 102281 ORDER BY a.ORDER_NB
05/21/2026 12:42:35 DEBUG : Thread ID = 140419924297472:  mantas:   File = job.cc:  Line = 239:  SELECT a.BINDING_NM, a.ATTR_NM, a.LOOP_FL, a.IGNORE_FL, a.MULTIPLE_RUN_FL, a.MULTIPLE_RUN_VALUE_TX FROM fccmatomic.KDD_JOB_DATASET_BINDING a WHERE a.JOB_ID = 102281 AND a.DATASET_ID = 114690543 ORDER BY a.ORDER_NB
05/21/2026 12:42:35 DEBUG : Thread ID = 140419924297472:  mantas:   File = job.cc:  Line = 239:  SELECT a.BINDING_NM, a.ATTR_NM, a.LOOP_FL, a.IGNORE_FL, a.MULTIPLE_RUN_FL, a.MULTIPLE_RUN_VALUE_TX FROM fccmatomic.KDD_JOB_DATASET_BINDING a WHERE a.JOB_ID = 102281 AND a.DATASET_ID = 114699721 ORDER BY a.ORDER_NB
05/21/2026 12:42:35 DEBUG : Thread ID = 140419924297472:  mantas:   File = job.cc:  Line = 239:  SELECT a.BINDING_NM, a.ATTR_NM, a.LOOP_FL, a.IGNORE_FL, a.MULTIPLE_RUN_FL, a.MULTIPLE_RUN_VALUE_TX FROM fccmatomic.KDD_JOB_DATASET_BINDING a WHERE a.JOB_ID = 102281 AND a.DATASET_ID = 114699729 ORDER BY a.ORDER_NB
05/21/2026 12:42:35 DEBUG : Thread ID = 140419924297472:  mantas:   File = job.cc:  Line = 239:  SELECT a.BINDING_NM, a.ATTR_NM, a.LOOP_FL, a.IGNORE_FL, a.MULTIPLE_RUN_FL, a.MULTIPLE_RUN_VALUE_TX FROM fccmatomic.KDD_JOB_DATASET_BINDING a WHERE a.JOB_ID = 102281 AND a.DATASET_ID = 116200363 ORDER BY a.ORDER_NB
05/21/2026 12:42:35 DEBUG : Thread ID = 140419924297472:  mantas:   File = job.cc:  Line = 239:  SELECT a.BINDING_NM, a.ATTR_NM, a.LOOP_FL, a.IGNORE_FL, a.MULTIPLE_RUN_FL, a.MULTIPLE_RUN_VALUE_TX FROM fccmatomic.KDD_JOB_DATASET_BINDING a WHERE a.JOB_ID = 102281 AND a.DATASET_ID = 114699725 ORDER BY a.ORDER_NB
05/21/2026 12:42:35 DEBUG : Thread ID = 140419924297472:  mantas:   File = job.cc:  Line = 239:  SELECT a.BINDING_NM, a.ATTR_NM, a.LOOP_FL, a.IGNORE_FL, a.MULTIPLE_RUN_FL, a.MULTIPLE_RUN_VALUE_TX FROM fccmatomic.KDD_JOB_DATASET_BINDING a WHERE a.JOB_ID = 102281 AND a.DATASET_ID = 114699723 ORDER BY a.ORDER_NB
05/21/2026 12:42:35 DEBUG : Thread ID = 140419924297472:  mantas:   File = job.cc:  Line = 356:  SELECT a.BINDING_NM, a.BINDING_VALUE_TX, a.LOWER_BOUND, a.UPPER_BOUND FROM fccmatomic.KDD_RUN_DATASET_BINDING a WHERE a.RUN_ID = 22701 AND a.DATASET_ID = 114690543
05/21/2026 12:42:35 DEBUG : Thread ID = 140419924297472:  mantas:   File = job.cc:  Line = 356:  SELECT a.BINDING_NM, a.BINDING_VALUE_TX, a.LOWER_BOUND, a.UPPER_BOUND FROM fccmatomic.KDD_RUN_DATASET_BINDING a WHERE a.RUN_ID = 22701 AND a.DATASET_ID = 114699721
05/21/2026 12:42:35 DEBUG : Thread ID = 140419924297472:  mantas:   File = job.cc:  Line = 356:  SELECT a.BINDING_NM, a.BINDING_VALUE_TX, a.LOWER_BOUND, a.UPPER_BOUND FROM fccmatomic.KDD_RUN_DATASET_BINDING a WHERE a.RUN_ID = 22701 AND a.DATASET_ID = 114699729
05/21/2026 12:42:35 DEBUG : Thread ID = 140419924297472:  mantas:   File = job.cc:  Line = 356:  SELECT a.BINDING_NM, a.BINDING_VALUE_TX, a.LOWER_BOUND, a.UPPER_BOUND FROM fccmatomic.KDD_RUN_DATASET_BINDING a WHERE a.RUN_ID = 22701 AND a.DATASET_ID = 116200363
05/21/2026 12:42:35 DEBUG : Thread ID = 140419924297472:  mantas:   File = job.cc:  Line = 356:  SELECT a.BINDING_NM, a.BINDING_VALUE_TX, a.LOWER_BOUND, a.UPPER_BOUND FROM fccmatomic.KDD_RUN_DATASET_BINDING a WHERE a.RUN_ID = 22701 AND a.DATASET_ID = 114699725
05/21/2026 12:42:35 DEBUG : Thread ID = 140419924297472:  mantas:   File = job.cc:  Line = 356:  SELECT a.BINDING_NM, a.BINDING_VALUE_TX, a.LOWER_BOUND, a.UPPER_BOUND FROM fccmatomic.KDD_RUN_DATASET_BINDING a WHERE a.RUN_ID = 22701 AND a.DATASET_ID = 114699723
05/21/2026 12:42:35 DEBUG : Thread ID = 140419924297472:  mantas:   File = dbparameter.cc:  Line = 51:  SELECT ALGORITHM_NM FROM fccmatomic.KDD_PARAM_SET a WHERE PARAM_SET_ID = 122801
05/21/2026 12:42:35 DEBUG : Thread ID = 140419924297472:  mantas:   File = dbparameter.cc:  Line = 134:  SELECT a.PARAM_NM, a.PARAM_TYPE_CD, b.DEFAULT_VALUE_TX FROM fccmatomic.KDD_ALGORITHM_PARAM a, fccmatomic.KDD_PARAM_DEFAULT b WHERE a.ALGORITHM_NM = 'Rule Matcher' AND a.ALGORITHM_NM = b.ALGORITHM_NM AND a.PARAM_NM = b.PARAM_NM
05/21/2026 12:42:35 DEBUG : Thread ID = 140419924297472:  mantas:   File = dbparameter.cc:  Line = 134:  SELECT a.PARAM_NM, a.PARAM_TYPE_CD, b.PARAM_VALUE_TX FROM fccmatomic.KDD_ALGORITHM_PARAM a, fccmatomic.KDD_PARAM_BINDING b WHERE b.PARAM_SET_ID = 122801 AND a.PARAM_NM = b.PARAM_NM AND a.ALGORITHM_NM = b.ALGORITHM_NM
05/21/2026 12:42:35 DEBUG : Thread ID = 140419924297472:  Rule Matcher:   File = TablePattern.cc:  Line = 94:  SELECT a.DEACT_TS, a.PTTRN_TYPE_CD FROM fccmatomic.KDD_PTTRN a WHERE a.PTTRN_ID = 114697025
05/21/2026 12:42:35 DEBUG : Thread ID = 140419924297472:  Rule Matcher:   File = TablePattern.cc:  Line = 63:  SELECT a.SCNRO_ID FROM fccmatomic.KDD_PTTRN a WHERE a.PTTRN_ID = 114697025
05/21/2026 12:42:35 DEBUG : Thread ID = 140419924297472:  Rule Matcher:   File = runupdater.cc:  Line = 104:  UPDATE fccmatomic.KDD_RUN SET RUN_MSG_TX = :Msg WHERE RUN_ID = 22701
05/21/2026 12:42:35 DEBUG : Thread ID = 140419924297472:  Rule Matcher:   File = runupdater.cc:  Line = 142:  UPDATE fccmatomic.KDD_RUN SET RUN_MSG_TX = :Msg WHERE RUN_ID = 22701
05/21/2026 12:42:35 DEBUG : Thread ID = 140419924297472:  Rule Matcher:   File = TablePatternDataset.cc:  Line = 35:  SELECT a.DATASET_ID FROM fccmatomic.KDD_PTTRN_DATASET a WHERE a.PTTRN_ID = 114697025 ORDER BY a.ORDER_NB
05/21/2026 12:42:35 DEBUG : Thread ID = 140419924297472:  Rule Matcher:   File = dsbuilder.cc:  Line = 66:  SELECT a.REALIZED_NM, a.DATASET_NM, a.PRNT_DATASET_ID FROM fccmatomic.KDD_DATASET a WHERE a.DATASET_ID = 114690543
05/21/2026 12:42:35 DEBUG : Thread ID = 140419924297472:  Rule Matcher:   File = dsbuilder.cc:  Line = 151:  SELECT a.ATTR_ID, UPPER(a.ATTR_NM) , a.TYPE_CD, a.ORDER_FL, a.DISCRETE_FL, b.KEY_FL, b.NAME_FL FROM fccmatomic.KDD_ATTR a, fccmatomic.KDD_DATASET_ATTR b WHERE b.DATASET_ID = 114690543 AND a.ATTR_ID = b.ATTR_ID
05/21/2026 12:42:35 DEBUG : Thread ID = 140419924297472:  Rule Matcher:   File = dsbuilder.cc:  Line = 248:  SELECT a.TAG_NM, a.TAG_VALUE_TX FROM fccmatomic.KDD_ATTR_TAG a WHERE a.ATTR_ID = 113000125
05/21/2026 12:42:35 DEBUG : Thread ID = 140419924297472:  Rule Matcher:   File = dsbuilder.cc:  Line = 248:  SELECT a.TAG_NM, a.TAG_VALUE_TX FROM fccmatomic.KDD_ATTR_TAG a WHERE a.ATTR_ID = 113000130
05/21/2026 12:42:35 DEBUG : Thread ID = 140419924297472:  Rule Matcher:   File = dsbuilder.cc:  Line = 248:  SELECT a.TAG_NM, a.TAG_VALUE_TX FROM fccmatomic.KDD_ATTR_TAG a WHERE a.ATTR_ID = 113000137
05/21/2026 12:42:35 DEBUG : Thread ID = 140419924297472:  Rule Matcher:   File = dsbuilder.cc:  Line = 248:  SELECT a.TAG_NM, a.TAG_VALUE_TX FROM fccmatomic.KDD_ATTR_TAG a WHERE a.ATTR_ID = 113000138
05/21/2026 12:42:35 DEBUG : Thread ID = 140419924297472:  Rule Matcher:   File = dsbuilder.cc:  Line = 248:  SELECT a.TAG_NM, a.TAG_VALUE_TX FROM fccmatomic.KDD_ATTR_TAG a WHERE a.ATTR_ID = 116200031
05/21/2026 12:42:35 DEBUG : Thread ID = 140419924297472:  Rule Matcher:   File = dsbuilder.cc:  Line = 248:  SELECT a.TAG_NM, a.TAG_VALUE_TX FROM fccmatomic.KDD_ATTR_TAG a WHERE a.ATTR_ID = 117350543
05/21/2026 12:42:35 DEBUG : Thread ID = 140419924297472:  Rule Matcher:   File = dsbuilder.cc:  Line = 248:  SELECT a.TAG_NM, a.TAG_VALUE_TX FROM fccmatomic.KDD_ATTR_TAG a WHERE a.ATTR_ID = 117750113
05/21/2026 12:42:35 DEBUG : Thread ID = 140419924297472:  Rule Matcher:   File = dsbuilder.cc:  Line = 248:  SELECT a.TAG_NM, a.TAG_VALUE_TX FROM fccmatomic.KDD_ATTR_TAG a WHERE a.ATTR_ID = 117750114
05/21/2026 12:42:35 DEBUG : Thread ID = 140419924297472:  Rule Matcher:   File = dsbuilder.cc:  Line = 248:  SELECT a.TAG_NM, a.TAG_VALUE_TX FROM fccmatomic.KDD_ATTR_TAG a WHERE a.ATTR_ID = 118810002
05/21/2026 12:42:35 DEBUG : Thread ID = 140419924297472:  Rule Matcher:   File = dsbuilder.cc:  Line = 248:  SELECT a.TAG_NM, a.TAG_VALUE_TX FROM fccmatomic.KDD_ATTR_TAG a WHERE a.ATTR_ID = 118810003
05/21/2026 12:42:35 DEBUG : Thread ID = 140419924297472:  Rule Matcher:   File = dsbuilder.cc:  Line = 290:  SELECT a.TRANSFORM_TX, a.REALIZED_FL FROM fccmatomic.KDD_TRANSFORM a WHERE a.DATASET_ID = 114690543 ORDER BY a.TRANSFORM_NB
05/21/2026 12:42:35 DEBUG : Thread ID = 140419924297472:  Rule Matcher:   File = dsbuilder.cc:  Line = 66:  SELECT a.REALIZED_NM, a.DATASET_NM, a.PRNT_DATASET_ID FROM fccmatomic.KDD_DATASET a WHERE a.DATASET_ID = 114699721
05/21/2026 12:42:35 DEBUG : Thread ID = 140419924297472:  Rule Matcher:   File = dsbuilder.cc:  Line = 151:  SELECT a.ATTR_ID, UPPER(a.ATTR_NM) , a.TYPE_CD, a.ORDER_FL, a.DISCRETE_FL, b.KEY_FL, b.NAME_FL FROM fccmatomic.KDD_ATTR a, fccmatomic.KDD_DATASET_ATTR b WHERE b.DATASET_ID = 114699721 AND a.ATTR_ID = b.ATTR_ID
05/21/2026 12:42:35 DEBUG : Thread ID = 140419924297472:  Rule Matcher:   File = dsbuilder.cc:  Line = 248:  SELECT a.TAG_NM, a.TAG_VALUE_TX FROM fccmatomic.KDD_ATTR_TAG a WHERE a.ATTR_ID = 113000125
05/21/2026 12:42:35 DEBUG : Thread ID = 140419924297472:  Rule Matcher:   File = dsbuilder.cc:  Line = 248:  SELECT a.TAG_NM, a.TAG_VALUE_TX FROM fccmatomic.KDD_ATTR_TAG a WHERE a.ATTR_ID = 113001742
05/21/2026 12:42:35 DEBUG : Thread ID = 140419924297472:  Rule Matcher:   File = dsbuilder.cc:  Line = 248:  SELECT a.TAG_NM, a.TAG_VALUE_TX FROM fccmatomic.KDD_ATTR_TAG a WHERE a.ATTR_ID = 113001744
05/21/2026 12:42:35 DEBUG : Thread ID = 140419924297472:  Rule Matcher:   File = dsbuilder.cc:  Line = 248:  SELECT a.TAG_NM, a.TAG_VALUE_TX FROM fccmatomic.KDD_ATTR_TAG a WHERE a.ATTR_ID = 116200035
05/21/2026 12:42:35 DEBUG : Thread ID = 140419924297472:  Rule Matcher:   File = dsbuilder.cc:  Line = 290:  SELECT a.TRANSFORM_TX, a.REALIZED_FL FROM fccmatomic.KDD_TRANSFORM a WHERE a.DATASET_ID = 114699721 ORDER BY a.TRANSFORM_NB
05/21/2026 12:42:35 DEBUG : Thread ID = 140419924297472:  Rule Matcher:   File = dsbuilder.cc:  Line = 66:  SELECT a.REALIZED_NM, a.DATASET_NM, a.PRNT_DATASET_ID FROM fccmatomic.KDD_DATASET a WHERE a.DATASET_ID = 114699729
05/21/2026 12:42:35 DEBUG : Thread ID = 140419924297472:  Rule Matcher:   File = dsbuilder.cc:  Line = 151:  SELECT a.ATTR_ID, UPPER(a.ATTR_NM) , a.TYPE_CD, a.ORDER_FL, a.DISCRETE_FL, b.KEY_FL, b.NAME_FL FROM fccmatomic.KDD_ATTR a, fccmatomic.KDD_DATASET_ATTR b WHERE b.DATASET_ID = 114699729 AND a.ATTR_ID = b.ATTR_ID
05/21/2026 12:42:35 DEBUG : Thread ID = 140419924297472:  Rule Matcher:   File = dsbuilder.cc:  Line = 248:  SELECT a.TAG_NM, a.TAG_VALUE_TX FROM fccmatomic.KDD_ATTR_TAG a WHERE a.ATTR_ID = 113000125
05/21/2026 12:42:35 DEBUG : Thread ID = 140419924297472:  Rule Matcher:   File = dsbuilder.cc:  Line = 248:  SELECT a.TAG_NM, a.TAG_VALUE_TX FROM fccmatomic.KDD_ATTR_TAG a WHERE a.ATTR_ID = 113001001
05/21/2026 12:42:35 DEBUG : Thread ID = 140419924297472:  Rule Matcher:   File = dsbuilder.cc:  Line = 248:  SELECT a.TAG_NM, a.TAG_VALUE_TX FROM fccmatomic.KDD_ATTR_TAG a WHERE a.ATTR_ID = 113001003
05/21/2026 12:42:35 DEBUG : Thread ID = 140419924297472:  Rule Matcher:   File = dsbuilder.cc:  Line = 248:  SELECT a.TAG_NM, a.TAG_VALUE_TX FROM fccmatomic.KDD_ATTR_TAG a WHERE a.ATTR_ID = 116200036
05/21/2026 12:42:35 DEBUG : Thread ID = 140419924297472:  Rule Matcher:   File = dsbuilder.cc:  Line = 248:  SELECT a.TAG_NM, a.TAG_VALUE_TX FROM fccmatomic.KDD_ATTR_TAG a WHERE a.ATTR_ID = 118747716
05/21/2026 12:42:35 DEBUG : Thread ID = 140419924297472:  Rule Matcher:   File = dsbuilder.cc:  Line = 290:  SELECT a.TRANSFORM_TX, a.REALIZED_FL FROM fccmatomic.KDD_TRANSFORM a WHERE a.DATASET_ID = 114699729 ORDER BY a.TRANSFORM_NB
05/21/2026 12:42:35 DEBUG : Thread ID = 140419924297472:  Rule Matcher:   File = dsbuilder.cc:  Line = 66:  SELECT a.REALIZED_NM, a.DATASET_NM, a.PRNT_DATASET_ID FROM fccmatomic.KDD_DATASET a WHERE a.DATASET_ID = 116200363
05/21/2026 12:42:35 DEBUG : Thread ID = 140419924297472:  Rule Matcher:   File = dsbuilder.cc:  Line = 151:  SELECT a.ATTR_ID, UPPER(a.ATTR_NM) , a.TYPE_CD, a.ORDER_FL, a.DISCRETE_FL, b.KEY_FL, b.NAME_FL FROM fccmatomic.KDD_ATTR a, fccmatomic.KDD_DATASET_ATTR b WHERE b.DATASET_ID = 116200363 AND a.ATTR_ID = b.ATTR_ID
05/21/2026 12:42:35 DEBUG : Thread ID = 140419924297472:  Rule Matcher:   File = dsbuilder.cc:  Line = 248:  SELECT a.TAG_NM, a.TAG_VALUE_TX FROM fccmatomic.KDD_ATTR_TAG a WHERE a.ATTR_ID = 113000125
05/21/2026 12:42:35 DEBUG : Thread ID = 140419924297472:  Rule Matcher:   File = dsbuilder.cc:  Line = 248:  SELECT a.TAG_NM, a.TAG_VALUE_TX FROM fccmatomic.KDD_ATTR_TAG a WHERE a.ATTR_ID = 113002353
05/21/2026 12:42:35 DEBUG : Thread ID = 140419924297472:  Rule Matcher:   File = dsbuilder.cc:  Line = 248:  SELECT a.TAG_NM, a.TAG_VALUE_TX FROM fccmatomic.KDD_ATTR_TAG a WHERE a.ATTR_ID = 116200037
05/21/2026 12:42:35 DEBUG : Thread ID = 140419924297472:  Rule Matcher:   File = dsbuilder.cc:  Line = 248:  SELECT a.TAG_NM, a.TAG_VALUE_TX FROM fccmatomic.KDD_ATTR_TAG a WHERE a.ATTR_ID = 116200038
05/21/2026 12:42:35 DEBUG : Thread ID = 140419924297472:  Rule Matcher:   File = dsbuilder.cc:  Line = 290:  SELECT a.TRANSFORM_TX, a.REALIZED_FL FROM fccmatomic.KDD_TRANSFORM a WHERE a.DATASET_ID = 116200363 ORDER BY a.TRANSFORM_NB
05/21/2026 12:42:35 DEBUG : Thread ID = 140419924297472:  Rule Matcher:   File = dsbuilder.cc:  Line = 66:  SELECT a.REALIZED_NM, a.DATASET_NM, a.PRNT_DATASET_ID FROM fccmatomic.KDD_DATASET a WHERE a.DATASET_ID = 114699725
05/21/2026 12:42:35 DEBUG : Thread ID = 140419924297472:  Rule Matcher:   File = dsbuilder.cc:  Line = 151:  SELECT a.ATTR_ID, UPPER(a.ATTR_NM) , a.TYPE_CD, a.ORDER_FL, a.DISCRETE_FL, b.KEY_FL, b.NAME_FL FROM fccmatomic.KDD_ATTR a, fccmatomic.KDD_DATASET_ATTR b WHERE b.DATASET_ID = 114699725 AND a.ATTR_ID = b.ATTR_ID
05/21/2026 12:42:35 DEBUG : Thread ID = 140419924297472:  Rule Matcher:   File = dsbuilder.cc:  Line = 248:  SELECT a.TAG_NM, a.TAG_VALUE_TX FROM fccmatomic.KDD_ATTR_TAG a WHERE a.ATTR_ID = 113000125
05/21/2026 12:42:35 DEBUG : Thread ID = 140419924297472:  Rule Matcher:   File = dsbuilder.cc:  Line = 248:  SELECT a.TAG_NM, a.TAG_VALUE_TX FROM fccmatomic.KDD_ATTR_TAG a WHERE a.ATTR_ID = 113001472
05/21/2026 12:42:35 DEBUG : Thread ID = 140419924297472:  Rule Matcher:   File = dsbuilder.cc:  Line = 248:  SELECT a.TAG_NM, a.TAG_VALUE_TX FROM fccmatomic.KDD_ATTR_TAG a WHERE a.ATTR_ID = 116200026
05/21/2026 12:42:35 DEBUG : Thread ID = 140419924297472:  Rule Matcher:   File = dsbuilder.cc:  Line = 248:  SELECT a.TAG_NM, a.TAG_VALUE_TX FROM fccmatomic.KDD_ATTR_TAG a WHERE a.ATTR_ID = 118747726
05/21/2026 12:42:35 DEBUG : Thread ID = 140419924297472:  Rule Matcher:   File = dsbuilder.cc:  Line = 248:  SELECT a.TAG_NM, a.TAG_VALUE_TX FROM fccmatomic.KDD_ATTR_TAG a WHERE a.ATTR_ID = 118747727
05/21/2026 12:42:35 DEBUG : Thread ID = 140419924297472:  Rule Matcher:   File = dsbuilder.cc:  Line = 248:  SELECT a.TAG_NM, a.TAG_VALUE_TX FROM fccmatomic.KDD_ATTR_TAG a WHERE a.ATTR_ID = 118747728
05/21/2026 12:42:35 DEBUG : Thread ID = 140419924297472:  Rule Matcher:   File = dsbuilder.cc:  Line = 290:  SELECT a.TRANSFORM_TX, a.REALIZED_FL FROM fccmatomic.KDD_TRANSFORM a WHERE a.DATASET_ID = 114699725 ORDER BY a.TRANSFORM_NB
05/21/2026 12:42:35 DEBUG : Thread ID = 140419924297472:  Rule Matcher:   File = dsbuilder.cc:  Line = 66:  SELECT a.REALIZED_NM, a.DATASET_NM, a.PRNT_DATASET_ID FROM fccmatomic.KDD_DATASET a WHERE a.DATASET_ID = 114699723
05/21/2026 12:42:35 DEBUG : Thread ID = 140419924297472:  Rule Matcher:   File = dsbuilder.cc:  Line = 151:  SELECT a.ATTR_ID, UPPER(a.ATTR_NM) , a.TYPE_CD, a.ORDER_FL, a.DISCRETE_FL, b.KEY_FL, b.NAME_FL FROM fccmatomic.KDD_ATTR a, fccmatomic.KDD_DATASET_ATTR b WHERE b.DATASET_ID = 114699723 AND a.ATTR_ID = b.ATTR_ID
05/21/2026 12:42:35 DEBUG : Thread ID = 140419924297472:  Rule Matcher:   File = dsbuilder.cc:  Line = 248:  SELECT a.TAG_NM, a.TAG_VALUE_TX FROM fccmatomic.KDD_ATTR_TAG a WHERE a.ATTR_ID = 113000125
05/21/2026 12:42:35 DEBUG : Thread ID = 140419924297472:  Rule Matcher:   File = dsbuilder.cc:  Line = 248:  SELECT a.TAG_NM, a.TAG_VALUE_TX FROM fccmatomic.KDD_ATTR_TAG a WHERE a.ATTR_ID = 113003600
05/21/2026 12:42:35 DEBUG : Thread ID = 140419924297472:  Rule Matcher:   File = dsbuilder.cc:  Line = 248:  SELECT a.TAG_NM, a.TAG_VALUE_TX FROM fccmatomic.KDD_ATTR_TAG a WHERE a.ATTR_ID = 116200029
05/21/2026 12:42:35 DEBUG : Thread ID = 140419924297472:  Rule Matcher:   File = dsbuilder.cc:  Line = 248:  SELECT a.TAG_NM, a.TAG_VALUE_TX FROM fccmatomic.KDD_ATTR_TAG a WHERE a.ATTR_ID = 118747723
05/21/2026 12:42:35 DEBUG : Thread ID = 140419924297472:  Rule Matcher:   File = dsbuilder.cc:  Line = 248:  SELECT a.TAG_NM, a.TAG_VALUE_TX FROM fccmatomic.KDD_ATTR_TAG a WHERE a.ATTR_ID = 118747724
05/21/2026 12:42:35 DEBUG : Thread ID = 140419924297472:  Rule Matcher:   File = dsbuilder.cc:  Line = 248:  SELECT a.TAG_NM, a.TAG_VALUE_TX FROM fccmatomic.KDD_ATTR_TAG a WHERE a.ATTR_ID = 118747725
05/21/2026 12:42:35 DEBUG : Thread ID = 140419924297472:  Rule Matcher:   File = dsbuilder.cc:  Line = 290:  SELECT a.TRANSFORM_TX, a.REALIZED_FL FROM fccmatomic.KDD_TRANSFORM a WHERE a.DATASET_ID = 114699723 ORDER BY a.TRANSFORM_NB
05/21/2026 12:42:35 DEBUG : Thread ID = 140419924297472:  Rule Matcher:   File = OracleSchema.cc:  Line = 126:  SELECT a.DATA_TYPE, a.DATA_PRECISION, a.DATA_SCALE, UPPER(a.COLUMN_NAME) FROM ALL_TAB_COLS a WHERE a.TABLE_NAME = 'DSVIEW114690543' AND a.OWNER = UPPER('fccmatomic')
05/21/2026 12:42:35 DEBUG : Thread ID = 140419924297472:  Rule Matcher:   File = TableDataset.cc:  Line = 169:  SELECT a.DATASET_ID, a.PRNT_DATASET_ID, a.DATASET_NM, a.USER_ID, a.CREATE_DT, a.REALIZED_NM, a.SQL_FL, a.SQL_CMMNT, a.SCNRO_ID, a.SQL_TX FROM fccmatomic.KDD_DATASET a WHERE a.SCNRO_ID = 114697025 ORDER BY a.DATASET_ID
05/21/2026 12:42:35 DEBUG : Thread ID = 140419924297472:  Rule Matcher:   File = TableThreshold.cc:  Line = 96:  SELECT a.TSHLD_NM, a.CURR_VALUE_TX, a.VALUE_TYPE_CD, a.DPLY_NM, a.DSPLY_SORT_ORDR_NB, a.DSPLY_FL, b.TSHLD_SET_NM FROM fccmatomic.KDD_TSHLD a, fccmatomic.KDD_TSHLD_SET b WHERE a.SCNRO_ID = 114697025 AND a.TSHLD_SET_ID = 23 AND b.TSHLD_SET_ID = 23 AND a.DEACT_TS IS NULL
05/21/2026 12:42:36 DEBUG : Thread ID = 140419924297472:  Rule Matcher:   File = OracleSchema.cc:  Line = 126:  SELECT a.DATA_TYPE, a.DATA_PRECISION, a.DATA_SCALE, UPPER(a.COLUMN_NAME) FROM ALL_TAB_COLS a WHERE a.TABLE_NAME = 'DSVIEW114699721' AND a.OWNER = UPPER('fccmatomic')
05/21/2026 12:42:36 DEBUG : Thread ID = 140419924297472:  Rule Matcher:   File = OracleSchema.cc:  Line = 126:  SELECT a.DATA_TYPE, a.DATA_PRECISION, a.DATA_SCALE, UPPER(a.COLUMN_NAME) FROM ALL_TAB_COLS a WHERE a.TABLE_NAME = 'DSVIEW114699729' AND a.OWNER = UPPER('fccmatomic')
05/21/2026 12:42:36 DEBUG : Thread ID = 140419924297472:  Rule Matcher:   File = OracleSchema.cc:  Line = 126:  SELECT a.DATA_TYPE, a.DATA_PRECISION, a.DATA_SCALE, UPPER(a.COLUMN_NAME) FROM ALL_TAB_COLS a WHERE a.TABLE_NAME = 'DSVIEW116200363' AND a.OWNER = UPPER('fccmatomic')
05/21/2026 12:42:36 DEBUG : Thread ID = 140419924297472:  Rule Matcher:   File = OracleSchema.cc:  Line = 126:  SELECT a.DATA_TYPE, a.DATA_PRECISION, a.DATA_SCALE, UPPER(a.COLUMN_NAME) FROM ALL_TAB_COLS a WHERE a.TABLE_NAME = 'DSVIEW114699725' AND a.OWNER = UPPER('fccmatomic')
05/21/2026 12:42:36 DEBUG : Thread ID = 140419924297472:  Rule Matcher:   File = OracleSchema.cc:  Line = 126:  SELECT a.DATA_TYPE, a.DATA_PRECISION, a.DATA_SCALE, UPPER(a.COLUMN_NAME) FROM ALL_TAB_COLS a WHERE a.TABLE_NAME = 'DSVIEW114699723' AND a.OWNER = UPPER('fccmatomic')
05/21/2026 12:42:36 DEBUG : Thread ID = 140419924297472:  Rule Matcher:   File = runupdater.cc:  Line = 104:  UPDATE fccmatomic.KDD_RUN SET RUN_MSG_TX = :Msg WHERE RUN_ID = 22701
05/21/2026 12:42:36 DEBUG : Thread ID = 140419924297472:  Rule Matcher:   File = runupdater.cc:  Line = 142:  UPDATE fccmatomic.KDD_RUN SET RUN_MSG_TX = :Msg WHERE RUN_ID = 22701
05/21/2026 12:42:36 DEBUG : Thread ID = 140419924297472:  Rule Matcher:   File = dbparse.cc:  Line = 148:  SELECT a.PTTRN_TX FROM fccmatomic.KDD_SEQ_PTTRN a WHERE a.PTTRN_ID = 114697025
05/21/2026 12:42:36 DEBUG : Thread ID = 140419924297472:  Rule Matcher:   File = TableThreshold.cc:  Line = 96:  SELECT a.TSHLD_NM, a.CURR_VALUE_TX, a.VALUE_TYPE_CD, a.DPLY_NM, a.DSPLY_SORT_ORDR_NB, a.DSPLY_FL, b.TSHLD_SET_NM FROM fccmatomic.KDD_TSHLD a, fccmatomic.KDD_TSHLD_SET b WHERE a.SCNRO_ID = 114697025 AND a.TSHLD_SET_ID = 23 AND b.TSHLD_SET_ID = 23 AND a.DEACT_TS IS NULL
05/21/2026 12:42:36 DEBUG : Thread ID = 140419924297472:  Rule Matcher:   File = runupdater.cc:  Line = 104:  UPDATE fccmatomic.KDD_RUN SET RUN_MSG_TX = :Msg WHERE RUN_ID = 22701
05/21/2026 12:42:36 DEBUG : Thread ID = 140419924297472:  Rule Matcher:   File = runupdater.cc:  Line = 142:  UPDATE fccmatomic.KDD_RUN SET RUN_MSG_TX = :Msg WHERE RUN_ID = 22701
05/21/2026 12:42:36 DEBUG : Thread ID = 140419924297472:  Rule Matcher:   File = TableInstallParameter.cc:  Line = 198:  SELECT a.ATTR_1_CD, a.ATTR_1_VALUE_TX, a.ATTR_2_CD, a.ATTR_2_VALUE_TX, a.ATTR_3_CD, a.ATTR_3_VALUE_TX, a.ATTR_4_CD, a.ATTR_4_VALUE_TX, a.ATTR_5_CD, a.ATTR_5_VALUE_TX, a.ATTR_6_CD, a.ATTR_6_VALUE_TX, a.ATTR_7_CD, a.ATTR_7_VALUE_TX, a.ATTR_8_CD, a.ATTR_8_VALUE_TX, a.ATTR_9_CD, a.ATTR_9_VALUE_TX, a.ATTR_10_CD, a.ATTR_10_VALUE_TX, a.ATTR_11_CD, a.ATTR_11_VALUE_TX, a.ATTR_12_CD, a.ATTR_12_VALUE_TX, a.ATTR_13_CD, a.ATTR_13_VALUE_TX, a.ATTR_14_CD, a.ATTR_14_VALUE_TX, a.ATTR_15_CD, a.ATTR_15_VALUE_TX FROM fccmatomic.KDD_INSTALL_PARAM a WHERE a.PARAM_NM = 'DLY'
05/21/2026 12:42:36 DEBUG : Thread ID = 140419924297472:  Rule Matcher:   File = TableInstallParameter.cc:  Line = 198:  SELECT a.ATTR_1_CD, a.ATTR_1_VALUE_TX, a.ATTR_2_CD, a.ATTR_2_VALUE_TX, a.ATTR_3_CD, a.ATTR_3_VALUE_TX, a.ATTR_4_CD, a.ATTR_4_VALUE_TX, a.ATTR_5_CD, a.ATTR_5_VALUE_TX, a.ATTR_6_CD, a.ATTR_6_VALUE_TX, a.ATTR_7_CD, a.ATTR_7_VALUE_TX, a.ATTR_8_CD, a.ATTR_8_VALUE_TX, a.ATTR_9_CD, a.ATTR_9_VALUE_TX, a.ATTR_10_CD, a.ATTR_10_VALUE_TX, a.ATTR_11_CD, a.ATTR_11_VALUE_TX, a.ATTR_12_CD, a.ATTR_12_VALUE_TX, a.ATTR_13_CD, a.ATTR_13_VALUE_TX, a.ATTR_14_CD, a.ATTR_14_VALUE_TX, a.ATTR_15_CD, a.ATTR_15_VALUE_TX FROM fccmatomic.KDD_INSTALL_PARAM a WHERE a.PARAM_NM = 'RMT_ROLES'
05/21/2026 12:42:36 INFO : Thread ID = 140419924297472:  Rule Matcher:   File = RuleMatcher.cc:  Line = 273:  Beginning Processing Primary Rule: 
  Job: 102281
  Run: 22701
  Pattern: 114697025
  Dataset: 114690543
  Focus Type: ACCOUNT
  Focal Attribute: PRMRY_NODE 
05/21/2026 12:42:36 DEBUG : Thread ID = 140419924297472:  Rule Matcher:   File = UtilityFunctions.cc:  Line = 497:  alter session enable parallel query
05/21/2026 12:42:36 DEBUG : Thread ID = 140419924297472:  Rule Matcher:   File = UtilityFunctions.cc:  Line = 522:  alter session enable parallel dml
05/21/2026 12:42:36 DEBUG : Thread ID = 140419924297472:  Rule Matcher:   File = dscursor.cc:  Line = 1161:  Found a reference to a dataset.  Calling getDatasetSql to resolve thresholds.  Id = 114690543 
05/21/2026 12:42:36 DEBUG : Thread ID = 140419924297472:  Rule Matcher:   File = dscursor.cc:  Line = 1282:  Found a reference to a dataset.  Recursively calling getDatasetSql to resolve thresholds.  Id = 114699753 
05/21/2026 12:42:36 DEBUG : Thread ID = 140419924297472:  Rule Matcher:   File = dscursor.cc:  Line = 1296:  After expansion, sql = --Bug18966229 
With Prmry_Node as
(select p.ntwrk_id, p.prmry_node
 from (select n.Ntwrk_Id, n.Link_Ct, min(k.node_bus_id) as Prmry_Node, 
        row_number() over (partition by n.ntwrk_id order by n.link_ct desc,  min(k.node_bus_id) asc) row_num
from 
                (select ntwrk_id, node_id, count(1) link_ct
                        from
                            (select  lts.first_node_id node_id, nw.ntwrk_id 
                             from 
                                  fccmatomic.KDD_link_type_summary lts 
                                  inner join fccmatomic.KDD_ntwrk nw on nw.ntwrk_id=lts.ntwrk_id
                                  inner join fccmatomic.KDD_link_anlys_ntwrk_defn def on def.ntwrk_defn_id=nw.ntwrk_defn_id
                             where
                                  def.ntwrk_defn_nm= 'ML_NETACENCU_NTWRK' 
                              and trunc(nw.creat_ts) = (select trunc(cal.clndr_dt) from fccmatomic.KDD_cal cal where cal.clndr_nm = 'SYSCAL' and cal.clndr_day_age = 0)
                              -- batch name verification
                               and 
                               ((@Include_Batch_Verification = 'Y' and nw.PRCSNG_BATCH_NM = (select prcsng_batch_nm from fccmatomic.KDD_prcsng_batch_control))
                                 OR       
                                (@Include_Batch_Verification = 'N')
                                ) 
                              
                              UNION ALL
                              select lts.scnd_node_id node_id, nw.ntwrk_id 
                              from 
                                  fccmatomic.KDD_link_type_summary lts 
                                  inner join fccmatomic.KDD_ntwrk nw on nw.ntwrk_id=lts.ntwrk_id
                                  inner join fccmatomic.KDD_link_anlys_ntwrk_defn def on def.ntwrk_defn_id=nw.ntwrk_defn_id
                              where
                                  def.ntwrk_defn_nm= 'ML_NETACENCU_NTWRK' 
                              and trunc(nw.creat_ts) = (select trunc(cal.clndr_dt) from fccmatomic.KDD_cal cal where cal.clndr_nm = 'SYSCAL' and cal.clndr_day_age = 0)
                              -- batch name verification
                              and 
                               ((@Include_Batch_Verification = 'Y' and nw.PRCSNG_BATCH_NM = (select prcsng_batch_nm from fccmatomic.KDD_prcsng_batch_control))
                                 OR       
                                (@Include_Batch_Verification = 'N')
                                )                               
                              
                        )
                        group by ntwrk_id,node_id
                       ) n,
                        fccmatomic.KDD_NODE k,
                        fccmatomic.KDD_link_anlys_type_cd t 
                        where n.node_id = k.node_id
                        and t.TYPE_ID = k.NODE_TYPE_CD
                        and t.type_nm = 'ACCOUNT'
group by  n.ntwrk_id, n.link_ct
 ) p ---ML_NetAcEnCu_Ntwrk_PrmryNode
 where p.row_num = 1),
 
Ntwrk_Vw AS (
SELECT nw.*
FROM
    kdd_ntwrk nw
WHERE
    trunc(nw.creat_ts) = (SELECT trunc(c.clndr_dt) FROM kdd_cal c
                          WHERE c.clndr_day_age = 0 AND c.clndr_nm = 'SYSCAL'
    )
 --Number of Nodes in the Entire Network >= Min Node Ct and Number of Nodes in the Entire Network <= Max Node Ct
   and nw.node_ct between @Min_Node_Ct and @Max_Node_Ct
 --Number of links in the Entire Network >= Min Link Ct and Number of links in the Entire Network <= Max Link Ct
   and nw.link_ct between @Min_Link_Ct and @Max_Link_Ct
),

Node_Vw AS (
SELECT nd.ntwrk_id
FROM kdd_node nd
    INNER JOIN kdd_link_anlys_type_cd lt ON lt.type_id = nd.node_type_cd AND lt.type_nm = 'ACCOUNT'
    INNER JOIN acct a ON nd.node_bus_id = a.acct_intrl_id
    INNER JOIN ntwrk_vw netw ON netw.ntwrk_id = nd.ntwrk_id
WHERE
    a.mantas_acct_holdr_type_cd = 'CR'
    AND a.acct_efctv_risk_nb <> - 2
GROUP BY
    nd.ntwrk_id
HAVING
    --Number of households in the Entire Network >= Min Household Ct 
	COUNT(DISTINCT coalesce(a.hh_acct_grp_id, 'NULL')) >= @Min_Household_Ct
	--37095735  Number of Nodes in the Entire Network <= Max Node Ct
	and count(node_id) <= @Max_Node_Ct	
), 

Link_Vw AS (
SELECT
    SUM(ls.tot_link_ct)     trans_ct,
    SUM(ls.tot_link_weight) total_trans_am,
    ls.ntwrk_id
FROM
    kdd_link_type_summary ls
    INNER JOIN kdd_link_anlys_type_cd t ON t.type_id = ls.link_type_cd
    INNER JOIN (
        SELECT DISTINCT MAX(lk.link_ts)
            OVER(PARTITION BY lk.ntwrk_id) link_ts,
            lk.ntwrk_id
        FROM
            kdd_link lk
            INNER JOIN ntwrk_vw netw ON netw.ntwrk_id = lk.ntwrk_id
        WHERE
            lk.link_type_cd IN ( 116000007, 116000006 )--'JOURNALS', 'WIRES'

    ) l ON ls.ntwrk_id = l.ntwrk_id
WHERE
    t.type_nm IN ( 'JOURNALS', 'WIRES' )
AND (TRUNC(l.link_ts) > (SELECT TRUNC(add_days(c.clndr_dt, - 7))
        FROM kdd_cal c WHERE c.clndr_day_age = 0 AND c.clndr_nm = 'SYSCAL')
    OR
--This parameter allows generate alert for common attributes without verification at least one transaction in the frequency period.
    @Common_Attr_Fl = 'Y' )
GROUP BY
    ls.ntwrk_id
HAVING
	--37095735 Number of links in the Entire Network <= Max Link Ct
	sum(ls.tot_link_ct) <= @Max_Link_Ct 
	
),

Trans_Node_Vw AS (
SELECT
    n.ntwrk_id,
    COUNT(1) AS trxn_node_ct
FROM
    kdd_node n
    INNER JOIN ntwrk_vw nw ON nw.ntwrk_id = n.ntwrk_id
WHERE
    n.node_total_measure IS NOT NULL
GROUP BY
    n.ntwrk_id
HAVING 
	--37095735 Number of Nodes in the Entire Network <= Max Node Ct
	count(n.node_id) <= @Max_Node_Ct
)


SELECT /*+ parallel(8)*/
    nt.ntwrk_id
  , pn.prmry_node    
  , nt.node_ct  
  , nt.link_ct
  , tr.trans_ct
  , tr.total_trans_am  
  , nt.avg_link_wt 
  , nt.max_link_wt 
  , nt.link_summary_ct 
  , tn.trxn_node_ct
FROM 
    Ntwrk_Vw nt
    inner join  fccmatomic.KDD_LINK_ANLYS_NTWRK_DEFN def 
        on def.ntwrk_defn_id = nt.ntwrk_defn_id and def.ntwrk_defn_nm='ML_NETACENCU_NTWRK'
    inner join Prmry_Node pn on pn.ntwrk_id = nt.ntwrk_id 
    inner join Node_Vw hh on nt.ntwrk_id=hh.ntwrk_id  
    inner join Link_Vw tr on tr.ntwrk_id = nt.ntwrk_id   
  -- PR 44388 starts
    inner join Trans_Node_Vw  tn     on nt.ntwrk_id = tn.ntwrk_id
  -- PR 44388 ends         
WHERE 
     --Number of transactions in the Entire Network >= Min Trans Ct
       tr.trans_ct >= @Min_Trans_Ct
     --Total amount of transactions in the Entire Network >= Min Trans Am
   and tr.total_trans_am >= @Min_Trans_Am
   and tn.trxn_node_ct >= @Min_Trans_Nodes -- PR 44388
   -- batch name verification
   and 
   ((@Include_Batch_Verification = 'Y' and nt.PRCSNG_BATCH_NM = (select prcsng_batch_nm from fccmatomic.KDD_prcsng_batch_control))
     OR       
      (@Include_Batch_Verification = 'N')
    ) 
05/21/2026 12:42:36 DEBUG : Thread ID = 140419924297472:  Rule Matcher:   File = dscursor.cc:  Line = 1175:  After expansion, sql = SELECT ot.NTWRK_ID, ot.NODE_CT, ot.AVG_LINK_WT, ot.MAX_LINK_WT, ot.PRMRY_NODE, ot.TRXN_NODE_CT, ot.TOTAL_TRANS_AM, ot.TRANS_CT, ot.LINK_CT, ot.LINK_SUMMARY_CT FROM (--Bug18966229 
With Prmry_Node as
(select p.ntwrk_id, p.prmry_node
 from (select n.Ntwrk_Id, n.Link_Ct, min(k.node_bus_id) as Prmry_Node, 
        row_number() over (partition by n.ntwrk_id order by n.link_ct desc,  min(k.node_bus_id) asc) row_num
from 
                (select ntwrk_id, node_id, count(1) link_ct
                        from
                            (select  lts.first_node_id node_id, nw.ntwrk_id 
                             from 
                                  fccmatomic.KDD_link_type_summary lts 
                                  inner join fccmatomic.KDD_ntwrk nw on nw.ntwrk_id=lts.ntwrk_id
                                  inner join fccmatomic.KDD_link_anlys_ntwrk_defn def on def.ntwrk_defn_id=nw.ntwrk_defn_id
                             where
                                  def.ntwrk_defn_nm= 'ML_NETACENCU_NTWRK' 
                              and trunc(nw.creat_ts) = (select trunc(cal.clndr_dt) from fccmatomic.KDD_cal cal where cal.clndr_nm = 'SYSCAL' and cal.clndr_day_age = 0)
                              -- batch name verification
                               and 
                               ((@Include_Batch_Verification = 'Y' and nw.PRCSNG_BATCH_NM = (select prcsng_batch_nm from fccmatomic.KDD_prcsng_batch_control))
                                 OR       
                                (@Include_Batch_Verification = 'N')
                                ) 
                              
                              UNION ALL
                              select lts.scnd_node_id node_id, nw.ntwrk_id 
                              from 
                                  fccmatomic.KDD_link_type_summary lts 
                                  inner join fccmatomic.KDD_ntwrk nw on nw.ntwrk_id=lts.ntwrk_id
                                  inner join fccmatomic.KDD_link_anlys_ntwrk_defn def on def.ntwrk_defn_id=nw.ntwrk_defn_id
                              where
                                  def.ntwrk_defn_nm= 'ML_NETACENCU_NTWRK' 
                              and trunc(nw.creat_ts) = (select trunc(cal.clndr_dt) from fccmatomic.KDD_cal cal where cal.clndr_nm = 'SYSCAL' and cal.clndr_day_age = 0)
                              -- batch name verification
                              and 
                               ((@Include_Batch_Verification = 'Y' and nw.PRCSNG_BATCH_NM = (select prcsng_batch_nm from fccmatomic.KDD_prcsng_batch_control))
                                 OR       
                                (@Include_Batch_Verification = 'N')
                                )                               
                              
                        )
                        group by ntwrk_id,node_id
                       ) n,
                        fccmatomic.KDD_NODE k,
                        fccmatomic.KDD_link_anlys_type_cd t 
                        where n.node_id = k.node_id
                        and t.TYPE_ID = k.NODE_TYPE_CD
                        and t.type_nm = 'ACCOUNT'
group by  n.ntwrk_id, n.link_ct
 ) p ---ML_NetAcEnCu_Ntwrk_PrmryNode
 where p.row_num = 1),
 
Ntwrk_Vw AS (
SELECT nw.*
FROM
    kdd_ntwrk nw
WHERE
    trunc(nw.creat_ts) = (SELECT trunc(c.clndr_dt) FROM kdd_cal c
                          WHERE c.clndr_day_age = 0 AND c.clndr_nm = 'SYSCAL'
    )
 --Number of Nodes in the Entire Network >= Min Node Ct and Number of Nodes in the Entire Network <= Max Node Ct
   and nw.node_ct between @Min_Node_Ct and @Max_Node_Ct
 --Number of links in the Entire Network >= Min Link Ct and Number of links in the Entire Network <= Max Link Ct
   and nw.link_ct between @Min_Link_Ct and @Max_Link_Ct
),

Node_Vw AS (
SELECT nd.ntwrk_id
FROM kdd_node nd
    INNER JOIN kdd_link_anlys_type_cd lt ON lt.type_id = nd.node_type_cd AND lt.type_nm = 'ACCOUNT'
    INNER JOIN acct a ON nd.node_bus_id = a.acct_intrl_id
    INNER JOIN ntwrk_vw netw ON netw.ntwrk_id = nd.ntwrk_id
WHERE
    a.mantas_acct_holdr_type_cd = 'CR'
    AND a.acct_efctv_risk_nb <> - 2
GROUP BY
    nd.ntwrk_id
HAVING
    --Number of households in the Entire Network >= Min Household Ct 
	COUNT(DISTINCT coalesce(a.hh_acct_grp_id, 'NULL')) >= @Min_Household_Ct
	--37095735  Number of Nodes in the Entire Network <= Max Node Ct
	and count(node_id) <= @Max_Node_Ct	
), 

Link_Vw AS (
SELECT
    SUM(ls.tot_link_ct)     trans_ct,
    SUM(ls.tot_link_weight) total_trans_am,
    ls.ntwrk_id
FROM
    kdd_link_type_summary ls
    INNER JOIN kdd_link_anlys_type_cd t ON t.type_id = ls.link_type_cd
    INNER JOIN (
        SELECT DISTINCT MAX(lk.link_ts)
            OVER(PARTITION BY lk.ntwrk_id) link_ts,
            lk.ntwrk_id
        FROM
            kdd_link lk
            INNER JOIN ntwrk_vw netw ON netw.ntwrk_id = lk.ntwrk_id
        WHERE
            lk.link_type_cd IN ( 116000007, 116000006 )--'JOURNALS', 'WIRES'

    ) l ON ls.ntwrk_id = l.ntwrk_id
WHERE
    t.type_nm IN ( 'JOURNALS', 'WIRES' )
AND (TRUNC(l.link_ts) > (SELECT TRUNC(add_days(c.clndr_dt, - 7))
        FROM kdd_cal c WHERE c.clndr_day_age = 0 AND c.clndr_nm = 'SYSCAL')
    OR
--This parameter allows generate alert for common attributes without verification at least one transaction in the frequency period.
    @Common_Attr_Fl = 'Y' )
GROUP BY
    ls.ntwrk_id
HAVING
	--37095735 Number of links in the Entire Network <= Max Link Ct
	sum(ls.tot_link_ct) <= @Max_Link_Ct 
	
),

Trans_Node_Vw AS (
SELECT
    n.ntwrk_id,
    COUNT(1) AS trxn_node_ct
FROM
    kdd_node n
    INNER JOIN ntwrk_vw nw ON nw.ntwrk_id = n.ntwrk_id
WHERE
    n.node_total_measure IS NOT NULL
GROUP BY
    n.ntwrk_id
HAVING 
	--37095735 Number of Nodes in the Entire Network <= Max Node Ct
	count(n.node_id) <= @Max_Node_Ct
)


SELECT /*+ parallel(8)*/
    nt.ntwrk_id
  , pn.prmry_node    
  , nt.node_ct  
  , nt.link_ct
  , tr.trans_ct
  , tr.total_trans_am  
  , nt.avg_link_wt 
  , nt.max_link_wt 
  , nt.link_summary_ct 
  , tn.trxn_node_ct
FROM 
    Ntwrk_Vw nt
    inner join  fccmatomic.KDD_LINK_ANLYS_NTWRK_DEFN def 
        on def.ntwrk_defn_id = nt.ntwrk_defn_id and def.ntwrk_defn_nm='ML_NETACENCU_NTWRK'
    inner join Prmry_Node pn on pn.ntwrk_id = nt.ntwrk_id 
    inner join Node_Vw hh on nt.ntwrk_id=hh.ntwrk_id  
    inner join Link_Vw tr on tr.ntwrk_id = nt.ntwrk_id   
  -- PR 44388 starts
    inner join Trans_Node_Vw  tn     on nt.ntwrk_id = tn.ntwrk_id
  -- PR 44388 ends         
WHERE 
     --Number of transactions in the Entire Network >= Min Trans Ct
       tr.trans_ct >= @Min_Trans_Ct
     --Total amount of transactions in the Entire Network >= Min Trans Am
   and tr.total_trans_am >= @Min_Trans_Am
   and tn.trxn_node_ct >= @Min_Trans_Nodes -- PR 44388
   -- batch name verification
   and 
   ((@Include_Batch_Verification = 'Y' and nt.PRCSNG_BATCH_NM = (select prcsng_batch_nm from fccmatomic.KDD_prcsng_batch_control))
     OR       
      (@Include_Batch_Verification = 'N')
    )
 ) ot ORDER BY ot.NTWRK_ID 
05/21/2026 12:42:36 DEBUG : Thread ID = 140419924297472:  Rule Matcher:   File = dscursor.cc:  Line = 748:  Preparing to select from dataset 114690543 
05/21/2026 12:42:36 DEBUG : Thread ID = 140419924297472:  Rule Matcher:   File = dscursor.cc:  Line = 754:  SELECT  ot.NTWRK_ID, ot.NODE_CT, ot.AVG_LINK_WT, ot.MAX_LINK_WT, ot.PRMRY_NODE, ot.TRXN_NODE_CT, ot.TOTAL_TRANS_AM, ot.TRANS_CT, ot.LINK_CT, ot.LINK_SUMMARY_CT FROM (--Bug18966229 
With Prmry_Node as
(select p.ntwrk_id, p.prmry_node
 from (select n.Ntwrk_Id, n.Link_Ct, min(k.node_bus_id) as Prmry_Node, 
        row_number() over (partition by n.ntwrk_id order by n.link_ct desc,  min(k.node_bus_id) asc) row_num
from 
                (select ntwrk_id, node_id, count(1) link_ct
                        from
                            (select  lts.first_node_id node_id, nw.ntwrk_id 
                             from 
                                  fccmatomic.KDD_link_type_summary lts 
                                  inner join fccmatomic.KDD_ntwrk nw on nw.ntwrk_id=lts.ntwrk_id
                                  inner join fccmatomic.KDD_link_anlys_ntwrk_defn def on def.ntwrk_defn_id=nw.ntwrk_defn_id
                             where
                                  def.ntwrk_defn_nm= 'ML_NETACENCU_NTWRK' 
                              and trunc(nw.creat_ts) = (select trunc(cal.clndr_dt) from fccmatomic.KDD_cal cal where cal.clndr_nm = 'SYSCAL' and cal.clndr_day_age = 0)
                              -- batch name verification
                               and 
                               (('Y' = 'Y' and nw.PRCSNG_BATCH_NM = (select prcsng_batch_nm from fccmatomic.KDD_prcsng_batch_control))
                                 OR       
                                ('Y' = 'N')
                                ) 
                              
                              UNION ALL
                              select lts.scnd_node_id node_id, nw.ntwrk_id 
                              from 
                                  fccmatomic.KDD_link_type_summary lts 
                                  inner join fccmatomic.KDD_ntwrk nw on nw.ntwrk_id=lts.ntwrk_id
                                  inner join fccmatomic.KDD_link_anlys_ntwrk_defn def on def.ntwrk_defn_id=nw.ntwrk_defn_id
                              where
                                  def.ntwrk_defn_nm= 'ML_NETACENCU_NTWRK' 
                              and trunc(nw.creat_ts) = (select trunc(cal.clndr_dt) from fccmatomic.KDD_cal cal where cal.clndr_nm = 'SYSCAL' and cal.clndr_day_age = 0)
                              -- batch name verification
                              and 
                               (('Y' = 'Y' and nw.PRCSNG_BATCH_NM = (select prcsng_batch_nm from fccmatomic.KDD_prcsng_batch_control))
                                 OR       
                                ('Y' = 'N')
                                )                               
                              
                        )
                        group by ntwrk_id,node_id
                       ) n,
                        fccmatomic.KDD_NODE k,
                        fccmatomic.KDD_link_anlys_type_cd t 
                        where n.node_id = k.node_id
                        and t.TYPE_ID = k.NODE_TYPE_CD
                        and t.type_nm = 'ACCOUNT'
group by  n.ntwrk_id, n.link_ct
 ) p ---ML_NetAcEnCu_Ntwrk_PrmryNode
 where p.row_num = 1),
 
Ntwrk_Vw AS (
SELECT nw.*
FROM
    kdd_ntwrk nw
WHERE
    trunc(nw.creat_ts) = (SELECT trunc(c.clndr_dt) FROM kdd_cal c
                          WHERE c.clndr_day_age = 0 AND c.clndr_nm = 'SYSCAL'
    )
 --Number of Nodes in the Entire Network >= Min Node Ct and Number of Nodes in the Entire Network <= Max Node Ct
   and nw.node_ct between 3 and 50
 --Number of links in the Entire Network >= Min Link Ct and Number of links in the Entire Network <= Max Link Ct
   and nw.link_ct between 2 and 100
),

Node_Vw AS (
SELECT nd.ntwrk_id
FROM kdd_node nd
    INNER JOIN kdd_link_anlys_type_cd lt ON lt.type_id = nd.node_type_cd AND lt.type_nm = 'ACCOUNT'
    INNER JOIN acct a ON nd.node_bus_id = a.acct_intrl_id
    INNER JOIN ntwrk_vw netw ON netw.ntwrk_id = nd.ntwrk_id
WHERE
    a.mantas_acct_holdr_type_cd = 'CR'
    AND a.acct_efctv_risk_nb <> - 2
GROUP BY
    nd.ntwrk_id
HAVING
    --Number of households in the Entire Network >= Min Household Ct 
	COUNT(DISTINCT coalesce(a.hh_acct_grp_id, 'NULL')) >= 3
	--37095735  Number of Nodes in the Entire Network <= Max Node Ct
	and count(node_id) <= 50	
), 

Link_Vw AS (
SELECT
    SUM(ls.tot_link_ct)     trans_ct,
    SUM(ls.tot_link_weight) total_trans_am,
    ls.ntwrk_id
FROM
    kdd_link_type_summary ls
    INNER JOIN kdd_link_anlys_type_cd t ON t.type_id = ls.link_type_cd
    INNER JOIN (
        SELECT DISTINCT MAX(lk.link_ts)
            OVER(PARTITION BY lk.ntwrk_id) link_ts,
            lk.ntwrk_id
        FROM
            kdd_link lk
            INNER JOIN ntwrk_vw netw ON netw.ntwrk_id = lk.ntwrk_id
        WHERE
            lk.link_type_cd IN ( 116000007, 116000006 )--'JOURNALS', 'WIRES'

    ) l ON ls.ntwrk_id = l.ntwrk_id
WHERE
    t.type_nm IN ( 'JOURNALS', 'WIRES' )
AND (TRUNC(l.link_ts) > (SELECT TRUNC(add_days(c.clndr_dt, - 7))
        FROM kdd_cal c WHERE c.clndr_day_age = 0 AND c.clndr_nm = 'SYSCAL')
    OR
--This parameter allows generate alert for common attributes without verification at least one transaction in the frequency period.
    'N' = 'Y' )
GROUP BY
    ls.ntwrk_id
HAVING
	--37095735 Number of links in the Entire Network <= Max Link Ct
	sum(ls.tot_link_ct) <= 100 
	
),

Trans_Node_Vw AS (
SELECT
    n.ntwrk_id,
    COUNT(1) AS trxn_node_ct
FROM
    kdd_node n
    INNER JOIN ntwrk_vw nw ON nw.ntwrk_id = n.ntwrk_id
WHERE
    n.node_total_measure IS NOT NULL
GROUP BY
    n.ntwrk_id
HAVING 
	--37095735 Number of Nodes in the Entire Network <= Max Node Ct
	count(n.node_id) <= 50
)


SELECT /*+ parallel(8)*/
    nt.ntwrk_id
  , pn.prmry_node    
  , nt.node_ct  
  , nt.link_ct
  , tr.trans_ct
  , tr.total_trans_am  
  , nt.avg_link_wt 
  , nt.max_link_wt 
  , nt.link_summary_ct 
  , tn.trxn_node_ct
FROM 
    Ntwrk_Vw nt
    inner join  fccmatomic.KDD_LINK_ANLYS_NTWRK_DEFN def 
        on def.ntwrk_defn_id = nt.ntwrk_defn_id and def.ntwrk_defn_nm='ML_NETACENCU_NTWRK'
    inner join Prmry_Node pn on pn.ntwrk_id = nt.ntwrk_id 
    inner join Node_Vw hh on nt.ntwrk_id=hh.ntwrk_id  
    inner join Link_Vw tr on tr.ntwrk_id = nt.ntwrk_id   
  -- PR 44388 starts
    inner join Trans_Node_Vw  tn     on nt.ntwrk_id = tn.ntwrk_id
  -- PR 44388 ends         
WHERE 
     --Number of transactions in the Entire Network >= Min Trans Ct
       tr.trans_ct >= 5
     --Total amount of transactions in the Entire Network >= Min Trans Am
   and tr.total_trans_am >= 25000
   and tn.trxn_node_ct >= 1 -- PR 44388
   -- batch name verification
   and 
   (('Y' = 'Y' and nt.PRCSNG_BATCH_NM = (select prcsng_batch_nm from fccmatomic.KDD_prcsng_batch_control))
     OR       
      ('Y' = 'N')
    )
 ) ot ORDER BY ot.NTWRK_ID
05/21/2026 12:42:36 INFO : Thread ID = 140419924297472:  Rule Matcher:   File = RuleMatcher.cc:  Line = 166:  
Run 22701 running against Pattern 114697025 generated 0 matches.
Elapsed time for matching: 00:00:00 
05/21/2026 12:42:36 DEBUG : Thread ID = 140419924297472:  Rule Matcher:   File = runupdater.cc:  Line = 104:  UPDATE fccmatomic.KDD_RUN SET RUN_MSG_TX = :Msg WHERE RUN_ID = 22701
05/21/2026 12:42:36 DEBUG : Thread ID = 140419924297472:  Rule Matcher:   File = runupdater.cc:  Line = 142:  UPDATE fccmatomic.KDD_RUN SET RUN_MSG_TX = :Msg WHERE RUN_ID = 22701
05/21/2026 12:42:36 DEBUG : Thread ID = 140419924297472:  Rule Matcher:   File = runupdater.cc:  Line = 59:  UPDATE fccmatomic.KDD_RUN SET RUN_STATUS_CD = 'FIN' WHERE RUN_ID = 22701
05/21/2026 12:42:36 DEBUG : Thread ID = 140419924297472:  Rule Matcher:   File = runupdater.cc:  Line = 198:  UPDATE fccmatomic.KDD_RUN SET END_TS = TO_DATE('21/05/2026 12:42:36 PM','DD/MM/YYYY HH:MI:SS AM') WHERE RUN_ID = 22701
05/21/2026 12:42:36 DEBUG : Thread ID = 140421800328384:  Rule Matcher:   File = jobupdater.cc:  Line = 57:  UPDATE fccmatomic.KDD_JOB SET STATUS_CD = 'FIN' WHERE JOB_ID = 102281
05/21/2026 12:42:36 INFO : Thread ID = 140421800328384:  Rule Matcher:   File = mantas.cc:  Line = 697:  
mantas: ============================================================
mantas: Exiting job 102281 at Thu May 21 12:42:36 IST 2026 with code 0
mantas: ============================================================
